******************************************************************************
                  TI ARM Linker PC v5.0.4                      
******************************************************************************
>> Linked Thu Apr 30 15:40:12 2015

OUTPUT FILE NAME:   <ECE3849d15_Lab3CAN_Cmrypkema_sdmichelin.out>
ENTRY POINT SYMBOL: "_c_int00"  address: 00004bc5


MEMORY CONFIGURATION

         name            origin    length      used     unused   attr    fill
----------------------  --------  ---------  --------  --------  ----  --------
  FLASH                 00000000   00010000  00008145  00007ebb  R  X
  SRAM                  20000000   00004000  00002914  000016ec  RW X


SEGMENT ALLOCATION MAP

run origin  load origin   length   init length attrs members
----------  ----------- ---------- ----------- ----- -------
00000000    00000000    00008148   00008148    r-x
  00000000    00000000    00000140   00000140    r-- .resetVecs
  00000140    00000140    00005e78   00005e78    r-x .text
  00005fb8    00005fb8    00001d9d   00001d9d    r-- .const
  00007d58    00007d58    000003f0   000003f0    r-- .cinit
20000000    20000000    000022d4   00000000    rw-
  20000000    20000000    00000140   00000000    rw- .vecs
  20000140    20000140    00001994   00000000    rw- .bss
  20001ad4    20001ad4    00000800   00000000    rw- .stack
200022d4    200022d4    00000640   00000640    rw-
  200022d4    200022d4    00000640   00000640    rw- .data


SECTION ALLOCATION MAP

 output                                  attributes/
section   page    origin      length       input sections
--------  ----  ----------  ----------   ----------------
.bootVecs 
*          0    00000000    00000008     DSECT
                  00000000    00000008     boot.aem3 : boot.oem3 (.bootVecs)

.resetVecs 
*          0    00000000    00000140     
                  00000000    00000140     app_pem3.oem3 (.resetVecs)

xdc.meta   0    00000000    000000f4     COPY SECTION
                  00000000    000000f4     app_pem3.oem3 (xdc.meta)

.init_array 
*          0    00000000    00000000     UNINITIALIZED

.text      0    00000140    00005e78     
                  00000140    00000424     sysbios.aem3 : BIOS.obj (.text:ti_sysbios_family_arm_m3_Hwi_excDumpRegs__I)
                  00000564    00000340     ti.targets.arm.rtsarm.aem3 : System.oem3 (.text:xdc_runtime_System_doPrint__I)
                  000008a4    000002e4     rtsv7M3_T_le_eabi.lib : trgdrv.obj (.text)
                  00000b88    00000278     sysbios.aem3 : BIOS.obj (.text:ti_sysbios_knl_Semaphore_pend__E)
                  00000e00    0000026c     main.obj (.text)
                  0000106c    00000248     sysbios.aem3 : BIOS.obj (.text:ti_sysbios_heaps_HeapMem_free__E)
                  000012b4    00000234                  : BIOS.obj (.text:ti_sysbios_heaps_HeapMem_alloc__E)
                  000014e8    000001ec                  : BIOS.obj (.text:ti_sysbios_family_arm_m3_Hwi_excHandlerMax__I)
                  000016d4    00000190     driverlib-cm3.lib : can.obj (.text:CANMessageSet)
                  00001864    00000168     sysbios.aem3 : BIOS.obj (.text:ti_sysbios_family_arm_m3_Hwi_excBusFault__I)
                  000019cc    00000154                  : BIOS.obj (.text:ti_sysbios_family_arm_m3_Hwi_excUsageFault__I)
                  00001b20    00000148     driverlib-cm3.lib : can.obj (.text:CANMessageGet)
                  00001c68    00000140     sysbios.aem3 : BIOS.obj (.text:ti_sysbios_family_arm_m3_Hwi_excMemFault__I)
                  00001da8    00000140                  : BIOS.obj (.text:ti_sysbios_knl_Semaphore_post__E)
                  00001ee8    0000013c                  : BIOS.obj (.text:ti_sysbios_heaps_HeapMem_Instance_init__F)
                  00002024    0000013c     ti.targets.arm.rtsarm.aem3 : Error.oem3 (.text:xdc_runtime_Error_raiseX__F)
                  00002160    0000012c                                : LoggerBuf.oem3 (.text:xdc_runtime_LoggerBuf_write8__F)
                  0000228c    00000128     network.obj (.text)
                  000023b4    00000124     sysbios.aem3 : BIOS.obj (.text:ti_sysbios_family_arm_m3_Hwi_dispatchC__I)
                  000024d8    00000120                  : BIOS.obj (.text:ti_sysbios_knl_Clock_workFunc__E)
                  000025f8    0000011c     Boot.aem3 : Boot.oem3 (.text:.bootCodeSection:ti_catalog_arm_cortexm3_lm3init_Boot_sysCtlClockSet)
                  00002714    00000110     sysbios.aem3 : BIOS.obj (.text:ti_sysbios_knl_Swi_run__I)
                  00002824    00000108                  : BIOS.obj (.text:ti_sysbios_knl_Task_exit__E)
                  0000292c    00000104                  : m3_Hwi_asm.obj (.text:ti_sysbios_family_arm_m3_Hwi_dispatch__I)
                  00002a30    00000104     ti.targets.arm.rtsarm.aem3 : Core-mem.oem3 (.text:xdc_runtime_Core_createObject__I)
                  00002b34    000000fc     sysbios.aem3 : BIOS.obj (.text:ti_sysbios_knl_Task_schedule__I)
                  00002c30    000000f8     ti.targets.arm.rtsarm.aem3 : Startup.oem3 (.text:xdc_runtime_Startup_startMods__I)
                  00002d28    000000f8     app_pem3.oem3 (.text:xdc_runtime_System_printfExtend__I)
                  00002e20    000000f4     sysbios.aem3 : BIOS.obj (.text:ti_sysbios_knl_Task_postInit__I)
                  00002f14    000000f4                  : BIOS.obj (.text:ti_sysbios_knl_Task_startCore__E)
                  00003008    000000ec     rtsv7M3_T_le_eabi.lib : dtor_list.obj (.text)
                  000030f4    000000dc     sysbios.aem3 : BIOS.obj (.text:ti_sysbios_family_arm_m3_Hwi_initNVIC__E)
                  000031d0    000000cc     ti.targets.arm.rtsarm.aem3 : LoggerBuf.oem3 (.text:xdc_runtime_LoggerBuf_write4__F)
                  0000329c    000000c8     driverlib-cm3.lib : gpio.obj (.text:GPIOPadConfigSet)
                  00003364    000000c0     sysbios.aem3 : BIOS.obj (.text:ti_sysbios_family_arm_lm3_Timer_startup__E)
                  00003424    000000b8                  : BIOS.obj (.text:ti_sysbios_knl_Task_unblockI__E)
                  000034dc    000000b4                  : BIOS.obj (.text:ti_sysbios_family_arm_m3_Hwi_excHardFault__I)
                  00003590    000000b4                  : BIOS.obj (.text:ti_sysbios_gates_GateMutex_enter__E)
                  00003644    000000b4                  : BIOS.obj (.text:ti_sysbios_knl_Task_checkStacks__E)
                  000036f8    000000b0                  : BIOS.obj (.text:ti_sysbios_family_arm_m3_Hwi_excDebugMon__I)
                  000037a8    000000ac                  : BIOS.obj (.text:ti_sysbios_knl_Swi_schedule__I)
                  00003854    000000a8                  : BIOS.obj (.text:ti_sysbios_knl_Semaphore_Instance_init__F)
                  000038fc    000000a8                  : BIOS.obj (.text:ti_sysbios_knl_Swi_post__E)
                  000039a4    000000a4                  : BIOS.obj (.text:ti_sysbios_family_arm_m3_Hwi_Module_startup__F)
                  00003a48    000000a0     auto_init.aem3 : auto_init.oem3 (.text)
                  00003ae8    000000a0     sysbios.aem3 : BIOS.obj (.text:ti_sysbios_family_arm_lm3_TimestampProvider_get64__E)
                  00003b88    0000009c     rtsv7M3_T_le_eabi.lib : memcpy_t2.obj (.text)
                  00003c24    0000009c     sysbios.aem3 : BIOS.obj (.text:ti_sysbios_knl_Task_blockI__E)
                  00003cc0    0000009a     ti.targets.arm.rtsarm.aem3 : Text.oem3 (.text:xdc_runtime_Text_putSite__F)
                  00003d5a    00000002     sysbios.aem3 : BIOS.obj (.text:ti_sysbios_BIOS_nullFunc__I)
                  00003d5c    00000094     ti.targets.arm.rtsarm.aem3 : Text.oem3 (.text:xdc_runtime_Text_putMod__F)
                  00003df0    00000092     rtsv7M3_T_le_eabi.lib : fs_div_t2.obj (.text)
                  00003e82    00000002     sysbios.aem3 : BIOS.obj (.text:ti_sysbios_gates_GateHwi_Instance_init__F)
                  00003e84    00000090                  : BIOS.obj (.text:ti_sysbios_family_arm_lm3_Timer_initDevice__I)
                  00003f14    0000008c     driverlib-cm3.lib : can.obj (.text:CANBitRateSet)
                  00003fa0    00000080     sysbios.aem3 : BIOS.obj (.text:ti_sysbios_knl_Task_Module_startup__F)
                  00004020    00000080     ti.targets.arm.rtsarm.aem3 : LoggerBuf.oem3 (.text:xdc_runtime_LoggerBuf_setFilterLevel__F)
                  000040a0    0000007c     sysbios.aem3 : BIOS.obj (.text:ti_sysbios_family_arm_lm3_Timer_Module_startup__F)
                  0000411c    0000007a     driverlib-cm3.lib : can.obj (.text:CANInit)
                  00004196    0000007a     rtsv7M3_T_le_eabi.lib : fs_mul_t2.obj (.text)
                  00004210    00000078                           : memset_t2.obj (.text)
                  00004288    00000076     driverlib-cm3.lib : can.obj (.text:CANStatusGet)
                  000042fe    00000002     --HOLE-- [fill = 0]
                  00004300    00000070     sysbios.aem3 : BIOS.obj (.text:ti_sysbios_BIOS_rtsUnlock__I)
                  00004370    00000070     ti.targets.arm.rtsarm.aem3 : Memory.oem3 (.text:xdc_runtime_Memory_alloc__F)
                  000043e0    0000006c                                : Error.oem3 (.text:xdc_runtime_Error_print__F)
                  0000444c    0000006c                                : LoggerBuf.oem3 (.text:xdc_runtime_LoggerBuf_getFilterLevel__F)
                  000044b8    00000066                                : Core-mem.oem3 (.text:xdc_runtime_Core_deleteObject__I)
                  0000451e    00000002     --HOLE-- [fill = 0]
                  00004520    00000064     driverlib-cm3.lib : interrupt.obj (.text:IntDisable)
                  00004584    00000064                       : interrupt.obj (.text:IntEnable)
                  000045e8    00000060     rtsv7M3_T_le_eabi.lib : trgmsg.obj (.text)
                  00004648    00000060     sysbios.aem3 : BIOS.obj (.text:ti_sysbios_family_arm_lm3_TimestampProvider_initTimerHandle__I)
                  000046a8    00000060                  : BIOS.obj (.text:ti_sysbios_knl_Clock_logTick__E)
                  00004708    00000060     app_pem3.oem3 (.text:xdc_runtime_LoggerBuf_Object__create__S)
                  00004768    0000005e     rtsv7M3_T_le_eabi.lib : copy_decompress_rle.obj (.text)
                  000047c6    00000002     --HOLE-- [fill = 0]
                  000047c8    0000005c     sysbios.aem3 : BIOS.obj (.text:ti_sysbios_knl_Swi_restoreHwi__E)
                  00004824    0000005b     ti.targets.arm.rtsarm.aem3 : Text.oem3 (.text:xdc_runtime_Text_putLab__F)
                  0000487f    00000001     --HOLE-- [fill = 0]
                  00004880    00000058     driverlib-cm3.lib : sysctl.obj (.text:SysCtlPeripheralEnable)
                  000048d8    00000050     ti.targets.arm.rtsarm.aem3 : Startup.oem3 (.text:xdc_runtime_Startup_exec__F)
                  00004928    00000050                                : System.oem3 (.text:xdc_runtime_System_formatNum__I)
                  00004978    0000004c     driverlib-cm3.lib : can.obj (.text:CANRegRead)
                  000049c4    0000004c     sysbios.aem3 : m3_TaskSupport_asm.obj (.text:_ti_sysbios_family_arm_m3_TaskSupport_buildTaskStack)
                  00004a10    0000004c     ti.targets.arm.rtsarm.aem3 : Text.oem3 (.text:xdc_runtime_Text_visitRope2__I)
                  00004a5c    00000048     sysbios.aem3 : BIOS.obj (.text:ti_sysbios_family_arm_m3_Hwi_excReserved__I)
                  00004aa4    00000048                  : BIOS.obj (.text:ti_sysbios_heaps_HeapMem_getStats__E)
                  00004aec    00000048                  : BIOS.obj (.text:ti_sysbios_knl_Task_allBlockedFunction__I)
                  00004b34    00000048     ti.targets.arm.rtsarm.aem3 : Assert.oem3 (.text:xdc_runtime_Assert_raise__I)
                  00004b7c    00000048                                : Core-params.oem3 (.text:xdc_runtime_Core_assignParams__I)
                  00004bc4    00000044     boot.aem3 : boot.oem3 (.text)
                  00004c08    00000044     rtsv7M3_T_le_eabi.lib : cpy_tbl.obj (.text)
                  00004c4c    00000044     sysbios.aem3 : BIOS.obj (.text:ti_sysbios_BIOS_errorRaiseHook__I)
                  00004c90    00000044                  : BIOS.obj (.text:ti_sysbios_family_arm_lm3_Timer_enableTimers__I)
                  00004cd4    00000044                  : BIOS.obj (.text:ti_sysbios_family_arm_m3_Hwi_disableInterrupt__E)
                  00004d18    00000044                  : BIOS.obj (.text:ti_sysbios_family_arm_m3_Hwi_enableInterrupt__E)
                  00004d5c    00000044     ti.targets.arm.rtsarm.aem3 : LoggerBuf.oem3 (.text:xdc_runtime_LoggerBuf_filterOutEvent__I)
                  00004da0    00000044                                : SysMin.oem3 (.text:xdc_runtime_SysMin_flush__F)
                  00004de4    00000042     driverlib-cm3.lib : can.obj (.text:CANIntClear)
                  00004e26    00000002     --HOLE-- [fill = 0]
                  00004e28    00000040     rtsv7M3_T_le_eabi.lib : exit.obj (.text)
                  00004e68    00000040     sysbios.aem3 : BIOS.obj (.text:ti_sysbios_knl_Semaphore_pendTimeout__I)
                  00004ea8    00000040     ti.targets.arm.rtsarm.aem3 : System.oem3 (.text:xdc_runtime_System_atexit__F)
                  00004ee8    0000003c     driverlib-cm3.lib : can.obj (.text:CANDataRegRead)
                  00004f24    0000003c     sysbios.aem3 : BIOS.obj (.text:ti_sysbios_family_arm_m3_Hwi_excSvCall__I)
                  00004f60    0000003c                  : BIOS.obj (.text:ti_sysbios_heaps_HeapMem_init__I)
                  00004f9c    0000003c                  : BIOS.obj (.text:ti_sysbios_knl_Swi_startup__E)
                  00004fd8    0000003c     ti.targets.arm.rtsarm.aem3 : Text.oem3 (.text:xdc_runtime_Text_xprintf__I)
                  00005014    00000038     rtsv7M3_T_le_eabi.lib : fs_toi_t2.obj (.text)
                  0000504c    00000038                           : i_tofs_t2.obj (.text)
                  00005084    00000038     sysbios.aem3 : BIOS.obj (.text:ti_sysbios_family_arm_m3_Hwi_excNoIsr__I)
                  000050bc    00000038                  : BIOS.obj (.text:ti_sysbios_family_arm_m3_Hwi_getStackInfo__E)
                  000050f4    00000038                  : BIOS.obj (.text:ti_sysbios_family_arm_m3_TaskSupport_start__E)
                  0000512c    00000038     app_pem3.oem3 (.text:ti_sysbios_knl_Semaphore_Object__create__S)
                  00005164    00000038     ti.targets.arm.rtsarm.aem3 : LoggerBuf.oem3 (.text:xdc_runtime_LoggerBuf_Instance_init__F)
                  0000519c    00000038                                : SysMin.oem3 (.text:xdc_runtime_SysMin_putch__F)
                  000051d4    00000034     driverlib-cm3.lib : can.obj (.text:CANIntStatus)
                  00005208    00000034     rtsv7M3_T_le_eabi.lib : fs_tou_t2.obj (.text)
                  0000523c    00000034     sysbios.aem3 : BIOS.obj (.text:ti_sysbios_family_arm_m3_Hwi_excNmi__I)
                  00005270    00000034     app_pem3.oem3 (.text:ti_sysbios_gates_GateHwi_Object__create__S)
                  000052a4    00000034     app_pem3.oem3 (.text:ti_sysbios_gates_GateMutex_Object__create__S)
                  000052d8    00000034     sysbios.aem3 : BIOS.obj (.text:ti_sysbios_hal_Hwi_checkStack:ti_sysbios_hal_Hwi_checkStack)
                  0000530c    00000034     app_pem3.oem3 (.text:ti_sysbios_heaps_HeapMem_Object__create__S)
                  00005340    00000034     app_pem3.oem3 (.text:ti_sysbios_knl_Queue_Object__create__S)
                  00005374    00000030     app_pem3.oem3 (.text:ti_sysbios_BIOS_exitFunc__I)
                  000053a4    00000030     sysbios.aem3 : BIOS.obj (.text:ti_sysbios_knl_Idle_run__E)
                  000053d4    00000030     ti.targets.arm.rtsarm.aem3 : Core-label.oem3 (.text:xdc_runtime_Core_assignLabel__I)
                  00005404    00000030                                : SysMin.oem3 (.text:xdc_runtime_SysMin_abort__F)
                  00005434    0000002f                                : Text.oem3 (.text:xdc_runtime_Text_printVisFxn__I)
                  00005463    00000001     --HOLE-- [fill = 0]
                  00005464    0000002e     driverlib-cm3.lib : gpio.obj (.text:GPIODirModeSet)
                  00005492    0000002e     app_pem3.oem3 (.text:malloc)
                  000054c0    0000002c     driverlib-cm3.lib : can.obj (.text:CANDataRegWrite)
                  000054ec    0000002c     sysbios.aem3 : BIOS.obj (.text:ti_sysbios_hal_Hwi_initStack:ti_sysbios_hal_Hwi_initStack)
                  00005518    0000002c     app_pem3.oem3 (.text:ti_sysbios_knl_Clock_doTick__I)
                  00005544    0000002c     sysbios.aem3 : BIOS.obj (.text:ti_sysbios_knl_Task_restore__E)
                  00005570    0000002c     ti.targets.arm.rtsarm.aem3 : System.oem3 (.text:xdc_runtime_System_rtsExit__I)
                  0000559c    0000002c                                : Text.oem3 (.text:xdc_runtime_Text_cordText__F)
                  000055c8    0000002a                                : System.oem3 (.text:xdc_runtime_System_putchar__I)
                  000055f2    00000002     --HOLE-- [fill = 0]
                  000055f4    00000028     driverlib-cm3.lib : can.obj (.text:CANIntNumberGet)
                  0000561c    00000028     sysbios.aem3 : BIOS.obj (.text:ti_sysbios_gates_GateMutex_Instance_init__F)
                  00005644    00000028     ti.targets.arm.rtsarm.aem3 : LoggerBuf.oem3 (.text:xdc_runtime_LoggerBuf_Module_startup__F)
                  0000566c    00000026                                : System.oem3 (.text:xdc_runtime_System_avprintf__F)
                  00005692    00000002     --HOLE-- [fill = 0]
                  00005694    00000024     driverlib-cm3.lib : timer.obj (.text:TimerConfigure)
                  000056b8    00000024     sysbios.aem3 : BIOS.obj (.text:ti_sysbios_BIOS_registerRTSLock__I)
                  000056dc    00000024     app_pem3.oem3 (.text:ti_sysbios_BIOS_startFunc__I)
                  00005700    00000024     sysbios.aem3 : BIOS.obj (.text:ti_sysbios_family_arm_lm3_Timer_isrStub__E)
                  00005724    00000024                  : BIOS.obj (.text:ti_sysbios_family_arm_m3_Hwi_doTaskRestore__I)
                  00005748    00000024     app_pem3.oem3 (.text:ti_sysbios_gates_GateMutex_Object__delete__S)
                  0000576c    00000024     sysbios.aem3 : BIOS.obj (.text:ti_sysbios_knl_Clock_Module_startup__F)
                  00005790    00000024                  : BIOS.obj (.text:ti_sysbios_knl_Swi_Module_startup__F)
                  000057b4    00000024     ti.targets.arm.rtsarm.aem3 : System.oem3 (.text:xdc_runtime_System_vprintf__F)
                  000057d8    00000022     app_pem3.oem3 (.text:xdc_runtime_SysMin_output__I)
                  000057fa    00000002     --HOLE-- [fill = 0]
                  000057fc    00000020     app_pem3.oem3 (.text:ti_sysbios_gates_GateHwi_Object__delete__S)
                  0000581c    00000020     app_pem3.oem3 (.text:ti_sysbios_heaps_HeapMem_Object__delete__S)
                  0000583c    00000020     app_pem3.oem3 (.text:ti_sysbios_knl_Semaphore_Object__destruct__S)
                  0000585c    00000020     sysbios.aem3 : BIOS.obj (.text:ti_sysbios_knl_Task_enter__I)
                  0000587c    00000020     app_pem3.oem3 (.text:xdc_runtime_LoggerBuf_Object__delete__S)
                  0000589c    00000020     ti.targets.arm.rtsarm.aem3 : LoggerBuf.oem3 (.text:xdc_runtime_LoggerBuf_reset__F)
                  000058bc    00000020                                : Registry.oem3 (.text:xdc_runtime_Registry_findById__F)
                  000058dc    00000020                                : SysMin.oem3 (.text:xdc_runtime_SysMin_Module_startup__F)
                  000058fc    0000001c     driverlib-cm3.lib : can.obj (.text:CANRegWrite)
                  00005918    0000001c     sysbios.aem3 : BIOS.obj (.text:ti_sysbios_BIOS_rtsLock__I)
                  00005934    0000001c     app_pem3.oem3 (.text:ti_sysbios_knl_Queue_Object__destruct__S)
                  00005950    0000001c     ti.targets.arm.rtsarm.aem3 : Error.oem3 (.text:xdc_runtime_Error_check__F)
                  0000596c    0000001c                                : Memory.oem3 (.text:xdc_runtime_Memory_valloc__F)
                  00005988    0000001c                                : SysMin.oem3 (.text:xdc_runtime_SysMin_exit__F)
                  000059a4    0000001a     app_pem3.oem3 (.text:ti_sysbios_family_arm_m3_Hwi_Handle__label__S)
                  000059be    0000001a     app_pem3.oem3 (.text:ti_sysbios_gates_GateHwi_Handle__label__S)
                  000059d8    0000001a     app_pem3.oem3 (.text:ti_sysbios_gates_GateMutex_Handle__label__S)
                  000059f2    0000001a     app_pem3.oem3 (.text:ti_sysbios_heaps_HeapMem_Handle__label__S)
                  00005a0c    0000001a     app_pem3.oem3 (.text:ti_sysbios_knl_Swi_Handle__label__S)
                  00005a26    0000001a     app_pem3.oem3 (.text:ti_sysbios_knl_Task_Handle__label__S)
                  00005a40    0000001a     app_pem3.oem3 (.text:xdc_runtime_LoggerBuf_Handle__label__S)
                  00005a5a    0000001a     app_pem3.oem3 (.text:xdc_runtime_System_aprintf__E)
                  00005a74    0000001a     app_pem3.oem3 (.text:xdc_runtime_System_printf__E)
                  00005a8e    00000018     sysbios.aem3 : m3_Hwi_asm_switch.obj (.text:_ti_sysbios_family_arm_m3_Hwi_initStacks__E)
                  00005aa6    00000018     app_pem3.oem3 (.text:free)
                  00005abe    00000002     --HOLE-- [fill = 0]
                  00005ac0    00000018     rtsv7M3_T_le_eabi.lib : args_main.obj (.text)
                  00005ad8    00000018     app_pem3.oem3 (.text:ti_sysbios_family_arm_lm3_Timer_Module__startupDone__F)
                  00005af0    00000018     app_pem3.oem3 (.text:ti_sysbios_family_arm_m3_Hwi_Module__startupDone__F)
                  00005b08    00000018     sysbios.aem3 : BIOS.obj (.text:ti_sysbios_gates_GateMutex_leave__E)
                  00005b20    00000018     app_pem3.oem3 (.text:ti_sysbios_hal_Timer_Module__startupDone__F)
                  00005b38    00000018     ti.targets.arm.rtsarm.aem3 : Text.oem3 (.text:xdc_runtime_Text_ropeText__F)
                  00005b50    00000016     driverlib-cm3.lib : can.obj (.text:CANIntEnable)
                  00005b66    00000014                       : can.obj (.text:CANEnable)
                  00005b7a    00000002     --HOLE-- [fill = 0]
                  00005b7c    00000014                       : timer.obj (.text:TimerDisable)
                  00005b90    00000014     rtsv7M3_T_le_eabi.lib : _lock.obj (.text)
                  00005ba4    00000014                           : strlen.obj (.text)
                  00005bb8    00000014     sysbios.aem3 : BIOS.obj (.text:ti_sysbios_family_arm_m3_Hwi_switchFromBootStack__E)
                  00005bcc    00000014     app_pem3.oem3 (.text:ti_sysbios_heaps_HeapMem_Object__get__S)
                  00005be0    00000014     app_pem3.oem3 (.text:ti_sysbios_knl_Swi_Object__get__S)
                  00005bf4    00000014     ti.targets.arm.rtsarm.aem3 : LoggerBuf.oem3 (.text:xdc_runtime_LoggerBuf_Instance_finalize__F)
                  00005c08    00000014     app_pem3.oem3 (.text:xdc_runtime_LoggerBuf_Object__get__S)
                  00005c1c    00000014     ti.targets.arm.rtsarm.aem3 : LoggerBuf.oem3 (.text:xdc_runtime_LoggerBuf_write2__F)
                  00005c30    00000014                                : System.oem3 (.text:xdc_runtime_System_abort__F)
                  00005c44    00000012     driverlib-cm3.lib : gpio.obj (.text:GPIOPinTypeCAN)
                  00005c56    00000012                       : timer.obj (.text:TimerControlEvent)
                  00005c68    00000012                       : timer.obj (.text:TimerLoadSet)
                  00005c7a    00000012     rtsv7M3_T_le_eabi.lib : copy_zero_init.obj (.text:decompress:ZI)
                  00005c8c    00000012                           : strcpy.obj (.text)
                  00005c9e    00000012     sysbios.aem3 : BIOS.obj (.text:ti_sysbios_hal_Hwi_Module_startup__F)
                  00005cb0    00000012                  : BIOS.obj (.text:ti_sysbios_hal_Timer_Module_startup__F)
                  00005cc2    00000012     ti.targets.arm.rtsarm.aem3 : LoggerBuf.oem3 (.text:xdc_runtime_LoggerBuf_write1__F)
                  00005cd4    00000012     app_pem3.oem3 (.text:xdc_runtime_Startup_exec__I)
                  00005ce6    00000010     sysbios.aem3 : m3_TaskSupport_asm.obj (.text:_ti_sysbios_family_arm_m3_TaskSupport_glue)
                  00005cf6    00000010                  : m3_TaskSupport_asm.obj (.text:_ti_sysbios_family_arm_m3_TaskSupport_swap__E)
                  00005d06    00000010                  : m3_Hwi_asm_switch.obj (.text:_ti_sysbios_family_xxx_Hwi_switchToIsrStack)
                  00005d16    00000002     --HOLE-- [fill = 0]
                  00005d18    00000010                  : BIOS.obj (.text:ti_sysbios_BIOS_setThreadType__E)
                  00005d28    00000010                  : BIOS.obj (.text:ti_sysbios_BIOS_start__E)
                  00005d38    00000010                  : BIOS.obj (.text:ti_sysbios_family_arm_m3_Hwi_excHandler__I)
                  00005d48    00000010                  : BIOS.obj (.text:ti_sysbios_gates_GateMutex_Instance_finalize__F)
                  00005d58    00000010                  : BIOS.obj (.text:ti_sysbios_knl_Semaphore_Instance_finalize__F)
                  00005d68    00000010                  : BIOS.obj (.text:ti_sysbios_knl_Swi_disable__E)
                  00005d78    00000010     app_pem3.oem3 (.text:ti_sysbios_knl_Task_Object__get__S)
                  00005d88    00000010     sysbios.aem3 : BIOS.obj (.text:ti_sysbios_knl_Task_disable__E)
                  00005d98    00000010     ti.targets.arm.rtsarm.aem3 : Gate.oem3 (.text:xdc_runtime_Gate_leaveSystem__F)
                  00005da8    00000010                                : LoggerBuf.oem3 (.text:xdc_runtime_LoggerBuf_write0__F)
                  00005db8    00000010                                : Memory.oem3 (.text:xdc_runtime_Memory_free__F)
                  00005dc8    00000010                                : SysMin.oem3 (.text:xdc_runtime_SysMin_ready__F)
                  00005dd8    00000010                                : System.oem3 (.text:xdc_runtime_System_vsnprintf__F)
                  00005de8    00000010     app_pem3.oem3 (.text:xdc_runtime_Text_visitRope__I)
                  00005df8    0000000e     driverlib-cm3.lib : timer.obj (.text:TimerEnable)
                  00005e06    0000000e     rtsv7M3_T_le_eabi.lib : copy_decompress_none.obj (.text:decompress:none)
                  00005e14    0000000e     sysbios.aem3 : BIOS.obj (.text:ti_sysbios_family_arm_m3_TaskSupport_checkStack__E)
                  00005e22    0000000e                  : BIOS.obj (.text:ti_sysbios_knl_Queue_empty__E)
                  00005e30    0000000c     app_pem3.oem3 (.text:.bootCodeSection:ti_catalog_arm_cortexm3_lm3init_Boot_init)
                  00005e3c    0000000c     driverlib-cm3.lib : cpu.obj (.text:CPUcpsid)
                  00005e48    0000000c                       : cpu.obj (.text:CPUcpsie)
                  00005e54    0000000c     sysbios.aem3 : m3_Hwi_asm_switch.obj (.text:_ti_sysbios_family_xxx_Hwi_switchToTaskStack)
                  00005e60    0000000c                  : BIOS.obj (.text:ti_sysbios_gates_GateHwi_enter__E)
                  00005e6c    0000000c     app_pem3.oem3 (.text:ti_sysbios_knl_Queue_Object__get__S)
                  00005e78    0000000c     ti.targets.arm.rtsarm.aem3 : Error.oem3 (.text:xdc_runtime_Error_init__F)
                  00005e84    0000000c                                : Gate.oem3 (.text:xdc_runtime_Gate_enterSystem__F)
                  00005e90    0000000c                                : Memory.oem3 (.text:xdc_runtime_Memory_calloc__F)
                  00005e9c    0000000c                                : Memory.oem3 (.text:xdc_runtime_Memory_getMaxDefaultTypeAlign__F)
                  00005ea8    0000000c                                : System.oem3 (.text:xdc_runtime_System_exit__F)
                  00005eb4    0000000c                                : System.oem3 (.text:xdc_runtime_System_lastFxn__I)
                  00005ec0    0000000a     driverlib-cm3.lib : interrupt.obj (.text:IntMasterDisable)
                  00005eca    0000000a                       : interrupt.obj (.text:IntMasterEnable)
                  00005ed4    0000000a     app_pem3.oem3 (.text:xdc_runtime_IHeap_alloc)
                  00005ede    0000000a     app_pem3.oem3 (.text:xdc_runtime_IHeap_free)
                  00005ee8    0000000a     ti.targets.arm.rtsarm.aem3 : LoggerBuf.oem3 (.text:xdc_runtime_LoggerBuf_disable__F)
                  00005ef2    0000000a                                : LoggerBuf.oem3 (.text:xdc_runtime_LoggerBuf_enable__F)
                  00005efc    00000008     driverlib-cm3.lib : comp.obj (.text:ComparatorConfigure)
                  00005f04    00000008                       : timer.obj (.text:TimerIntEnable)
                  00005f0c    00000008     sysbios.aem3 : BIOS.obj (.text:ti_sysbios_family_arm_m3_Hwi_doSwiRestore__I)
                  00005f14    00000008                  : BIOS.obj (.text:ti_sysbios_family_arm_m3_Hwi_startup__E)
                  00005f1c    00000008                  : BIOS.obj (.text:ti_sysbios_knl_Idle_loop__E)
                  00005f24    00000006     Boot.aem3 : Boot.oem3 (.text)
                  00005f2a    00000006     ti.targets.arm.rtsarm.aem3 : xdc_noinit.oem3 (.text:__xdc__init)
                  00005f30    00000006     rtsv7M3_T_le_eabi.lib : copy_decompress_rle.obj (.text:decompress:rle24)
                  00005f36    00000006     sysbios.aem3 : BIOS.obj (.text:ti_sysbios_family_arm_lm3_TimestampProvider_Module_startup__F)
                  00005f3c    00000006                  : BIOS.obj (.text:ti_sysbios_gates_GateHwi_leave__E)
                  00005f42    00000006                  : BIOS.obj (.text:ti_sysbios_heaps_HeapMem_isBlocking__E)
                  00005f48    00000006                  : BIOS.obj (.text:ti_sysbios_knl_Queue_Instance_init__F)
                  00005f4e    00000006     ti.targets.arm.rtsarm.aem3 : System.oem3 (.text:xdc_runtime_System_Module_startup__F)
                  00005f54    00000004     driverlib-cm3.lib : comp.obj (.text:ComparatorRefSet)
                  00005f58    00000004     app_pem3.oem3 (.text:ti_sysbios_BIOS_RtsGateProxy_enter__E)
                  00005f5c    00000004     app_pem3.oem3 (.text:ti_sysbios_BIOS_RtsGateProxy_leave__E)
                  00005f60    00000004     sysbios.aem3 : BIOS.obj (.text:ti_sysbios_family_arm_lm3_Timer_getPeriod__E)
                  00005f64    00000004     app_pem3.oem3 (.text:ti_sysbios_family_arm_m3_TaskSupport_Module__startupDone__S)
                  00005f68    00000004     sysbios.aem3 : BIOS.obj (.text:ti_sysbios_gates_GateHwi_query__F)
                  00005f6c    00000004                  : BIOS.obj (.text:ti_sysbios_gates_GateMutex_query__F)
                  00005f70    00000004     app_pem3.oem3 (.text:ti_sysbios_hal_Hwi_HwiProxy_Module__startupDone__S)
                  00005f74    00000004     app_pem3.oem3 (.text:ti_sysbios_hal_Timer_TimerProxy_Module__startupDone__S)
                  00005f78    00000004     app_pem3.oem3 (.text:ti_sysbios_hal_Timer_TimerProxy_getPeriod__E)
                  00005f7c    00000004     app_pem3.oem3 (.text:ti_sysbios_heaps_HeapMem_Module_GateProxy_enter__E)
                  00005f80    00000004     app_pem3.oem3 (.text:ti_sysbios_heaps_HeapMem_Module_GateProxy_leave__E)
                  00005f84    00000004     app_pem3.oem3 (.text:ti_sysbios_knl_Task_SupportProxy_Module__startupDone__S)
                  00005f88    00000004     sysbios.aem3 : BIOS.obj (.text:ti_sysbios_knl_Task_startup__E)
                  00005f8c    00000004     ti.targets.arm.rtsarm.aem3 : Error.oem3 (.text:xdc_runtime_Error_getSite__F)
                  00005f90    00000004     app_pem3.oem3 (.text:xdc_runtime_LoggerBuf_Module_GateProxy_enter__E)
                  00005f94    00000004     app_pem3.oem3 (.text:xdc_runtime_LoggerBuf_Module_GateProxy_leave__E)
                  00005f98    00000004     app_pem3.oem3 (.text:xdc_runtime_Memory_HeapProxy_alloc__E)
                  00005f9c    00000004     app_pem3.oem3 (.text:xdc_runtime_Memory_HeapProxy_free__E)
                  00005fa0    00000004     app_pem3.oem3 (.text:xdc_runtime_Startup_reset__I)
                  00005fa4    00000004     app_pem3.oem3 (.text:xdc_runtime_System_Module_GateProxy_enter__E)
                  00005fa8    00000004     app_pem3.oem3 (.text:xdc_runtime_System_Module_GateProxy_leave__E)
                  00005fac    00000004     ti.targets.arm.rtsarm.aem3 : System.oem3 (.text:xdc_runtime_System_aprintf_va__F)
                  00005fb0    00000004                                : System.oem3 (.text:xdc_runtime_System_printf_va__F)
                  00005fb4    00000004     app_pem3.oem3 (.text:xdc_runtime_System_vsnprintf__E)

.const     0    00005fb8    00001d9d     
                  00005fb8    000015f9     app_pem3.oem3 (.const:xdc_runtime_Text_charTab__A)
                  000075b1    00000003     --HOLE-- [fill = 0]
                  000075b4    000000b0     app_pem3.oem3 (.const:xdc_runtime_Text_nodeTab__A)
                  00007664    00000070     driverlib-cm3.lib : interrupt.obj (.const)
                  000076d4    00000050     app_pem3.oem3 (.const:ti_sysbios_family_arm_m3_Hwi_priorities__A)
                  00007724    00000048     app_pem3.oem3 (.const:.string)
                  0000776c    00000040     driverlib-cm3.lib : sysctl.obj (.const)
                  000077ac    0000003c     app_pem3.oem3 (.const:xdc_runtime_LoggerBuf_Module__FXNS__C)
                  000077e8    0000002c     app_pem3.oem3 (.const:xdc_runtime_Startup_sfxnTab__A)
                  00007814    00000028     app_pem3.oem3 (.const:ti_sysbios_heaps_HeapMem_Module__FXNS__C)
                  0000783c    00000024     app_pem3.oem3 (.const:ti_sysbios_gates_GateHwi_Module__FXNS__C)
                  00007860    00000024     app_pem3.oem3 (.const:ti_sysbios_gates_GateMutex_Module__FXNS__C)
                  00007884    00000024     app_pem3.oem3 (.const:ti_sysbios_heaps_HeapMem_Object__PARAMS__C)
                  000078a8    00000024     app_pem3.oem3 (.const:ti_sysbios_knl_Semaphore_Object__PARAMS__C)
                  000078cc    00000024     app_pem3.oem3 (.const:xdc_runtime_LoggerBuf_Object__PARAMS__C)
                  000078f0    00000020     driverlib-cm3.lib : can.obj (.const)
                  00007910    00000020     app_pem3.oem3 (.const:ti_sysbios_gates_GateHwi_Object__DESC__C)
                  00007930    00000020     app_pem3.oem3 (.const:ti_sysbios_gates_GateMutex_Object__DESC__C)
                  00007950    00000020     app_pem3.oem3 (.const:ti_sysbios_heaps_HeapMem_Object__DESC__C)
                  00007970    00000020     app_pem3.oem3 (.const:ti_sysbios_knl_Queue_Object__DESC__C)
                  00007990    00000020     app_pem3.oem3 (.const:ti_sysbios_knl_Semaphore_Object__DESC__C)
                  000079b0    00000020     app_pem3.oem3 (.const:xdc_runtime_LoggerBuf_Object__DESC__C)
                  000079d0    00000018     app_pem3.oem3 (.const:ti_sysbios_gates_GateHwi_Object__PARAMS__C)
                  000079e8    00000018     app_pem3.oem3 (.const:ti_sysbios_gates_GateMutex_Object__PARAMS__C)
                  00007a00    00000018     app_pem3.oem3 (.const:ti_sysbios_knl_Queue_Object__PARAMS__C)
                  00007a18    00000018     app_pem3.oem3 (.const:ti_sysbios_knl_Task_hooks__A)
                  00007a30    00000016     app_pem3.oem3 (.const:xdc_runtime_Startup_sfxnRts__A)
                  00007a46    00000002     --HOLE-- [fill = 0]
                  00007a48    00000014     app_pem3.oem3 (.const:xdc_runtime_Startup_firstFxns__A)
                  00007a5c    00000011     ti.targets.arm.rtsarm.aem3 : System.oem3 (.const)
                  00007a6d    00000003     --HOLE-- [fill = 0]
                  00007a70    00000010     app_pem3.oem3 (.const)
                  00007a80    00000008     app_pem3.oem3 (.const:ti_sysbios_family_arm_m3_Hwi_excHookFuncs__A)
                  00007a88    00000008     app_pem3.oem3 (.const:ti_sysbios_knl_Idle_coreList__C)
                  00007a90    00000008     app_pem3.oem3 (.const:ti_sysbios_knl_Idle_funcList__C)
                  00007a98    00000008     app_pem3.oem3 (.const:ti_sysbios_knl_Task_hooks__C)
                  00007aa0    00000008     app_pem3.oem3 (.const:xdc_runtime_Startup_firstFxns__C)
                  00007aa8    00000008     app_pem3.oem3 (.const:xdc_runtime_Startup_lastFxns__C)
                  00007ab0    00000004     app_pem3.oem3 (.const:ti_sysbios_BIOS_Module__diagsEnabled__C)
                  00007ab4    00000004     app_pem3.oem3 (.const:ti_sysbios_BIOS_Module__diagsIncluded__C)
                  00007ab8    00000004     app_pem3.oem3 (.const:ti_sysbios_BIOS_Module__diagsMask__C)
                  00007abc    00000004     app_pem3.oem3 (.const:ti_sysbios_BIOS_installedErrorHook__C)
                  00007ac0    00000004     app_pem3.oem3 (.const:ti_sysbios_family_arm_lm3_Timer_WRALLOW__C)
                  00007ac4    00000004     app_pem3.oem3 (.const:ti_sysbios_family_arm_lm3_Timer_numTimerDevices__C)
                  00007ac8    00000004     app_pem3.oem3 (.const:ti_sysbios_family_arm_lm3_Timer_startupNeeded__C)
                  00007acc    00000004     app_pem3.oem3 (.const:ti_sysbios_family_arm_lm3_TimestampProvider_Module__diagsEnabled__C)
                  00007ad0    00000004     app_pem3.oem3 (.const:ti_sysbios_family_arm_lm3_TimestampProvider_Module__diagsIncluded__C)
                  00007ad4    00000004     app_pem3.oem3 (.const:ti_sysbios_family_arm_lm3_TimestampProvider_Module__diagsMask__C)
                  00007ad8    00000004     app_pem3.oem3 (.const:ti_sysbios_family_arm_m3_Hwi_E_NMI__C)
                  00007adc    00000004     app_pem3.oem3 (.const:ti_sysbios_family_arm_m3_Hwi_E_busFault__C)
                  00007ae0    00000004     app_pem3.oem3 (.const:ti_sysbios_family_arm_m3_Hwi_E_debugMon__C)
                  00007ae4    00000004     app_pem3.oem3 (.const:ti_sysbios_family_arm_m3_Hwi_E_hardFault__C)
                  00007ae8    00000004     app_pem3.oem3 (.const:ti_sysbios_family_arm_m3_Hwi_E_memFault__C)
                  00007aec    00000004     app_pem3.oem3 (.const:ti_sysbios_family_arm_m3_Hwi_E_noIsr__C)
                  00007af0    00000004     app_pem3.oem3 (.const:ti_sysbios_family_arm_m3_Hwi_E_reserved__C)
                  00007af4    00000004     app_pem3.oem3 (.const:ti_sysbios_family_arm_m3_Hwi_E_svCall__C)
                  00007af8    00000004     app_pem3.oem3 (.const:ti_sysbios_family_arm_m3_Hwi_E_usageFault__C)
                  00007afc    00000004     app_pem3.oem3 (.const:ti_sysbios_family_arm_m3_Hwi_LD_end__C)
                  00007b00    00000004     app_pem3.oem3 (.const:ti_sysbios_family_arm_m3_Hwi_LM_begin__C)
                  00007b04    00000004     app_pem3.oem3 (.const:ti_sysbios_family_arm_m3_Hwi_Module__diagsEnabled__C)
                  00007b08    00000004     app_pem3.oem3 (.const:ti_sysbios_family_arm_m3_Hwi_Module__diagsIncluded__C)
                  00007b0c    00000004     app_pem3.oem3 (.const:ti_sysbios_family_arm_m3_Hwi_Module__diagsMask__C)
                  00007b10    00000004     app_pem3.oem3 (.const:ti_sysbios_family_arm_m3_Hwi_Module__loggerFxn1__C)
                  00007b14    00000004     app_pem3.oem3 (.const:ti_sysbios_family_arm_m3_Hwi_Module__loggerFxn8__C)
                  00007b18    00000004     app_pem3.oem3 (.const:ti_sysbios_family_arm_m3_Hwi_Module__loggerObj__C)
                  00007b1c    00000004     app_pem3.oem3 (.const:ti_sysbios_family_arm_m3_Hwi_NUM_INTERRUPTS__C)
                  00007b20    00000004     app_pem3.oem3 (.const:ti_sysbios_family_arm_m3_Hwi_ccr__C)
                  00007b24    00000004     app_pem3.oem3 (.const:ti_sysbios_family_arm_m3_Hwi_dispatchTable__C)
                  00007b28    00000004     app_pem3.oem3 (.const:ti_sysbios_family_arm_m3_Hwi_excHandlerFunc__C)
                  00007b2c    00000004     app_pem3.oem3 (.const:ti_sysbios_family_arm_m3_Hwi_excHookFuncs__C)
                  00007b30    00000004     app_pem3.oem3 (.const:ti_sysbios_family_arm_m3_Hwi_priGroup__C)
                  00007b34    00000004     app_pem3.oem3 (.const:ti_sysbios_family_arm_m3_Hwi_priorities__C)
                  00007b38    00000004     app_pem3.oem3 (.const:ti_sysbios_gates_GateMutex_A_badContext__C)
                  00007b3c    00000004     app_pem3.oem3 (.const:ti_sysbios_gates_GateMutex_Instance_State_sem__O)
                  00007b40    00000004     app_pem3.oem3 (.const:ti_sysbios_gates_GateMutex_Module__diagsEnabled__C)
                  00007b44    00000004     app_pem3.oem3 (.const:ti_sysbios_gates_GateMutex_Module__diagsIncluded__C)
                  00007b48    00000004     app_pem3.oem3 (.const:ti_sysbios_gates_GateMutex_Module__diagsMask__C)
                  00007b4c    00000004     app_pem3.oem3 (.const:ti_sysbios_hal_Hwi_E_stackOverflow__C)
                  00007b50    00000004     app_pem3.oem3 (.const:ti_sysbios_heaps_HeapMem_A_align__C)
                  00007b54    00000004     app_pem3.oem3 (.const:ti_sysbios_heaps_HeapMem_A_heapSize__C)
                  00007b58    00000004     app_pem3.oem3 (.const:ti_sysbios_heaps_HeapMem_A_invalidFree__C)
                  00007b5c    00000004     app_pem3.oem3 (.const:ti_sysbios_heaps_HeapMem_A_zeroBlock__C)
                  00007b60    00000004     app_pem3.oem3 (.const:ti_sysbios_heaps_HeapMem_E_memory__C)
                  00007b64    00000004     app_pem3.oem3 (.const:ti_sysbios_heaps_HeapMem_Module__diagsEnabled__C)
                  00007b68    00000004     app_pem3.oem3 (.const:ti_sysbios_heaps_HeapMem_Module__diagsIncluded__C)
                  00007b6c    00000004     app_pem3.oem3 (.const:ti_sysbios_heaps_HeapMem_Module__diagsMask__C)
                  00007b70    00000004     app_pem3.oem3 (.const:ti_sysbios_heaps_HeapMem_Module__gateObj__C)
                  00007b74    00000004     app_pem3.oem3 (.const:ti_sysbios_heaps_HeapMem_Object__count__C)
                  00007b78    00000004     app_pem3.oem3 (.const:ti_sysbios_heaps_HeapMem_reqAlign__C)
                  00007b7c    00000004     app_pem3.oem3 (.const:ti_sysbios_knl_Clock_LM_begin__C)
                  00007b80    00000004     app_pem3.oem3 (.const:ti_sysbios_knl_Clock_LM_tick__C)
                  00007b84    00000004     app_pem3.oem3 (.const:ti_sysbios_knl_Clock_LW_delayed__C)
                  00007b88    00000004     app_pem3.oem3 (.const:ti_sysbios_knl_Clock_Module_State_clockQ__O)
                  00007b8c    00000004     app_pem3.oem3 (.const:ti_sysbios_knl_Clock_Module__diagsEnabled__C)
                  00007b90    00000004     app_pem3.oem3 (.const:ti_sysbios_knl_Clock_Module__diagsIncluded__C)
                  00007b94    00000004     app_pem3.oem3 (.const:ti_sysbios_knl_Clock_Module__diagsMask__C)
                  00007b98    00000004     app_pem3.oem3 (.const:ti_sysbios_knl_Clock_Module__loggerFxn1__C)
                  00007b9c    00000004     app_pem3.oem3 (.const:ti_sysbios_knl_Clock_Module__loggerFxn2__C)
                  00007ba0    00000004     app_pem3.oem3 (.const:ti_sysbios_knl_Clock_Module__loggerObj__C)
                  00007ba4    00000004     app_pem3.oem3 (.const:ti_sysbios_knl_Idle_coreList__A)
                  00007ba8    00000004     app_pem3.oem3 (.const:ti_sysbios_knl_Idle_funcList__A)
                  00007bac    00000004     app_pem3.oem3 (.const:ti_sysbios_knl_Semaphore_A_badContext__C)
                  00007bb0    00000004     app_pem3.oem3 (.const:ti_sysbios_knl_Semaphore_A_noEvents__C)
                  00007bb4    00000004     app_pem3.oem3 (.const:ti_sysbios_knl_Semaphore_A_overflow__C)
                  00007bb8    00000004     app_pem3.oem3 (.const:ti_sysbios_knl_Semaphore_A_pendTaskDisabled__C)
                  00007bbc    00000004     app_pem3.oem3 (.const:ti_sysbios_knl_Semaphore_Instance_State_pendQ__O)
                  00007bc0    00000004     app_pem3.oem3 (.const:ti_sysbios_knl_Semaphore_LM_pend__C)
                  00007bc4    00000004     app_pem3.oem3 (.const:ti_sysbios_knl_Semaphore_LM_post__C)
                  00007bc8    00000004     app_pem3.oem3 (.const:ti_sysbios_knl_Semaphore_Module__diagsEnabled__C)
                  00007bcc    00000004     app_pem3.oem3 (.const:ti_sysbios_knl_Semaphore_Module__diagsIncluded__C)
                  00007bd0    00000004     app_pem3.oem3 (.const:ti_sysbios_knl_Semaphore_Module__diagsMask__C)
                  00007bd4    00000004     app_pem3.oem3 (.const:ti_sysbios_knl_Semaphore_Module__loggerFxn2__C)
                  00007bd8    00000004     app_pem3.oem3 (.const:ti_sysbios_knl_Semaphore_Module__loggerFxn4__C)
                  00007bdc    00000004     app_pem3.oem3 (.const:ti_sysbios_knl_Semaphore_Module__loggerObj__C)
                  00007be0    00000004     app_pem3.oem3 (.const:ti_sysbios_knl_Swi_LD_end__C)
                  00007be4    00000004     app_pem3.oem3 (.const:ti_sysbios_knl_Swi_LM_begin__C)
                  00007be8    00000004     app_pem3.oem3 (.const:ti_sysbios_knl_Swi_LM_post__C)
                  00007bec    00000004     app_pem3.oem3 (.const:ti_sysbios_knl_Swi_Module__diagsEnabled__C)
                  00007bf0    00000004     app_pem3.oem3 (.const:ti_sysbios_knl_Swi_Module__diagsIncluded__C)
                  00007bf4    00000004     app_pem3.oem3 (.const:ti_sysbios_knl_Swi_Module__diagsMask__C)
                  00007bf8    00000004     app_pem3.oem3 (.const:ti_sysbios_knl_Swi_Module__loggerFxn1__C)
                  00007bfc    00000004     app_pem3.oem3 (.const:ti_sysbios_knl_Swi_Module__loggerFxn4__C)
                  00007c00    00000004     app_pem3.oem3 (.const:ti_sysbios_knl_Swi_Module__loggerObj__C)
                  00007c04    00000004     app_pem3.oem3 (.const:ti_sysbios_knl_Swi_Object__count__C)
                  00007c08    00000004     app_pem3.oem3 (.const:ti_sysbios_knl_Task_E_spOutOfBounds__C)
                  00007c0c    00000004     app_pem3.oem3 (.const:ti_sysbios_knl_Task_E_stackOverflow__C)
                  00007c10    00000004     app_pem3.oem3 (.const:ti_sysbios_knl_Task_LD_block__C)
                  00007c14    00000004     app_pem3.oem3 (.const:ti_sysbios_knl_Task_LD_exit__C)
                  00007c18    00000004     app_pem3.oem3 (.const:ti_sysbios_knl_Task_LD_ready__C)
                  00007c1c    00000004     app_pem3.oem3 (.const:ti_sysbios_knl_Task_LM_switch__C)
                  00007c20    00000004     app_pem3.oem3 (.const:ti_sysbios_knl_Task_Module_State_inactiveQ__O)
                  00007c24    00000004     app_pem3.oem3 (.const:ti_sysbios_knl_Task_Module__diagsEnabled__C)
                  00007c28    00000004     app_pem3.oem3 (.const:ti_sysbios_knl_Task_Module__diagsIncluded__C)
                  00007c2c    00000004     app_pem3.oem3 (.const:ti_sysbios_knl_Task_Module__diagsMask__C)
                  00007c30    00000004     app_pem3.oem3 (.const:ti_sysbios_knl_Task_Module__loggerFxn2__C)
                  00007c34    00000004     app_pem3.oem3 (.const:ti_sysbios_knl_Task_Module__loggerFxn4__C)
                  00007c38    00000004     app_pem3.oem3 (.const:ti_sysbios_knl_Task_Module__loggerObj__C)
                  00007c3c    00000004     app_pem3.oem3 (.const:ti_sysbios_knl_Task_Object__count__C)
                  00007c40    00000004     app_pem3.oem3 (.const:ti_sysbios_knl_Task_allBlockedFunc__C)
                  00007c44    00000004     app_pem3.oem3 (.const:ti_sysbios_knl_Task_numConstructedTasks__C)
                  00007c48    00000004     app_pem3.oem3 (.const:xdc_runtime_Assert_E_assertFailed__C)
                  00007c4c    00000004     app_pem3.oem3 (.const:xdc_runtime_Core_A_initializedParams__C)
                  00007c50    00000004     app_pem3.oem3 (.const:xdc_runtime_Core_Module__diagsEnabled__C)
                  00007c54    00000004     app_pem3.oem3 (.const:xdc_runtime_Core_Module__diagsIncluded__C)
                  00007c58    00000004     app_pem3.oem3 (.const:xdc_runtime_Core_Module__diagsMask__C)
                  00007c5c    00000004     app_pem3.oem3 (.const:xdc_runtime_Error_E_memory__C)
                  00007c60    00000004     app_pem3.oem3 (.const:xdc_runtime_Error_Module__diagsEnabled__C)
                  00007c64    00000004     app_pem3.oem3 (.const:xdc_runtime_Error_Module__diagsIncluded__C)
                  00007c68    00000004     app_pem3.oem3 (.const:xdc_runtime_Error_Module__diagsMask__C)
                  00007c6c    00000004     app_pem3.oem3 (.const:xdc_runtime_Error_Module__loggerFxn8__C)
                  00007c70    00000004     app_pem3.oem3 (.const:xdc_runtime_Error_Module__loggerObj__C)
                  00007c74    00000004     app_pem3.oem3 (.const:xdc_runtime_Error_raiseHook__C)
                  00007c78    00000004     app_pem3.oem3 (.const:xdc_runtime_IFilterLogger_Interface__BASE__C)
                  00007c7c    00000004     app_pem3.oem3 (.const:xdc_runtime_IGateProvider_Interface__BASE__C)
                  00007c80    00000004     app_pem3.oem3 (.const:xdc_runtime_IHeap_Interface__BASE__C)
                  00007c84    00000004     app_pem3.oem3 (.const:xdc_runtime_ILogger_Interface__BASE__C)
                  00007c88    00000004     app_pem3.oem3 (.const:xdc_runtime_IModule_Interface__BASE__C)
                  00007c8c    00000004     app_pem3.oem3 (.const:xdc_runtime_Log_L_error__C)
                  00007c90    00000004     app_pem3.oem3 (.const:xdc_runtime_LoggerBuf_E_badLevel__C)
                  00007c94    00000004     app_pem3.oem3 (.const:xdc_runtime_LoggerBuf_Module__gateObj__C)
                  00007c98    00000004     app_pem3.oem3 (.const:xdc_runtime_LoggerBuf_Object__count__C)
                  00007c9c    00000004     app_pem3.oem3 (.const:xdc_runtime_LoggerBuf_statusLogger__C)
                  00007ca0    00000004     app_pem3.oem3 (.const:xdc_runtime_Memory_defaultHeapInstance__C)
                  00007ca4    00000004     app_pem3.oem3 (.const:xdc_runtime_Startup_execImpl__C)
                  00007ca8    00000004     app_pem3.oem3 (.const:xdc_runtime_Startup_lastFxns__A)
                  00007cac    00000004     app_pem3.oem3 (.const:xdc_runtime_Startup_maxPasses__C)
                  00007cb0    00000004     app_pem3.oem3 (.const:xdc_runtime_Startup_sfxnRts__C)
                  00007cb4    00000004     app_pem3.oem3 (.const:xdc_runtime_Startup_sfxnTab__C)
                  00007cb8    00000004     app_pem3.oem3 (.const:xdc_runtime_SysMin_bufSize__C)
                  00007cbc    00000004     app_pem3.oem3 (.const:xdc_runtime_SysMin_outputFunc__C)
                  00007cc0    00000004     app_pem3.oem3 (.const:xdc_runtime_System_Module__gateObj__C)
                  00007cc4    00000004     app_pem3.oem3 (.const:xdc_runtime_System_extendFxn__C)
                  00007cc8    00000004     app_pem3.oem3 (.const:xdc_runtime_System_maxAtexitHandlers__C)
                  00007ccc    00000004     app_pem3.oem3 (.const:xdc_runtime_Text_charTab__C)
                  00007cd0    00000004     app_pem3.oem3 (.const:xdc_runtime_Text_nameEmpty__C)
                  00007cd4    00000004     app_pem3.oem3 (.const:xdc_runtime_Text_nameStatic__C)
                  00007cd8    00000004     app_pem3.oem3 (.const:xdc_runtime_Text_nameUnknown__C)
                  00007cdc    00000004     app_pem3.oem3 (.const:xdc_runtime_Text_nodeTab__C)
                  00007ce0    00000004     app_pem3.oem3 (.const:xdc_runtime_Text_visitRopeFxn__C)
                  00007ce4    00000002     app_pem3.oem3 (.const:ti_sysbios_BIOS_Module__id__C)
                  00007ce6    00000002     --HOLE-- [fill = 0]
                  00007ce8    00000002     app_pem3.oem3 (.const:ti_sysbios_family_arm_lm3_TimestampProvider_Module__id__C)
                  00007cea    00000002     --HOLE-- [fill = 0]
                  00007cec    00000002     app_pem3.oem3 (.const:ti_sysbios_family_arm_lm3_TimestampProvider_useClockTimer__C)
                  00007cee    00000002     --HOLE-- [fill = 0]
                  00007cf0    00000002     app_pem3.oem3 (.const:ti_sysbios_family_arm_m3_Hwi_Module__id__C)
                  00007cf2    00000002     --HOLE-- [fill = 0]
                  00007cf4    00000002     app_pem3.oem3 (.const:ti_sysbios_family_arm_m3_Hwi_Module__loggerDefined__C)
                  00007cf6    00000002     --HOLE-- [fill = 0]
                  00007cf8    00000002     app_pem3.oem3 (.const:ti_sysbios_gates_GateMutex_Module__id__C)
                  00007cfa    00000002     --HOLE-- [fill = 0]
                  00007cfc    00000002     app_pem3.oem3 (.const:ti_sysbios_hal_Hwi_Module__id__C)
                  00007cfe    00000002     --HOLE-- [fill = 0]
                  00007d00    00000002     app_pem3.oem3 (.const:ti_sysbios_heaps_HeapMem_Module__id__C)
                  00007d02    00000002     --HOLE-- [fill = 0]
                  00007d04    00000002     app_pem3.oem3 (.const:ti_sysbios_knl_Clock_Module__id__C)
                  00007d06    00000002     --HOLE-- [fill = 0]
                  00007d08    00000002     app_pem3.oem3 (.const:ti_sysbios_knl_Clock_Module__loggerDefined__C)
                  00007d0a    00000002     --HOLE-- [fill = 0]
                  00007d0c    00000002     app_pem3.oem3 (.const:ti_sysbios_knl_Semaphore_Module__id__C)
                  00007d0e    00000002     --HOLE-- [fill = 0]
                  00007d10    00000002     app_pem3.oem3 (.const:ti_sysbios_knl_Semaphore_Module__loggerDefined__C)
                  00007d12    00000002     --HOLE-- [fill = 0]
                  00007d14    00000002     app_pem3.oem3 (.const:ti_sysbios_knl_Swi_Module__id__C)
                  00007d16    00000002     --HOLE-- [fill = 0]
                  00007d18    00000002     app_pem3.oem3 (.const:ti_sysbios_knl_Swi_Module__loggerDefined__C)
                  00007d1a    00000002     --HOLE-- [fill = 0]
                  00007d1c    00000002     app_pem3.oem3 (.const:ti_sysbios_knl_Task_Module__id__C)
                  00007d1e    00000002     --HOLE-- [fill = 0]
                  00007d20    00000002     app_pem3.oem3 (.const:ti_sysbios_knl_Task_Module__loggerDefined__C)
                  00007d22    00000002     --HOLE-- [fill = 0]
                  00007d24    00000002     app_pem3.oem3 (.const:ti_sysbios_knl_Task_initStackFlag__C)
                  00007d26    00000002     --HOLE-- [fill = 0]
                  00007d28    00000002     app_pem3.oem3 (.const:xdc_runtime_Core_Module__id__C)
                  00007d2a    00000002     --HOLE-- [fill = 0]
                  00007d2c    00000002     app_pem3.oem3 (.const:xdc_runtime_Error_Module__loggerDefined__C)
                  00007d2e    00000002     --HOLE-- [fill = 0]
                  00007d30    00000002     app_pem3.oem3 (.const:xdc_runtime_Error_maxDepth__C)
                  00007d32    00000002     --HOLE-- [fill = 0]
                  00007d34    00000002     app_pem3.oem3 (.const:xdc_runtime_LoggerBuf_Module__id__C)
                  00007d36    00000002     --HOLE-- [fill = 0]
                  00007d38    00000002     app_pem3.oem3 (.const:xdc_runtime_LoggerBuf_filterByLevel__C)
                  00007d3a    00000002     --HOLE-- [fill = 0]
                  00007d3c    00000002     app_pem3.oem3 (.const:xdc_runtime_Memory_Module__id__C)
                  00007d3e    00000002     --HOLE-- [fill = 0]
                  00007d40    00000002     app_pem3.oem3 (.const:xdc_runtime_SysMin_flushAtExit__C)
                  00007d42    00000002     --HOLE-- [fill = 0]
                  00007d44    00000002     app_pem3.oem3 (.const:xdc_runtime_Text_charCnt__C)
                  00007d46    00000002     --HOLE-- [fill = 0]
                  00007d48    00000002     app_pem3.oem3 (.const:xdc_runtime_Text_isLoaded__C)
                  00007d4a    00000002     --HOLE-- [fill = 0]
                  00007d4c    00000002     app_pem3.oem3 (.const:xdc_runtime_Text_registryModsLastId__C)
                  00007d4e    00000002     --HOLE-- [fill = 0]
                  00007d50    00000002     app_pem3.oem3 (.const:xdc_runtime_Text_unnamedModsLastId__C)
                  00007d52    00000002     --HOLE-- [fill = 0]
                  00007d54    00000001     app_pem3.oem3 (.const:xdc_runtime_Error_policy__C)

.cinit     0    00007d58    000003f0     
                  00007d58    000003b5     (.cinit..data.load) [load image, compression = rle]
                  0000810d    00000003     --HOLE-- [fill = 0]
                  00008110    0000000c     (__TI_handler_table)
                  0000811c    00000004     --HOLE-- [fill = 0]
                  00008120    00000008     (.cinit..bss.load) [load image, compression = zero_init]
                  00008128    00000008     (.cinit..vecs.load) [load image, compression = zero_init]
                  00008130    00000018     (__TI_cinit_table)

.vecs      0    20000000    00000140     UNINITIALIZED
                  20000000    00000140     app_pem3.oem3 (.vecs)

.bss       0    20000140    00001994     UNINITIALIZED
                  20000140    00001000     app_pem3.oem3 (.bss:taskStackSection)
                  20001140    00000400     app_pem3.oem3 (.bss:ti_sysbios_heaps_HeapMem_Instance_State_0_buf__A)
                  20001540    00000200     app_pem3.oem3 (.bss:xdc_runtime_LoggerBuf_Instance_State_0_entryArr__A)
                  20001740    00000200     app_pem3.oem3 (.bss:xdc_runtime_SysMin_Module_State_0_outbuf__A)
                  20001940    00000120     rtsv7M3_T_le_eabi.lib : trgmsg.obj (.bss:__CIOBUF_)
                  20001a60    0000002c     network.obj (.bss)
                  20001a8c    00000028     main.obj (.bss:g_samples)
                  20001ab4    00000010     main.obj (.bss)
                  20001ac4    00000008     app_pem3.oem3 (.bss)
                  20001acc    00000008     rtsv7M3_T_le_eabi.lib : trgdrv.obj (.bss)

.stack     0    20001ad4    00000800     UNINITIALIZED
                  20001ad4    00000800     --HOLE--

.data      0    200022d4    00000640     
                  200022d4    000001a0     app_pem3.oem3 (.data)
                  20002474    00000140     app_pem3.oem3 (.data:ti_sysbios_family_arm_m3_Hwi_Module_State_0_dispatchTable__A)
                  200025b4    00000098     app_pem3.oem3 (.data:ti_sysbios_knl_Task_Object__table__V)
                  2000264c    00000080     app_pem3.oem3 (.data:ti_sysbios_knl_Swi_Module_State_0_readyQ__A)
                  200026cc    00000080     app_pem3.oem3 (.data:ti_sysbios_knl_Task_Module_State_0_readyQ__A)
                  2000274c    00000054     app_pem3.oem3 (.data:ti_sysbios_family_arm_m3_Hwi_Module__state__V)
                  200027a0    00000044     app_pem3.oem3 (.data:ti_sysbios_knl_Task_Module__state__V)
                  200027e4    00000038     app_pem3.oem3 (.data:ti_sysbios_gates_GateMutex_Object__table__V)
                  2000281c    00000030     app_pem3.oem3 (.data:ti_sysbios_family_arm_lm3_Timer_Object__table__V)
                  2000284c    00000030     app_pem3.oem3 (.data:ti_sysbios_family_arm_m3_Hwi_Object__table__V)
                  2000287c    00000030     app_pem3.oem3 (.data:ti_sysbios_knl_Swi_Object__table__V)
                  200028ac    00000028     app_pem3.oem3 (.data:ti_sysbios_knl_Clock_Module__state__V)
                  200028d4    00000024     app_pem3.oem3 (.data:xdc_runtime_LoggerBuf_Object__table__V)
                  200028f8    00000008     rtsv7M3_T_le_eabi.lib : _lock.obj (.data)
                  20002900    00000008                           : exit.obj (.data)
                  20002908    00000004     main.obj (.data)
                  2000290c    00000004     rtsv7M3_T_le_eabi.lib : dtor_list.obj (.data)
                  20002910    00000004                           : stkdepth_vars.obj (.data)


LINKER GENERATED COPY TABLES

__TI_cinit_table @ 00008130 records: 3, size/record: 8, table size: 24
	.data: load addr=00007d58, load size=000003b5 bytes, run addr=200022d4, run size=00000640 bytes, compression=rle
	.bss: load addr=00008120, load size=00000008 bytes, run addr=20000140, run size=00001994 bytes, compression=zero_init
	.vecs: load addr=00008128, load size=00000008 bytes, run addr=20000000, run size=00000140 bytes, compression=zero_init


LINKER GENERATED HANDLER TABLE

__TI_handler_table @ 00008110 records: 3, size/record: 4, table size: 12
	index: 0, handler: __TI_zero_init
	index: 1, handler: __TI_decompress_rle24
	index: 2, handler: __TI_decompress_none


GLOBAL SYMBOLS: SORTED ALPHABETICALLY BY Name 

address    name
--------   ----
00000ef7   AddDataSample
00004e29   C$$EXIT
00004613   C$$IO$$
00003f15   CANBitRateSet
00005b67   CANEnable
0000411d   CANInit
00004de5   CANIntClear
00005b51   CANIntEnable
000051d5   CANIntStatus
00001b21   CANMessageGet
000016d5   CANMessageSet
00004289   CANStatusGet
0000228d   CAN_ISR
00005e3d   CPUcpsid
00005e49   CPUcpsie
00000e7f   CaptureIsr
00005efd   ComparatorConfigure
00005f55   ComparatorRefSet
00005465   GPIODirModeSet
0000329d   GPIOPadConfigSet
00005c45   GPIOPinTypeCAN
00000f33   GetAverageSamples
00000b3b   HOSTclock
00000b01   HOSTclose
00000ac3   HOSTgetenv
00000a67   HOSTlseek
00000a17   HOSTopen
000009c9   HOSTread
00000969   HOSTrename
0000092d   HOSTtime
000008f3   HOSTunlink
000008a5   HOSTwrite
00000ec3   InitSamples
00004521   IntDisable
00004585   IntEnable
00005ec1   IntMasterDisable
00005ecb   IntMasterEnable
0000589d   LoggerBuf_instanceStartup
000022cd   NetworkInit
00002307   NetworkMsgInit
00002365   NetworkRxCallback
0000234d   NetworkTx
UNDEFED    SHT$$INIT_ARRAY$$Base
UNDEFED    SHT$$INIT_ARRAY$$Limit
00004881   SysCtlPeripheralEnable
20002600   TSK_idle
00005695   TimerConfigure
00005c57   TimerControlEvent
00005b7d   TimerDisable
00005df9   TimerEnable
00005f05   TimerIntEnable
00005c69   TimerLoadSet
00000000   __ASM__
20001940   __CIOBUF_
0000006f   __ISA__
00000081   __PLAT__
200022d4   __STACK_END
00000800   __STACK_SIZE
20001cd4   __STACK_TOP
000000a7   __TARG__
00008130   __TI_CINIT_Base
00008148   __TI_CINIT_Limit
00008110   __TI_Handler_Table_Base
0000811c   __TI_Handler_Table_Limit
00000001   __TI_args_main
00003a49   __TI_auto_init
00005e07   __TI_decompress_none
00005f31   __TI_decompress_rle24
00000000   __TI_static_base__
00005c7b   __TI_zero_init
000000cc   __TRDR__
0000305f   __aeabi_atexit
00005015   __aeabi_f2iz
00005209   __aeabi_f2uiz
00003df1   __aeabi_fdiv
00004197   __aeabi_fmul
0000504d   __aeabi_i2f
00004211   __aeabi_memclr
00004211   __aeabi_memclr4
00004211   __aeabi_memclr8
00003b89   __aeabi_memcpy
00003b89   __aeabi_memcpy4
00003b89   __aeabi_memcpy8
00004213   __aeabi_memset
00004213   __aeabi_memset4
00004213   __aeabi_memset8
ffffffff   __binit__
ffffffff   __c_args__
0000304d   __cxa_atexit
00003009   __cxa_finalize
00003047   __cxa_ia64_exit
20001ad4   __stack
00005f2b   __xdc__init
20002470   __xdc__init__addr
00005ac1   _args_main
00004bc5   _c_int00
20002900   _cleanup_ptr
20002904   _dtors_ptr
200028f8   _lock
00005b9f   _nop
00005b97   _register_lock
00005b91   _register_unlock
200028fc   _unlock
00004e2d   abort
00003051   atexit
00007a78   averageSem
ffffffff   binit
00000e25   canTask
00007a70   clock0
00000fbf   configureComparator
00000f67   configureTimerACapture
00004c09   copy_in
00004e35   exit
00005aa7   free
20001ab4   g_filterIndex
20001a8c   g_samples
20001ac0   g_samplesCollected
20001ab8   g_size
20001abc   g_sum
00007a74   hwi0
00000e01   main
20002910   main_func_sp
00005493   malloc
00003b89   memcpy
00004219   memset
00000e39   periodicScan
00004617   readmsg
00005c8d   strcpy
00005ba5   strlen
00007a7c   task0
00005e31   ti_catalog_arm_cortexm3_lm3init_Boot_init
000025f9   ti_catalog_arm_cortexm3_lm3init_Boot_sysCtlClockSet
00005f25   ti_catalog_arm_cortexm3_lm3init_Boot_sysCtlDelay
00007ab0   ti_sysbios_BIOS_Module__diagsEnabled__C
00007ab4   ti_sysbios_BIOS_Module__diagsIncluded__C
00007ab8   ti_sysbios_BIOS_Module__diagsMask__C
00007ce4   ti_sysbios_BIOS_Module__id__C
200022d4   ti_sysbios_BIOS_Module__state__V
00005f59   ti_sysbios_BIOS_RtsGateProxy_enter__E
00005f5d   ti_sysbios_BIOS_RtsGateProxy_leave__E
00005f6d   ti_sysbios_BIOS_RtsGateProxy_query__E
00004c4d   ti_sysbios_BIOS_errorRaiseHook__I
00005375   ti_sysbios_BIOS_exitFunc__I
00007abc   ti_sysbios_BIOS_installedErrorHook__C
00003d5b   ti_sysbios_BIOS_nullFunc__I
000056b9   ti_sysbios_BIOS_registerRTSLock__I
00005919   ti_sysbios_BIOS_rtsLock__I
00004301   ti_sysbios_BIOS_rtsUnlock__I
00005d19   ti_sysbios_BIOS_setThreadType__E
000056dd   ti_sysbios_BIOS_startFunc__I
00005d29   ti_sysbios_BIOS_start__E
200022fc   ti_sysbios_family_arm_lm3_Timer_Module_State_0_device__A
20002314   ti_sysbios_family_arm_lm3_Timer_Module_State_0_handles__A
200022f4   ti_sysbios_family_arm_lm3_Timer_Module__root__V
00005ad9   ti_sysbios_family_arm_lm3_Timer_Module__startupDone__F
00005ad9   ti_sysbios_family_arm_lm3_Timer_Module__startupDone__S
20002320   ti_sysbios_family_arm_lm3_Timer_Module__state__V
000040a1   ti_sysbios_family_arm_lm3_Timer_Module_startup__E
000040a1   ti_sysbios_family_arm_lm3_Timer_Module_startup__F
2000281c   ti_sysbios_family_arm_lm3_Timer_Object__table__V
00007ac0   ti_sysbios_family_arm_lm3_Timer_WRALLOW__C
00004c91   ti_sysbios_family_arm_lm3_Timer_enableTimers__I
00005f61   ti_sysbios_family_arm_lm3_Timer_getPeriod__E
00003e85   ti_sysbios_family_arm_lm3_Timer_initDevice__I
00005701   ti_sysbios_family_arm_lm3_Timer_isrStub__E
00007ac4   ti_sysbios_family_arm_lm3_Timer_numTimerDevices__C
00007ac8   ti_sysbios_family_arm_lm3_Timer_startupNeeded__C
00003365   ti_sysbios_family_arm_lm3_Timer_startup__E
00007acc   ti_sysbios_family_arm_lm3_TimestampProvider_Module__diagsEnabled__C
00007ad0   ti_sysbios_family_arm_lm3_TimestampProvider_Module__diagsIncluded__C
00007ad4   ti_sysbios_family_arm_lm3_TimestampProvider_Module__diagsMask__C
00007ce8   ti_sysbios_family_arm_lm3_TimestampProvider_Module__id__C
2000232c   ti_sysbios_family_arm_lm3_TimestampProvider_Module__state__V
00005f37   ti_sysbios_family_arm_lm3_TimestampProvider_Module_startup__E
00005f37   ti_sysbios_family_arm_lm3_TimestampProvider_Module_startup__F
00003ae9   ti_sysbios_family_arm_lm3_TimestampProvider_get64__E
00004649   ti_sysbios_family_arm_lm3_TimestampProvider_initTimerHandle__I
00007cec   ti_sysbios_family_arm_lm3_TimestampProvider_useClockTimer__C
00007ad8   ti_sysbios_family_arm_m3_Hwi_E_NMI__C
00007adc   ti_sysbios_family_arm_m3_Hwi_E_busFault__C
00007ae0   ti_sysbios_family_arm_m3_Hwi_E_debugMon__C
00007ae4   ti_sysbios_family_arm_m3_Hwi_E_hardFault__C
00007ae8   ti_sysbios_family_arm_m3_Hwi_E_memFault__C
00007aec   ti_sysbios_family_arm_m3_Hwi_E_noIsr__C
00007af0   ti_sysbios_family_arm_m3_Hwi_E_reserved__C
00007af4   ti_sysbios_family_arm_m3_Hwi_E_svCall__C
00007af8   ti_sysbios_family_arm_m3_Hwi_E_usageFault__C
000059a5   ti_sysbios_family_arm_m3_Hwi_Handle__label__S
00007afc   ti_sysbios_family_arm_m3_Hwi_LD_end__C
00007b00   ti_sysbios_family_arm_m3_Hwi_LM_begin__C
20002474   ti_sysbios_family_arm_m3_Hwi_Module_State_0_dispatchTable__A
2000233c   ti_sysbios_family_arm_m3_Hwi_Module_State_0_excActive__A
20002340   ti_sysbios_family_arm_m3_Hwi_Module_State_0_excContext__A
20002344   ti_sysbios_family_arm_m3_Hwi_Module_State_0_excStack__A
00007b04   ti_sysbios_family_arm_m3_Hwi_Module__diagsEnabled__C
00007b08   ti_sysbios_family_arm_m3_Hwi_Module__diagsIncluded__C
00007b0c   ti_sysbios_family_arm_m3_Hwi_Module__diagsMask__C
00007cf0   ti_sysbios_family_arm_m3_Hwi_Module__id__C
00007cf4   ti_sysbios_family_arm_m3_Hwi_Module__loggerDefined__C
00007b10   ti_sysbios_family_arm_m3_Hwi_Module__loggerFxn1__C
00007b14   ti_sysbios_family_arm_m3_Hwi_Module__loggerFxn8__C
00007b18   ti_sysbios_family_arm_m3_Hwi_Module__loggerObj__C
20002334   ti_sysbios_family_arm_m3_Hwi_Module__root__V
00005af1   ti_sysbios_family_arm_m3_Hwi_Module__startupDone__F
00005af1   ti_sysbios_family_arm_m3_Hwi_Module__startupDone__S
2000274c   ti_sysbios_family_arm_m3_Hwi_Module__state__V
000039a5   ti_sysbios_family_arm_m3_Hwi_Module_startup__E
000039a5   ti_sysbios_family_arm_m3_Hwi_Module_startup__F
00007b1c   ti_sysbios_family_arm_m3_Hwi_NUM_INTERRUPTS__C
2000284c   ti_sysbios_family_arm_m3_Hwi_Object__table__V
00007b20   ti_sysbios_family_arm_m3_Hwi_ccr__C
00004cd5   ti_sysbios_family_arm_m3_Hwi_disableInterrupt__E
000023b5   ti_sysbios_family_arm_m3_Hwi_dispatchC__I
00007b24   ti_sysbios_family_arm_m3_Hwi_dispatchTable__C
0000292d   ti_sysbios_family_arm_m3_Hwi_dispatch__I
00005f0d   ti_sysbios_family_arm_m3_Hwi_doSwiRestore__I
00005725   ti_sysbios_family_arm_m3_Hwi_doTaskRestore__I
00004d19   ti_sysbios_family_arm_m3_Hwi_enableInterrupt__E
00001865   ti_sysbios_family_arm_m3_Hwi_excBusFault__I
000036f9   ti_sysbios_family_arm_m3_Hwi_excDebugMon__I
00000141   ti_sysbios_family_arm_m3_Hwi_excDumpRegs__I
00002a11   ti_sysbios_family_arm_m3_Hwi_excHandlerAsm__I
00007b28   ti_sysbios_family_arm_m3_Hwi_excHandlerFunc__C
000014e9   ti_sysbios_family_arm_m3_Hwi_excHandlerMax__I
00005d39   ti_sysbios_family_arm_m3_Hwi_excHandler__I
000034dd   ti_sysbios_family_arm_m3_Hwi_excHardFault__I
00007a80   ti_sysbios_family_arm_m3_Hwi_excHookFuncs__A
00007b2c   ti_sysbios_family_arm_m3_Hwi_excHookFuncs__C
00001c69   ti_sysbios_family_arm_m3_Hwi_excMemFault__I
0000523d   ti_sysbios_family_arm_m3_Hwi_excNmi__I
00005085   ti_sysbios_family_arm_m3_Hwi_excNoIsr__I
00004a5d   ti_sysbios_family_arm_m3_Hwi_excReserved__I
00004f25   ti_sysbios_family_arm_m3_Hwi_excSvCall__I
000019cd   ti_sysbios_family_arm_m3_Hwi_excUsageFault__I
000050bd   ti_sysbios_family_arm_m3_Hwi_getStackInfo__E
000030f5   ti_sysbios_family_arm_m3_Hwi_initNVIC__E
00005a8f   ti_sysbios_family_arm_m3_Hwi_initStacks__E
e000e000   ti_sysbios_family_arm_m3_Hwi_nvic
000029df   ti_sysbios_family_arm_m3_Hwi_pendSV__I
00007b30   ti_sysbios_family_arm_m3_Hwi_priGroup__C
000076d4   ti_sysbios_family_arm_m3_Hwi_priorities__A
00007b34   ti_sysbios_family_arm_m3_Hwi_priorities__C
20000000   ti_sysbios_family_arm_m3_Hwi_ramVectors
00000000   ti_sysbios_family_arm_m3_Hwi_resetVectors
000029f7   ti_sysbios_family_arm_m3_Hwi_return
00005f15   ti_sysbios_family_arm_m3_Hwi_startup__E
00005bb9   ti_sysbios_family_arm_m3_Hwi_switchFromBootStack__E
00005f65   ti_sysbios_family_arm_m3_TaskSupport_Module__startupDone__S
000049c5   ti_sysbios_family_arm_m3_TaskSupport_buildTaskStack
00005e15   ti_sysbios_family_arm_m3_TaskSupport_checkStack__E
00005ce7   ti_sysbios_family_arm_m3_TaskSupport_glue
000050f5   ti_sysbios_family_arm_m3_TaskSupport_start__E
00005cf7   ti_sysbios_family_arm_m3_TaskSupport_swap__E
00005d07   ti_sysbios_family_xxx_Hwi_switchToIsrStack
00005e55   ti_sysbios_family_xxx_Hwi_switchToTaskStack
000059bf   ti_sysbios_gates_GateHwi_Handle__label__S
00003e83   ti_sysbios_gates_GateHwi_Instance_init__F
0000783c   ti_sysbios_gates_GateHwi_Module__FXNS__C
20002348   ti_sysbios_gates_GateHwi_Module__root__V
00007910   ti_sysbios_gates_GateHwi_Object__DESC__C
000079d0   ti_sysbios_gates_GateHwi_Object__PARAMS__C
00005271   ti_sysbios_gates_GateHwi_Object__create__S
000057fd   ti_sysbios_gates_GateHwi_Object__delete__S
20002350   ti_sysbios_gates_GateHwi_Object__table__V
00005e61   ti_sysbios_gates_GateHwi_enter__E
00005f3d   ti_sysbios_gates_GateHwi_leave__E
00005f69   ti_sysbios_gates_GateHwi_query__E
00005f69   ti_sysbios_gates_GateHwi_query__F
00007b38   ti_sysbios_gates_GateMutex_A_badContext__C
000059d9   ti_sysbios_gates_GateMutex_Handle__label__S
00007b3c   ti_sysbios_gates_GateMutex_Instance_State_sem__O
00005d49   ti_sysbios_gates_GateMutex_Instance_finalize__F
0000561d   ti_sysbios_gates_GateMutex_Instance_init__F
00007860   ti_sysbios_gates_GateMutex_Module__FXNS__C
00007b40   ti_sysbios_gates_GateMutex_Module__diagsEnabled__C
00007b44   ti_sysbios_gates_GateMutex_Module__diagsIncluded__C
00007b48   ti_sysbios_gates_GateMutex_Module__diagsMask__C
00007cf8   ti_sysbios_gates_GateMutex_Module__id__C
20002354   ti_sysbios_gates_GateMutex_Module__root__V
00007930   ti_sysbios_gates_GateMutex_Object__DESC__C
000079e8   ti_sysbios_gates_GateMutex_Object__PARAMS__C
000052a5   ti_sysbios_gates_GateMutex_Object__create__S
00005749   ti_sysbios_gates_GateMutex_Object__delete__S
200027e4   ti_sysbios_gates_GateMutex_Object__table__V
00003591   ti_sysbios_gates_GateMutex_enter__E
00005b09   ti_sysbios_gates_GateMutex_leave__E
00005f6d   ti_sysbios_gates_GateMutex_query__E
00005f6d   ti_sysbios_gates_GateMutex_query__F
00007b4c   ti_sysbios_hal_Hwi_E_stackOverflow__C
00005f71   ti_sysbios_hal_Hwi_HwiProxy_Module__startupDone__S
00004cd5   ti_sysbios_hal_Hwi_HwiProxy_disableInterrupt__E
00004d19   ti_sysbios_hal_Hwi_HwiProxy_enableInterrupt__E
000050bd   ti_sysbios_hal_Hwi_HwiProxy_getStackInfo__E
00005f15   ti_sysbios_hal_Hwi_HwiProxy_startup__E
00005bb9   ti_sysbios_hal_Hwi_HwiProxy_switchFromBootStack__E
00007cfc   ti_sysbios_hal_Hwi_Module__id__C
2000235c   ti_sysbios_hal_Hwi_Module__root__V
00005c9f   ti_sysbios_hal_Hwi_Module_startup__E
00005c9f   ti_sysbios_hal_Hwi_Module_startup__F
20002364   ti_sysbios_hal_Hwi_Object__table__V
000052d9   ti_sysbios_hal_Hwi_checkStack
00004cd5   ti_sysbios_hal_Hwi_disableInterrupt__E
00004d19   ti_sysbios_hal_Hwi_enableInterrupt__E
000050bd   ti_sysbios_hal_Hwi_getStackInfo__E
000054ed   ti_sysbios_hal_Hwi_initStack
00005f15   ti_sysbios_hal_Hwi_startup__E
00005bb9   ti_sysbios_hal_Hwi_switchFromBootStack__E
2000236c   ti_sysbios_hal_Timer_Module__root__V
00005b21   ti_sysbios_hal_Timer_Module__startupDone__F
00005b21   ti_sysbios_hal_Timer_Module__startupDone__S
00005cb1   ti_sysbios_hal_Timer_Module_startup__E
00005cb1   ti_sysbios_hal_Timer_Module_startup__F
20002374   ti_sysbios_hal_Timer_Object__table__V
00005f75   ti_sysbios_hal_Timer_TimerProxy_Module__startupDone__S
00005f79   ti_sysbios_hal_Timer_TimerProxy_getPeriod__E
00003365   ti_sysbios_hal_Timer_TimerProxy_startup__E
00003365   ti_sysbios_hal_Timer_startup__E
00007b50   ti_sysbios_heaps_HeapMem_A_align__C
00007b54   ti_sysbios_heaps_HeapMem_A_heapSize__C
00007b58   ti_sysbios_heaps_HeapMem_A_invalidFree__C
00007b5c   ti_sysbios_heaps_HeapMem_A_zeroBlock__C
00007b60   ti_sysbios_heaps_HeapMem_E_memory__C
000059f3   ti_sysbios_heaps_HeapMem_Handle__label__S
20001140   ti_sysbios_heaps_HeapMem_Instance_State_0_buf__A
00001ee9   ti_sysbios_heaps_HeapMem_Instance_init__F
00005f7d   ti_sysbios_heaps_HeapMem_Module_GateProxy_enter__E
00005f81   ti_sysbios_heaps_HeapMem_Module_GateProxy_leave__E
00005f6d   ti_sysbios_heaps_HeapMem_Module_GateProxy_query__E
00007814   ti_sysbios_heaps_HeapMem_Module__FXNS__C
00007b64   ti_sysbios_heaps_HeapMem_Module__diagsEnabled__C
00007b68   ti_sysbios_heaps_HeapMem_Module__diagsIncluded__C
00007b6c   ti_sysbios_heaps_HeapMem_Module__diagsMask__C
00007b70   ti_sysbios_heaps_HeapMem_Module__gateObj__C
00007d00   ti_sysbios_heaps_HeapMem_Module__id__C
2000237c   ti_sysbios_heaps_HeapMem_Module__root__V
00007950   ti_sysbios_heaps_HeapMem_Object__DESC__C
00007884   ti_sysbios_heaps_HeapMem_Object__PARAMS__C
00007b74   ti_sysbios_heaps_HeapMem_Object__count__C
0000530d   ti_sysbios_heaps_HeapMem_Object__create__S
0000581d   ti_sysbios_heaps_HeapMem_Object__delete__S
00005bcd   ti_sysbios_heaps_HeapMem_Object__get__S
20002384   ti_sysbios_heaps_HeapMem_Object__table__V
000012b5   ti_sysbios_heaps_HeapMem_alloc__E
0000106d   ti_sysbios_heaps_HeapMem_free__E
00004aa5   ti_sysbios_heaps_HeapMem_getStats__E
00004f61   ti_sysbios_heaps_HeapMem_init__I
00005f43   ti_sysbios_heaps_HeapMem_isBlocking__E
00007b78   ti_sysbios_heaps_HeapMem_reqAlign__C
00007b7c   ti_sysbios_knl_Clock_LM_begin__C
00007b80   ti_sysbios_knl_Clock_LM_tick__C
00007b84   ti_sysbios_knl_Clock_LW_delayed__C
00007b88   ti_sysbios_knl_Clock_Module_State_clockQ__O
00007b8c   ti_sysbios_knl_Clock_Module__diagsEnabled__C
00007b90   ti_sysbios_knl_Clock_Module__diagsIncluded__C
00007b94   ti_sysbios_knl_Clock_Module__diagsMask__C
00007d04   ti_sysbios_knl_Clock_Module__id__C
00007d08   ti_sysbios_knl_Clock_Module__loggerDefined__C
00007b98   ti_sysbios_knl_Clock_Module__loggerFxn1__C
00007b9c   ti_sysbios_knl_Clock_Module__loggerFxn2__C
00007ba0   ti_sysbios_knl_Clock_Module__loggerObj__C
2000239c   ti_sysbios_knl_Clock_Module__root__V
200028ac   ti_sysbios_knl_Clock_Module__state__V
0000576d   ti_sysbios_knl_Clock_Module_startup__E
0000576d   ti_sysbios_knl_Clock_Module_startup__F
200023a4   ti_sysbios_knl_Clock_Object__table__V
00005519   ti_sysbios_knl_Clock_doTick__I
000046a9   ti_sysbios_knl_Clock_logTick__E
000024d9   ti_sysbios_knl_Clock_workFunc__E
00007ba4   ti_sysbios_knl_Idle_coreList__A
00007a88   ti_sysbios_knl_Idle_coreList__C
00007ba8   ti_sysbios_knl_Idle_funcList__A
00007a90   ti_sysbios_knl_Idle_funcList__C
00005f1d   ti_sysbios_knl_Idle_loop__E
000053a5   ti_sysbios_knl_Idle_run__E
00005f49   ti_sysbios_knl_Queue_Instance_init__F
200023c4   ti_sysbios_knl_Queue_Module__root__V
00007970   ti_sysbios_knl_Queue_Object__DESC__C
00007a00   ti_sysbios_knl_Queue_Object__PARAMS__C
00005341   ti_sysbios_knl_Queue_Object__create__S
00005935   ti_sysbios_knl_Queue_Object__destruct__S
00005e6d   ti_sysbios_knl_Queue_Object__get__S
00005e23   ti_sysbios_knl_Queue_empty__E
00007bac   ti_sysbios_knl_Semaphore_A_badContext__C
00007bb0   ti_sysbios_knl_Semaphore_A_noEvents__C
00007bb4   ti_sysbios_knl_Semaphore_A_overflow__C
00007bb8   ti_sysbios_knl_Semaphore_A_pendTaskDisabled__C
00007bbc   ti_sysbios_knl_Semaphore_Instance_State_pendQ__O
00005d59   ti_sysbios_knl_Semaphore_Instance_finalize__F
00003855   ti_sysbios_knl_Semaphore_Instance_init__F
00007bc0   ti_sysbios_knl_Semaphore_LM_pend__C
00007bc4   ti_sysbios_knl_Semaphore_LM_post__C
00007bc8   ti_sysbios_knl_Semaphore_Module__diagsEnabled__C
00007bcc   ti_sysbios_knl_Semaphore_Module__diagsIncluded__C
00007bd0   ti_sysbios_knl_Semaphore_Module__diagsMask__C
00007d0c   ti_sysbios_knl_Semaphore_Module__id__C
00007d10   ti_sysbios_knl_Semaphore_Module__loggerDefined__C
00007bd4   ti_sysbios_knl_Semaphore_Module__loggerFxn2__C
00007bd8   ti_sysbios_knl_Semaphore_Module__loggerFxn4__C
00007bdc   ti_sysbios_knl_Semaphore_Module__loggerObj__C
200023cc   ti_sysbios_knl_Semaphore_Module__root__V
00007990   ti_sysbios_knl_Semaphore_Object__DESC__C
000078a8   ti_sysbios_knl_Semaphore_Object__PARAMS__C
0000512d   ti_sysbios_knl_Semaphore_Object__create__S
0000583d   ti_sysbios_knl_Semaphore_Object__destruct__S
200023d4   ti_sysbios_knl_Semaphore_Object__table__V
00004e69   ti_sysbios_knl_Semaphore_pendTimeout__I
00000b89   ti_sysbios_knl_Semaphore_pend__E
00001da9   ti_sysbios_knl_Semaphore_post__E
00005a0d   ti_sysbios_knl_Swi_Handle__label__S
00007be0   ti_sysbios_knl_Swi_LD_end__C
00007be4   ti_sysbios_knl_Swi_LM_begin__C
00007be8   ti_sysbios_knl_Swi_LM_post__C
2000264c   ti_sysbios_knl_Swi_Module_State_0_readyQ__A
00007bec   ti_sysbios_knl_Swi_Module__diagsEnabled__C
00007bf0   ti_sysbios_knl_Swi_Module__diagsIncluded__C
00007bf4   ti_sysbios_knl_Swi_Module__diagsMask__C
00007d14   ti_sysbios_knl_Swi_Module__id__C
00007d18   ti_sysbios_knl_Swi_Module__loggerDefined__C
00007bf8   ti_sysbios_knl_Swi_Module__loggerFxn1__C
00007bfc   ti_sysbios_knl_Swi_Module__loggerFxn4__C
00007c00   ti_sysbios_knl_Swi_Module__loggerObj__C
[...]
00005b39   xdc_runtime_Text_ropeText__F
00005b51   CANIntEnable
00005b67   CANEnable
00005b7d   TimerDisable
00005b91   _register_unlock
00005b97   _register_lock
00005b9f   _nop
00005ba5   strlen
00005bb9   ti_sysbios_family_arm_m3_Hwi_switchFromBootStack__E
00005bb9   ti_sysbios_hal_Hwi_HwiProxy_switchFromBootStack__E
00005bb9   ti_sysbios_hal_Hwi_switchFromBootStack__E
00005bcd   ti_sysbios_heaps_HeapMem_Object__get__S
00005be1   ti_sysbios_knl_Swi_Object__get__S
00005bf5   xdc_runtime_LoggerBuf_Instance_finalize__F
00005c09   xdc_runtime_LoggerBuf_Object__get__S
00005c1d   xdc_runtime_LoggerBuf_write2__E
00005c1d   xdc_runtime_LoggerBuf_write2__F
00005c31   xdc_runtime_System_abort__E
00005c31   xdc_runtime_System_abort__F
00005c45   GPIOPinTypeCAN
00005c57   TimerControlEvent
00005c69   TimerLoadSet
00005c7b   __TI_zero_init
00005c8d   strcpy
00005c9f   ti_sysbios_hal_Hwi_Module_startup__E
00005c9f   ti_sysbios_hal_Hwi_Module_startup__F
00005cb1   ti_sysbios_hal_Timer_Module_startup__E
00005cb1   ti_sysbios_hal_Timer_Module_startup__F
00005cc3   xdc_runtime_LoggerBuf_write1__E
00005cc3   xdc_runtime_LoggerBuf_write1__F
00005cd5   xdc_runtime_Startup_exec__I
00005ce7   ti_sysbios_family_arm_m3_TaskSupport_glue
00005cf7   ti_sysbios_family_arm_m3_TaskSupport_swap__E
00005cf7   ti_sysbios_knl_Task_SupportProxy_swap__E
00005cff   ti_sysbios_knl_Task_swapReturn
00005d07   ti_sysbios_family_xxx_Hwi_switchToIsrStack
00005d19   ti_sysbios_BIOS_setThreadType__E
00005d29   ti_sysbios_BIOS_start__E
00005d39   ti_sysbios_family_arm_m3_Hwi_excHandler__I
00005d49   ti_sysbios_gates_GateMutex_Instance_finalize__F
00005d59   ti_sysbios_knl_Semaphore_Instance_finalize__F
00005d69   ti_sysbios_knl_Swi_disable__E
00005d79   ti_sysbios_knl_Task_Object__get__S
00005d89   ti_sysbios_knl_Task_disable__E
00005d99   xdc_runtime_Gate_leaveSystem__E
00005d99   xdc_runtime_Gate_leaveSystem__F
00005da9   xdc_runtime_LoggerBuf_write0__E
00005da9   xdc_runtime_LoggerBuf_write0__F
00005db9   xdc_runtime_Memory_free__E
00005db9   xdc_runtime_Memory_free__F
00005dc9   xdc_runtime_SysMin_ready__E
00005dc9   xdc_runtime_SysMin_ready__F
00005dc9   xdc_runtime_System_SupportProxy_ready__E
00005dd9   xdc_runtime_System_vsnprintf__F
00005de9   xdc_runtime_Text_visitRope__I
00005df9   TimerEnable
00005e07   __TI_decompress_none
00005e15   ti_sysbios_family_arm_m3_TaskSupport_checkStack__E
00005e15   ti_sysbios_knl_Task_SupportProxy_checkStack__E
00005e23   ti_sysbios_knl_Queue_empty__E
00005e31   ti_catalog_arm_cortexm3_lm3init_Boot_init
00005e3d   CPUcpsid
00005e49   CPUcpsie
00005e55   ti_sysbios_family_xxx_Hwi_switchToTaskStack
00005e61   ti_sysbios_gates_GateHwi_enter__E
00005e6d   ti_sysbios_knl_Queue_Object__get__S
00005e79   xdc_runtime_Error_init__E
00005e79   xdc_runtime_Error_init__F
00005e85   xdc_runtime_Gate_enterSystem__E
00005e85   xdc_runtime_Gate_enterSystem__F
00005e91   xdc_runtime_Memory_calloc__E
00005e91   xdc_runtime_Memory_calloc__F
00005e9d   xdc_runtime_Memory_getMaxDefaultTypeAlign__E
00005e9d   xdc_runtime_Memory_getMaxDefaultTypeAlign__F
00005ea9   xdc_runtime_System_exit__E
00005ea9   xdc_runtime_System_exit__F
00005eb5   xdc_runtime_System_lastFxn__I
00005ec1   IntMasterDisable
00005ecb   IntMasterEnable
00005ee9   xdc_runtime_LoggerBuf_disable__E
00005ee9   xdc_runtime_LoggerBuf_disable__F
00005ef3   xdc_runtime_LoggerBuf_enable__E
00005ef3   xdc_runtime_LoggerBuf_enable__F
00005efd   ComparatorConfigure
00005f05   TimerIntEnable
00005f0d   ti_sysbios_family_arm_m3_Hwi_doSwiRestore__I
00005f15   ti_sysbios_family_arm_m3_Hwi_startup__E
00005f15   ti_sysbios_hal_Hwi_HwiProxy_startup__E
00005f15   ti_sysbios_hal_Hwi_startup__E
00005f1d   ti_sysbios_knl_Idle_loop__E
00005f25   ti_catalog_arm_cortexm3_lm3init_Boot_sysCtlDelay
00005f2b   __xdc__init
00005f31   __TI_decompress_rle24
00005f37   ti_sysbios_family_arm_lm3_TimestampProvider_Module_startup__E
00005f37   ti_sysbios_family_arm_lm3_TimestampProvider_Module_startup__F
00005f3d   ti_sysbios_gates_GateHwi_leave__E
00005f43   ti_sysbios_heaps_HeapMem_isBlocking__E
00005f49   ti_sysbios_knl_Queue_Instance_init__F
00005f4f   xdc_runtime_System_Module_startup__E
00005f4f   xdc_runtime_System_Module_startup__F
00005f55   ComparatorRefSet
00005f59   ti_sysbios_BIOS_RtsGateProxy_enter__E
00005f5d   ti_sysbios_BIOS_RtsGateProxy_leave__E
00005f61   ti_sysbios_family_arm_lm3_Timer_getPeriod__E
00005f65   ti_sysbios_family_arm_m3_TaskSupport_Module__startupDone__S
00005f69   ti_sysbios_gates_GateHwi_query__E
00005f69   ti_sysbios_gates_GateHwi_query__F
00005f69   xdc_runtime_LoggerBuf_Module_GateProxy_query__E
00005f69   xdc_runtime_Main_Module_GateProxy_query__E
00005f69   xdc_runtime_System_Module_GateProxy_query__E
00005f6d   ti_sysbios_BIOS_RtsGateProxy_query__E
00005f6d   ti_sysbios_gates_GateMutex_query__E
00005f6d   ti_sysbios_gates_GateMutex_query__F
00005f6d   ti_sysbios_heaps_HeapMem_Module_GateProxy_query__E
00005f71   ti_sysbios_hal_Hwi_HwiProxy_Module__startupDone__S
00005f75   ti_sysbios_hal_Timer_TimerProxy_Module__startupDone__S
00005f79   ti_sysbios_hal_Timer_TimerProxy_getPeriod__E
00005f7d   ti_sysbios_heaps_HeapMem_Module_GateProxy_enter__E
00005f81   ti_sysbios_heaps_HeapMem_Module_GateProxy_leave__E
00005f85   ti_sysbios_knl_Task_SupportProxy_Module__startupDone__S
00005f89   ti_sysbios_knl_Task_startup__E
00005f8d   xdc_runtime_Error_getSite__E
00005f8d   xdc_runtime_Error_getSite__F
00005f91   xdc_runtime_LoggerBuf_Module_GateProxy_enter__E
00005f95   xdc_runtime_LoggerBuf_Module_GateProxy_leave__E
00005f99   xdc_runtime_Memory_HeapProxy_alloc__E
00005f9d   xdc_runtime_Memory_HeapProxy_free__E
00005fa1   xdc_runtime_Startup_reset__I
00005fa5   xdc_runtime_System_Module_GateProxy_enter__E
00005fa9   xdc_runtime_System_Module_GateProxy_leave__E
00005fad   xdc_runtime_System_aprintf_va__F
00005fb1   xdc_runtime_System_printf_va__F
00005fb5   xdc_runtime_System_vsnprintf__E
00005fb8   xdc_runtime_Text_charTab__A
000075b4   xdc_runtime_Text_nodeTab__A
000076d4   ti_sysbios_family_arm_m3_Hwi_priorities__A
000077ac   xdc_runtime_LoggerBuf_Module__FXNS__C
000077e8   xdc_runtime_Startup_sfxnTab__A
00007814   ti_sysbios_heaps_HeapMem_Module__FXNS__C
0000783c   ti_sysbios_gates_GateHwi_Module__FXNS__C
00007860   ti_sysbios_gates_GateMutex_Module__FXNS__C
00007884   ti_sysbios_heaps_HeapMem_Object__PARAMS__C
000078a8   ti_sysbios_knl_Semaphore_Object__PARAMS__C
000078cc   xdc_runtime_LoggerBuf_Object__PARAMS__C
00007910   ti_sysbios_gates_GateHwi_Object__DESC__C
00007930   ti_sysbios_gates_GateMutex_Object__DESC__C
00007950   ti_sysbios_heaps_HeapMem_Object__DESC__C
00007970   ti_sysbios_knl_Queue_Object__DESC__C
00007990   ti_sysbios_knl_Semaphore_Object__DESC__C
000079b0   xdc_runtime_LoggerBuf_Object__DESC__C
000079d0   ti_sysbios_gates_GateHwi_Object__PARAMS__C
000079e8   ti_sysbios_gates_GateMutex_Object__PARAMS__C
00007a00   ti_sysbios_knl_Queue_Object__PARAMS__C
00007a18   ti_sysbios_knl_Task_hooks__A
00007a30   xdc_runtime_Startup_sfxnRts__A
00007a48   xdc_runtime_Startup_firstFxns__A
00007a70   clock0
00007a74   hwi0
00007a78   averageSem
00007a7c   task0
00007a80   ti_sysbios_family_arm_m3_Hwi_excHookFuncs__A
00007a88   ti_sysbios_knl_Idle_coreList__C
00007a90   ti_sysbios_knl_Idle_funcList__C
00007a98   ti_sysbios_knl_Task_hooks__C
00007aa0   xdc_runtime_Startup_firstFxns__C
00007aa8   xdc_runtime_Startup_lastFxns__C
00007ab0   ti_sysbios_BIOS_Module__diagsEnabled__C
00007ab4   ti_sysbios_BIOS_Module__diagsIncluded__C
00007ab8   ti_sysbios_BIOS_Module__diagsMask__C
00007abc   ti_sysbios_BIOS_installedErrorHook__C
00007ac0   ti_sysbios_family_arm_lm3_Timer_WRALLOW__C
00007ac4   ti_sysbios_family_arm_lm3_Timer_numTimerDevices__C
00007ac8   ti_sysbios_family_arm_lm3_Timer_startupNeeded__C
00007acc   ti_sysbios_family_arm_lm3_TimestampProvider_Module__diagsEnabled__C
00007ad0   ti_sysbios_family_arm_lm3_TimestampProvider_Module__diagsIncluded__C
00007ad4   ti_sysbios_family_arm_lm3_TimestampProvider_Module__diagsMask__C
00007ad8   ti_sysbios_family_arm_m3_Hwi_E_NMI__C
00007adc   ti_sysbios_family_arm_m3_Hwi_E_busFault__C
00007ae0   ti_sysbios_family_arm_m3_Hwi_E_debugMon__C
00007ae4   ti_sysbios_family_arm_m3_Hwi_E_hardFault__C
00007ae8   ti_sysbios_family_arm_m3_Hwi_E_memFault__C
00007aec   ti_sysbios_family_arm_m3_Hwi_E_noIsr__C
00007af0   ti_sysbios_family_arm_m3_Hwi_E_reserved__C
00007af4   ti_sysbios_family_arm_m3_Hwi_E_svCall__C
00007af8   ti_sysbios_family_arm_m3_Hwi_E_usageFault__C
00007afc   ti_sysbios_family_arm_m3_Hwi_LD_end__C
00007b00   ti_sysbios_family_arm_m3_Hwi_LM_begin__C
00007b04   ti_sysbios_family_arm_m3_Hwi_Module__diagsEnabled__C
00007b08   ti_sysbios_family_arm_m3_Hwi_Module__diagsIncluded__C
00007b0c   ti_sysbios_family_arm_m3_Hwi_Module__diagsMask__C
00007b10   ti_sysbios_family_arm_m3_Hwi_Module__loggerFxn1__C
00007b14   ti_sysbios_family_arm_m3_Hwi_Module__loggerFxn8__C
00007b18   ti_sysbios_family_arm_m3_Hwi_Module__loggerObj__C
00007b1c   ti_sysbios_family_arm_m3_Hwi_NUM_INTERRUPTS__C
00007b20   ti_sysbios_family_arm_m3_Hwi_ccr__C
00007b24   ti_sysbios_family_arm_m3_Hwi_dispatchTable__C
00007b28   ti_sysbios_family_arm_m3_Hwi_excHandlerFunc__C
00007b2c   ti_sysbios_family_arm_m3_Hwi_excHookFuncs__C
00007b30   ti_sysbios_family_arm_m3_Hwi_priGroup__C
00007b34   ti_sysbios_family_arm_m3_Hwi_priorities__C
00007b38   ti_sysbios_gates_GateMutex_A_badContext__C
00007b3c   ti_sysbios_gates_GateMutex_Instance_State_sem__O
00007b40   ti_sysbios_gates_GateMutex_Module__diagsEnabled__C
00007b44   ti_sysbios_gates_GateMutex_Module__diagsIncluded__C
00007b48   ti_sysbios_gates_GateMutex_Module__diagsMask__C
00007b4c   ti_sysbios_hal_Hwi_E_stackOverflow__C
00007b50   ti_sysbios_heaps_HeapMem_A_align__C
00007b54   ti_sysbios_heaps_HeapMem_A_heapSize__C
00007b58   ti_sysbios_heaps_HeapMem_A_invalidFree__C
00007b5c   ti_sysbios_heaps_HeapMem_A_zeroBlock__C
00007b60   ti_sysbios_heaps_HeapMem_E_memory__C
00007b64   ti_sysbios_heaps_HeapMem_Module__diagsEnabled__C
00007b68   ti_sysbios_heaps_HeapMem_Module__diagsIncluded__C
00007b6c   ti_sysbios_heaps_HeapMem_Module__diagsMask__C
00007b70   ti_sysbios_heaps_HeapMem_Module__gateObj__C
00007b74   ti_sysbios_heaps_HeapMem_Object__count__C
00007b78   ti_sysbios_heaps_HeapMem_reqAlign__C
00007b7c   ti_sysbios_knl_Clock_LM_begin__C
00007b80   ti_sysbios_knl_Clock_LM_tick__C
00007b84   ti_sysbios_knl_Clock_LW_delayed__C
00007b88   ti_sysbios_knl_Clock_Module_State_clockQ__O
00007b8c   ti_sysbios_knl_Clock_Module__diagsEnabled__C
00007b90   ti_sysbios_knl_Clock_Module__diagsIncluded__C
00007b94   ti_sysbios_knl_Clock_Module__diagsMask__C
00007b98   ti_sysbios_knl_Clock_Module__loggerFxn1__C
00007b9c   ti_sysbios_knl_Clock_Module__loggerFxn2__C
00007ba0   ti_sysbios_knl_Clock_Module__loggerObj__C
00007ba4   ti_sysbios_knl_Idle_coreList__A
00007ba8   ti_sysbios_knl_Idle_funcList__A
00007bac   ti_sysbios_knl_Semaphore_A_badContext__C
00007bb0   ti_sysbios_knl_Semaphore_A_noEvents__C
00007bb4   ti_sysbios_knl_Semaphore_A_overflow__C
00007bb8   ti_sysbios_knl_Semaphore_A_pendTaskDisabled__C
00007bbc   ti_sysbios_knl_Semaphore_Instance_State_pendQ__O
00007bc0   ti_sysbios_knl_Semaphore_LM_pend__C
00007bc4   ti_sysbios_knl_Semaphore_LM_post__C
00007bc8   ti_sysbios_knl_Semaphore_Module__diagsEnabled__C
00007bcc   ti_sysbios_knl_Semaphore_Module__diagsIncluded__C
00007bd0   ti_sysbios_knl_Semaphore_Module__diagsMask__C
00007bd4   ti_sysbios_knl_Semaphore_Module__loggerFxn2__C
00007bd8   ti_sysbios_knl_Semaphore_Module__loggerFxn4__C
00007bdc   ti_sysbios_knl_Semaphore_Module__loggerObj__C
00007be0   ti_sysbios_knl_Swi_LD_end__C
00007be4   ti_sysbios_knl_Swi_LM_begin__C
00007be8   ti_sysbios_knl_Swi_LM_post__C
00007bec   ti_sysbios_knl_Swi_Module__diagsEnabled__C
00007bf0   ti_sysbios_knl_Swi_Module__diagsIncluded__C
00007bf4   ti_sysbios_knl_Swi_Module__diagsMask__C
00007bf8   ti_sysbios_knl_Swi_Module__loggerFxn1__C
00007bfc   ti_sysbios_knl_Swi_Module__loggerFxn4__C
00007c00   ti_sysbios_knl_Swi_Module__loggerObj__C
00007c04   ti_sysbios_knl_Swi_Object__count__C
00007c08   ti_sysbios_knl_Task_E_spOutOfBounds__C
00007c0c   ti_sysbios_knl_Task_E_stackOverflow__C
00007c10   ti_sysbios_knl_Task_LD_block__C
00007c14   ti_sysbios_knl_Task_LD_exit__C
00007c18   ti_sysbios_knl_Task_LD_ready__C
00007c1c   ti_sysbios_knl_Task_LM_switch__C
00007c20   ti_sysbios_knl_Task_Module_State_inactiveQ__O
00007c24   ti_sysbios_knl_Task_Module__diagsEnabled__C
00007c28   ti_sysbios_knl_Task_Module__diagsIncluded__C
00007c2c   ti_sysbios_knl_Task_Module__diagsMask__C
00007c30   ti_sysbios_knl_Task_Module__loggerFxn2__C
00007c34   ti_sysbios_knl_Task_Module__loggerFxn4__C
00007c38   ti_sysbios_knl_Task_Module__loggerObj__C
00007c3c   ti_sysbios_knl_Task_Object__count__C
00007c40   ti_sysbios_knl_Task_allBlockedFunc__C
00007c44   ti_sysbios_knl_Task_numConstructedTasks__C
00007c48   xdc_runtime_Assert_E_assertFailed__C
00007c4c   xdc_runtime_Core_A_initializedParams__C
00007c50   xdc_runtime_Core_Module__diagsEnabled__C
00007c54   xdc_runtime_Core_Module__diagsIncluded__C
00007c58   xdc_runtime_Core_Module__diagsMask__C
00007c5c   xdc_runtime_Error_E_memory__C
00007c60   xdc_runtime_Error_Module__diagsEnabled__C
00007c64   xdc_runtime_Error_Module__diagsIncluded__C
00007c68   xdc_runtime_Error_Module__diagsMask__C
00007c6c   xdc_runtime_Error_Module__loggerFxn8__C
00007c70   xdc_runtime_Error_Module__loggerObj__C
00007c74   xdc_runtime_Error_raiseHook__C
00007c78   xdc_runtime_IFilterLogger_Interface__BASE__C
00007c7c   xdc_runtime_IGateProvider_Interface__BASE__C
00007c80   xdc_runtime_IHeap_Interface__BASE__C
00007c84   xdc_runtime_ILogger_Interface__BASE__C
00007c88   xdc_runtime_IModule_Interface__BASE__C
00007c8c   xdc_runtime_Log_L_error__C
00007c90   xdc_runtime_LoggerBuf_E_badLevel__C
00007c94   xdc_runtime_LoggerBuf_Module__gateObj__C
00007c98   xdc_runtime_LoggerBuf_Object__count__C
00007c9c   xdc_runtime_LoggerBuf_statusLogger__C
00007ca0   xdc_runtime_Memory_defaultHeapInstance__C
00007ca4   xdc_runtime_Startup_execImpl__C
00007ca8   xdc_runtime_Startup_lastFxns__A
00007cac   xdc_runtime_Startup_maxPasses__C
00007cb0   xdc_runtime_Startup_sfxnRts__C
00007cb4   xdc_runtime_Startup_sfxnTab__C
00007cb8   xdc_runtime_SysMin_bufSize__C
00007cbc   xdc_runtime_SysMin_outputFunc__C
00007cc0   xdc_runtime_System_Module__gateObj__C
00007cc4   xdc_runtime_System_extendFxn__C
00007cc8   xdc_runtime_System_maxAtexitHandlers__C
00007ccc   xdc_runtime_Text_charTab__C
00007cd0   xdc_runtime_Text_nameEmpty__C
00007cd4   xdc_runtime_Text_nameStatic__C
00007cd8   xdc_runtime_Text_nameUnknown__C
00007cdc   xdc_runtime_Text_nodeTab__C
00007ce0   xdc_runtime_Text_visitRopeFxn__C
00007ce4   ti_sysbios_BIOS_Module__id__C
00007ce8   ti_sysbios_family_arm_lm3_TimestampProvider_Module__id__C
00007cec   ti_sysbios_family_arm_lm3_TimestampProvider_useClockTimer__C
00007cf0   ti_sysbios_family_arm_m3_Hwi_Module__id__C
00007cf4   ti_sysbios_family_arm_m3_Hwi_Module__loggerDefined__C
00007cf8   ti_sysbios_gates_GateMutex_Module__id__C
00007cfc   ti_sysbios_hal_Hwi_Module__id__C
00007d00   ti_sysbios_heaps_HeapMem_Module__id__C
00007d04   ti_sysbios_knl_Clock_Module__id__C
00007d08   ti_sysbios_knl_Clock_Module__loggerDefined__C
00007d0c   ti_sysbios_knl_Semaphore_Module__id__C
00007d10   ti_sysbios_knl_Semaphore_Module__loggerDefined__C
00007d14   ti_sysbios_knl_Swi_Module__id__C
00007d18   ti_sysbios_knl_Swi_Module__loggerDefined__C
00007d1c   ti_sysbios_knl_Task_Module__id__C
00007d20   ti_sysbios_knl_Task_Module__loggerDefined__C
00007d24   ti_sysbios_knl_Task_initStackFlag__C
00007d28   xdc_runtime_Core_Module__id__C
00007d2c   xdc_runtime_Error_Module__loggerDefined__C
00007d30   xdc_runtime_Error_maxDepth__C
00007d34   xdc_runtime_LoggerBuf_Module__id__C
00007d38   xdc_runtime_LoggerBuf_filterByLevel__C
00007d3c   xdc_runtime_Memory_Module__id__C
00007d40   xdc_runtime_SysMin_flushAtExit__C
00007d44   xdc_runtime_Text_charCnt__C
00007d48   xdc_runtime_Text_isLoaded__C
00007d4c   xdc_runtime_Text_registryModsLastId__C
00007d50   xdc_runtime_Text_unnamedModsLastId__C
00007d54   xdc_runtime_Error_policy__C
00008110   __TI_Handler_Table_Base
0000811c   __TI_Handler_Table_Limit
00008130   __TI_CINIT_Base
00008148   __TI_CINIT_Limit
20000000   ti_sysbios_family_arm_m3_Hwi_ramVectors
20000140   ti_sysbios_knl_Task_Instance_State_0_stack__A
20000940   ti_sysbios_knl_Task_Instance_State_1_stack__A
20001140   ti_sysbios_heaps_HeapMem_Instance_State_0_buf__A
20001540   xdc_runtime_LoggerBuf_Instance_State_0_entryArr__A
20001740   xdc_runtime_SysMin_Module_State_0_outbuf__A
20001940   __CIOBUF_
20001a8c   g_samples
20001ab4   g_filterIndex
20001ab8   g_size
20001abc   g_sum
20001ac0   g_samplesCollected
20001ac4   ti_sysbios_knl_Task_Instance_State_0_hookEnv__A
20001ac8   ti_sysbios_knl_Task_Instance_State_1_hookEnv__A
20001ad4   __stack
20001cd4   __STACK_TOP
200022d4   __STACK_END
200022d4   ti_sysbios_BIOS_Module__state__V
200022f4   ti_sysbios_family_arm_lm3_Timer_Module__root__V
200022fc   ti_sysbios_family_arm_lm3_Timer_Module_State_0_device__A
20002314   ti_sysbios_family_arm_lm3_Timer_Module_State_0_handles__A
20002320   ti_sysbios_family_arm_lm3_Timer_Module__state__V
2000232c   ti_sysbios_family_arm_lm3_TimestampProvider_Module__state__V
20002334   ti_sysbios_family_arm_m3_Hwi_Module__root__V
2000233c   ti_sysbios_family_arm_m3_Hwi_Module_State_0_excActive__A
20002340   ti_sysbios_family_arm_m3_Hwi_Module_State_0_excContext__A
20002344   ti_sysbios_family_arm_m3_Hwi_Module_State_0_excStack__A
20002348   ti_sysbios_gates_GateHwi_Module__root__V
20002350   ti_sysbios_gates_GateHwi_Object__table__V
20002354   ti_sysbios_gates_GateMutex_Module__root__V
2000235c   ti_sysbios_hal_Hwi_Module__root__V
20002364   ti_sysbios_hal_Hwi_Object__table__V
2000236c   ti_sysbios_hal_Timer_Module__root__V
20002374   ti_sysbios_hal_Timer_Object__table__V
2000237c   ti_sysbios_heaps_HeapMem_Module__root__V
20002384   ti_sysbios_heaps_HeapMem_Object__table__V
2000239c   ti_sysbios_knl_Clock_Module__root__V
200023a4   ti_sysbios_knl_Clock_Object__table__V
200023c4   ti_sysbios_knl_Queue_Module__root__V
200023cc   ti_sysbios_knl_Semaphore_Module__root__V
200023d4   ti_sysbios_knl_Semaphore_Object__table__V
200023e8   ti_sysbios_knl_Swi_Module__root__V
200023f0   ti_sysbios_knl_Swi_Module__state__V
2000240c   ti_sysbios_knl_Task_Module__root__V
20002414   ti_sysbios_knl_Task_Module_State_0_idleTask__A
20002418   xdc_runtime_Error_Module__state__V
2000241c   xdc_runtime_LoggerBuf_Module__root__V
20002424   xdc_runtime_LoggerBuf_Module__state__V
2000242c   xdc_runtime_Memory_Module__state__V
20002430   xdc_runtime_Registry_Module__state__V
20002438   xdc_runtime_Startup_Module__state__V
20002440   xdc_runtime_SysMin_Module__state__V
2000244c   xdc_runtime_System_Module_State_0_atexitHandlers__A
2000245c   xdc_runtime_System_Module__state__V
20002468   xdc_runtime_Text_Module__state__V
20002470   __xdc__init__addr
20002474   ti_sysbios_family_arm_m3_Hwi_Module_State_0_dispatchTable__A
200025b4   ti_sysbios_knl_Task_Object__table__V
20002600   TSK_idle
2000264c   ti_sysbios_knl_Swi_Module_State_0_readyQ__A
200026cc   ti_sysbios_knl_Task_Module_State_0_readyQ__A
2000274c   ti_sysbios_family_arm_m3_Hwi_Module__state__V
200027a0   ti_sysbios_knl_Task_Module__state__V
200027e4   ti_sysbios_gates_GateMutex_Object__table__V
2000281c   ti_sysbios_family_arm_lm3_Timer_Object__table__V
2000284c   ti_sysbios_family_arm_m3_Hwi_Object__table__V
2000287c   ti_sysbios_knl_Swi_Object__table__V
200028ac   ti_sysbios_knl_Clock_Module__state__V
200028d4   xdc_runtime_LoggerBuf_Object__table__V
200028f8   _lock
200028fc   _unlock
20002900   _cleanup_ptr
20002904   _dtors_ptr
20002910   main_func_sp
e000e000   ti_sysbios_family_arm_m3_Hwi_nvic
ffffffff   __binit__
ffffffff   __c_args__
ffffffff   binit
UNDEFED    SHT$$INIT_ARRAY$$Base
UNDEFED    SHT$$INIT_ARRAY$$Limit

[693 symbols]
