******************************************************************************
                  TI ARM Linker PC v5.0.4                      
******************************************************************************
>> Linked Wed Apr 29 15:37:19 2015

OUTPUT FILE NAME:   <ECE3849d15_Lab3CAN_Cmrypkema_sdmichelin.out>
ENTRY POINT SYMBOL: "_c_int00"  address: 000043b5


MEMORY CONFIGURATION

         name            origin    length      used     unused   attr    fill
----------------------  --------  ---------  --------  --------  ----  --------
  FLASH                 00000000   00010000  0000760d  000089f3  R  X
  SRAM                  20000000   00004000  0000207c  00001f84  RW X


SEGMENT ALLOCATION MAP

run origin  load origin   length   init length attrs members
----------  ----------- ---------- ----------- ----- -------
00000000    00000000    00007610   00007610    r-x
  00000000    00000000    00000140   00000140    r-- .resetVecs
  00000140    00000140    00005434   00005434    r-x .text
  00005574    00005574    00001ce9   00001ce9    r-- .const
  00007260    00007260    000003b0   000003b0    r-- .cinit
20000000    20000000    00001a9c   00000000    rw-
  20000000    20000000    00000140   00000000    rw- .vecs
  20000140    20000140    0000115c   00000000    rw- .bss
  2000129c    2000129c    00000800   00000000    rw- .stack
20001a9c    20001a9c    000005e0   000005e0    rw-
  20001a9c    20001a9c    000005e0   000005e0    rw- .data


SECTION ALLOCATION MAP

 output                                  attributes/
section   page    origin      length       input sections
--------  ----  ----------  ----------   ----------------
.bootVecs 
*          0    00000000    00000008     DSECT
                  00000000    00000008     boot.aem3 : boot.oem3 (.bootVecs)

.resetVecs 
*          0    00000000    00000140     
                  00000000    00000140     app_pem3.oem3 (.resetVecs)

xdc.meta   0    00000000    000000f0     COPY SECTION
                  00000000    000000f0     app_pem3.oem3 (xdc.meta)

.init_array 
*          0    00000000    00000000     UNINITIALIZED

.text      0    00000140    00005434     
                  00000140    00000424     sysbios.aem3 : BIOS.obj (.text:ti_sysbios_family_arm_m3_Hwi_excDumpRegs__I)
                  00000564    00000340     ti.targets.arm.rtsarm.aem3 : System.oem3 (.text:xdc_runtime_System_doPrint__I)
                  000008a4    000002e4     rtsv7M3_T_le_eabi.lib : trgdrv.obj (.text)
                  00000b88    00000278     sysbios.aem3 : BIOS.obj (.text:ti_sysbios_knl_Semaphore_pend__E)
                  00000e00    00000248                  : BIOS.obj (.text:ti_sysbios_heaps_HeapMem_free__E)
                  00001048    00000234                  : BIOS.obj (.text:ti_sysbios_heaps_HeapMem_alloc__E)
                  0000127c    000001fc     main.obj (.text)
                  00001478    000001ec     sysbios.aem3 : BIOS.obj (.text:ti_sysbios_family_arm_m3_Hwi_excHandlerMax__I)
                  00001664    00000168                  : BIOS.obj (.text:ti_sysbios_family_arm_m3_Hwi_excBusFault__I)
                  000017cc    00000154                  : BIOS.obj (.text:ti_sysbios_family_arm_m3_Hwi_excUsageFault__I)
                  00001920    00000140                  : BIOS.obj (.text:ti_sysbios_family_arm_m3_Hwi_excMemFault__I)
                  00001a60    00000140                  : BIOS.obj (.text:ti_sysbios_knl_Semaphore_post__E)
                  00001ba0    0000013c                  : BIOS.obj (.text:ti_sysbios_heaps_HeapMem_Instance_init__F)
                  00001cdc    0000013c     ti.targets.arm.rtsarm.aem3 : Error.oem3 (.text:xdc_runtime_Error_raiseX__F)
                  00001e18    0000012c                                : LoggerBuf.oem3 (.text:xdc_runtime_LoggerBuf_write8__F)
                  00001f44    00000124     sysbios.aem3 : BIOS.obj (.text:ti_sysbios_family_arm_m3_Hwi_dispatchC__I)
                  00002068    00000120                  : BIOS.obj (.text:ti_sysbios_knl_Clock_workFunc__E)
                  00002188    0000011c     Boot.aem3 : Boot.oem3 (.text:.bootCodeSection:ti_catalog_arm_cortexm3_lm3init_Boot_sysCtlClockSet)
                  000022a4    00000110     sysbios.aem3 : BIOS.obj (.text:ti_sysbios_knl_Swi_run__I)
                  000023b4    00000108                  : BIOS.obj (.text:ti_sysbios_knl_Task_exit__E)
                  000024bc    00000104                  : m3_Hwi_asm.obj (.text:ti_sysbios_family_arm_m3_Hwi_dispatch__I)
                  000025c0    00000104     ti.targets.arm.rtsarm.aem3 : Core-mem.oem3 (.text:xdc_runtime_Core_createObject__I)
                  000026c4    000000fc     sysbios.aem3 : BIOS.obj (.text:ti_sysbios_knl_Task_schedule__I)
                  000027c0    000000f8     ti.targets.arm.rtsarm.aem3 : Startup.oem3 (.text:xdc_runtime_Startup_startMods__I)
                  000028b8    000000f8     app_pem3.oem3 (.text:xdc_runtime_System_printfExtend__I)
                  000029b0    000000f4     sysbios.aem3 : BIOS.obj (.text:ti_sysbios_knl_Task_postInit__I)
                  00002aa4    000000f4                  : BIOS.obj (.text:ti_sysbios_knl_Task_startCore__E)
                  00002b98    000000ec     rtsv7M3_T_le_eabi.lib : dtor_list.obj (.text)
                  00002c84    000000dc     sysbios.aem3 : BIOS.obj (.text:ti_sysbios_family_arm_m3_Hwi_initNVIC__E)
                  00002d60    000000cc     ti.targets.arm.rtsarm.aem3 : LoggerBuf.oem3 (.text:xdc_runtime_LoggerBuf_write4__F)
                  00002e2c    000000c8     driverlib-cm3.lib : gpio.obj (.text:GPIOPadConfigSet)
                  00002ef4    000000c0     sysbios.aem3 : BIOS.obj (.text:ti_sysbios_family_arm_lm3_Timer_startup__E)
                  00002fb4    000000b8                  : BIOS.obj (.text:ti_sysbios_knl_Task_unblockI__E)
                  0000306c    000000b4                  : BIOS.obj (.text:ti_sysbios_family_arm_m3_Hwi_excHardFault__I)
                  00003120    000000b4                  : BIOS.obj (.text:ti_sysbios_gates_GateMutex_enter__E)
                  000031d4    000000b4                  : BIOS.obj (.text:ti_sysbios_knl_Task_checkStacks__E)
                  00003288    000000b0                  : BIOS.obj (.text:ti_sysbios_family_arm_m3_Hwi_excDebugMon__I)
                  00003338    000000ac                  : BIOS.obj (.text:ti_sysbios_knl_Swi_schedule__I)
                  000033e4    000000a8                  : BIOS.obj (.text:ti_sysbios_knl_Semaphore_Instance_init__F)
                  0000348c    000000a8                  : BIOS.obj (.text:ti_sysbios_knl_Swi_post__E)
                  00003534    000000a4                  : BIOS.obj (.text:ti_sysbios_family_arm_m3_Hwi_Module_startup__F)
                  000035d8    000000a0     auto_init.aem3 : auto_init.oem3 (.text)
                  00003678    000000a0     sysbios.aem3 : BIOS.obj (.text:ti_sysbios_family_arm_lm3_TimestampProvider_get64__E)
                  00003718    0000009c     rtsv7M3_T_le_eabi.lib : memcpy_t2.obj (.text)
                  000037b4    0000009c     sysbios.aem3 : BIOS.obj (.text:ti_sysbios_knl_Task_blockI__E)
                  00003850    0000009a     ti.targets.arm.rtsarm.aem3 : Text.oem3 (.text:xdc_runtime_Text_putSite__F)
                  000038ea    00000002     sysbios.aem3 : BIOS.obj (.text:ti_sysbios_BIOS_nullFunc__I)
                  000038ec    00000094     ti.targets.arm.rtsarm.aem3 : Text.oem3 (.text:xdc_runtime_Text_putMod__F)
                  00003980    00000090     sysbios.aem3 : BIOS.obj (.text:ti_sysbios_family_arm_lm3_Timer_initDevice__I)
                  00003a10    00000080                  : BIOS.obj (.text:ti_sysbios_knl_Task_Module_startup__F)
                  00003a90    00000080     ti.targets.arm.rtsarm.aem3 : LoggerBuf.oem3 (.text:xdc_runtime_LoggerBuf_setFilterLevel__F)
                  00003b10    0000007c     sysbios.aem3 : BIOS.obj (.text:ti_sysbios_family_arm_lm3_Timer_Module_startup__F)
                  00003b8c    00000078     rtsv7M3_T_le_eabi.lib : memset_t2.obj (.text)
                  00003c04    00000070     sysbios.aem3 : BIOS.obj (.text:ti_sysbios_BIOS_rtsUnlock__I)
                  00003c74    00000070     ti.targets.arm.rtsarm.aem3 : Memory.oem3 (.text:xdc_runtime_Memory_alloc__F)
                  00003ce4    0000006c                                : Error.oem3 (.text:xdc_runtime_Error_print__F)
                  00003d50    0000006c                                : LoggerBuf.oem3 (.text:xdc_runtime_LoggerBuf_getFilterLevel__F)
                  00003dbc    00000066                                : Core-mem.oem3 (.text:xdc_runtime_Core_deleteObject__I)
                  00003e22    00000002     sysbios.aem3 : BIOS.obj (.text:ti_sysbios_gates_GateHwi_Instance_init__F)
                  00003e24    00000060     rtsv7M3_T_le_eabi.lib : trgmsg.obj (.text)
                  00003e84    00000060     sysbios.aem3 : BIOS.obj (.text:ti_sysbios_family_arm_lm3_TimestampProvider_initTimerHandle__I)
                  00003ee4    00000060                  : BIOS.obj (.text:ti_sysbios_knl_Clock_logTick__E)
                  00003f44    00000060     app_pem3.oem3 (.text:xdc_runtime_LoggerBuf_Object__create__S)
                  00003fa4    0000005e     rtsv7M3_T_le_eabi.lib : copy_decompress_rle.obj (.text)
                  00004002    00000002     --HOLE-- [fill = 0]
                  00004004    0000005c     sysbios.aem3 : BIOS.obj (.text:ti_sysbios_knl_Swi_restoreHwi__E)
                  00004060    0000005b     ti.targets.arm.rtsarm.aem3 : Text.oem3 (.text:xdc_runtime_Text_putLab__F)
                  000040bb    00000001     --HOLE-- [fill = 0]
                  000040bc    00000058     driverlib-cm3.lib : sysctl.obj (.text:SysCtlPeripheralEnable)
                  00004114    00000050     ti.targets.arm.rtsarm.aem3 : Startup.oem3 (.text:xdc_runtime_Startup_exec__F)
                  00004164    00000050                                : System.oem3 (.text:xdc_runtime_System_formatNum__I)
                  000041b4    0000004c     sysbios.aem3 : m3_TaskSupport_asm.obj (.text:_ti_sysbios_family_arm_m3_TaskSupport_buildTaskStack)
                  00004200    0000004c     ti.targets.arm.rtsarm.aem3 : Text.oem3 (.text:xdc_runtime_Text_visitRope2__I)
                  0000424c    00000048     sysbios.aem3 : BIOS.obj (.text:ti_sysbios_family_arm_m3_Hwi_excReserved__I)
                  00004294    00000048                  : BIOS.obj (.text:ti_sysbios_heaps_HeapMem_getStats__E)
                  000042dc    00000048                  : BIOS.obj (.text:ti_sysbios_knl_Task_allBlockedFunction__I)
                  00004324    00000048     ti.targets.arm.rtsarm.aem3 : Assert.oem3 (.text:xdc_runtime_Assert_raise__I)
                  0000436c    00000048                                : Core-params.oem3 (.text:xdc_runtime_Core_assignParams__I)
                  000043b4    00000044     boot.aem3 : boot.oem3 (.text)
                  000043f8    00000044     rtsv7M3_T_le_eabi.lib : cpy_tbl.obj (.text)
                  0000443c    00000044     sysbios.aem3 : BIOS.obj (.text:ti_sysbios_BIOS_errorRaiseHook__I)
                  00004480    00000044                  : BIOS.obj (.text:ti_sysbios_family_arm_lm3_Timer_enableTimers__I)
                  000044c4    00000044                  : BIOS.obj (.text:ti_sysbios_family_arm_m3_Hwi_disableInterrupt__E)
                  00004508    00000044                  : BIOS.obj (.text:ti_sysbios_family_arm_m3_Hwi_enableInterrupt__E)
                  0000454c    00000044     ti.targets.arm.rtsarm.aem3 : LoggerBuf.oem3 (.text:xdc_runtime_LoggerBuf_filterOutEvent__I)
                  00004590    00000044                                : SysMin.oem3 (.text:xdc_runtime_SysMin_flush__F)
                  000045d4    00000040     rtsv7M3_T_le_eabi.lib : exit.obj (.text)
                  00004614    00000040     sysbios.aem3 : BIOS.obj (.text:ti_sysbios_knl_Semaphore_pendTimeout__I)
                  00004654    00000040     ti.targets.arm.rtsarm.aem3 : System.oem3 (.text:xdc_runtime_System_atexit__F)
                  00004694    0000003c     sysbios.aem3 : BIOS.obj (.text:ti_sysbios_family_arm_m3_Hwi_excSvCall__I)
                  000046d0    0000003c                  : BIOS.obj (.text:ti_sysbios_heaps_HeapMem_init__I)
                  0000470c    0000003c                  : BIOS.obj (.text:ti_sysbios_knl_Swi_startup__E)
                  00004748    0000003c     ti.targets.arm.rtsarm.aem3 : Text.oem3 (.text:xdc_runtime_Text_xprintf__I)
                  00004784    00000038     sysbios.aem3 : BIOS.obj (.text:ti_sysbios_family_arm_m3_Hwi_excNoIsr__I)
                  000047bc    00000038                  : BIOS.obj (.text:ti_sysbios_family_arm_m3_Hwi_getStackInfo__E)
                  000047f4    00000038                  : BIOS.obj (.text:ti_sysbios_family_arm_m3_TaskSupport_start__E)
                  0000482c    00000038     app_pem3.oem3 (.text:ti_sysbios_knl_Semaphore_Object__create__S)
                  00004864    00000038     ti.targets.arm.rtsarm.aem3 : LoggerBuf.oem3 (.text:xdc_runtime_LoggerBuf_Instance_init__F)
                  0000489c    00000038                                : SysMin.oem3 (.text:xdc_runtime_SysMin_putch__F)
                  000048d4    00000034     sysbios.aem3 : BIOS.obj (.text:ti_sysbios_family_arm_m3_Hwi_excNmi__I)
                  00004908    00000034     app_pem3.oem3 (.text:ti_sysbios_gates_GateHwi_Object__create__S)
                  0000493c    00000034     app_pem3.oem3 (.text:ti_sysbios_gates_GateMutex_Object__create__S)
                  00004970    00000034     sysbios.aem3 : BIOS.obj (.text:ti_sysbios_hal_Hwi_checkStack:ti_sysbios_hal_Hwi_checkStack)
                  000049a4    00000034     app_pem3.oem3 (.text:ti_sysbios_heaps_HeapMem_Object__create__S)
                  000049d8    00000034     app_pem3.oem3 (.text:ti_sysbios_knl_Queue_Object__create__S)
                  00004a0c    00000030     app_pem3.oem3 (.text:ti_sysbios_BIOS_exitFunc__I)
                  00004a3c    00000030     sysbios.aem3 : BIOS.obj (.text:ti_sysbios_knl_Idle_run__E)
                  00004a6c    00000030     ti.targets.arm.rtsarm.aem3 : Core-label.oem3 (.text:xdc_runtime_Core_assignLabel__I)
                  00004a9c    00000030                                : SysMin.oem3 (.text:xdc_runtime_SysMin_abort__F)
                  00004acc    0000002f                                : Text.oem3 (.text:xdc_runtime_Text_printVisFxn__I)
                  00004afb    00000001     --HOLE-- [fill = 0]
                  00004afc    0000002e     driverlib-cm3.lib : gpio.obj (.text:GPIODirModeSet)
                  00004b2a    0000002e     app_pem3.oem3 (.text:malloc)
                  00004b58    0000002c     sysbios.aem3 : BIOS.obj (.text:ti_sysbios_hal_Hwi_initStack:ti_sysbios_hal_Hwi_initStack)
                  00004b84    0000002c     app_pem3.oem3 (.text:ti_sysbios_knl_Clock_doTick__I)
                  00004bb0    0000002c     sysbios.aem3 : BIOS.obj (.text:ti_sysbios_knl_Task_restore__E)
                  00004bdc    0000002c     ti.targets.arm.rtsarm.aem3 : System.oem3 (.text:xdc_runtime_System_rtsExit__I)
                  00004c08    0000002c                                : Text.oem3 (.text:xdc_runtime_Text_cordText__F)
                  00004c34    0000002a                                : System.oem3 (.text:xdc_runtime_System_putchar__I)
                  00004c5e    00000002     --HOLE-- [fill = 0]
                  00004c60    00000028     sysbios.aem3 : BIOS.obj (.text:ti_sysbios_gates_GateMutex_Instance_init__F)
                  00004c88    00000028     ti.targets.arm.rtsarm.aem3 : LoggerBuf.oem3 (.text:xdc_runtime_LoggerBuf_Module_startup__F)
                  00004cb0    00000026                                : System.oem3 (.text:xdc_runtime_System_avprintf__F)
                  00004cd6    00000002     --HOLE-- [fill = 0]
                  00004cd8    00000024     driverlib-cm3.lib : timer.obj (.text:TimerConfigure)
                  00004cfc    00000024     sysbios.aem3 : BIOS.obj (.text:ti_sysbios_BIOS_registerRTSLock__I)
                  00004d20    00000024     app_pem3.oem3 (.text:ti_sysbios_BIOS_startFunc__I)
                  00004d44    00000024     sysbios.aem3 : BIOS.obj (.text:ti_sysbios_family_arm_lm3_Timer_isrStub__E)
                  00004d68    00000024                  : BIOS.obj (.text:ti_sysbios_family_arm_m3_Hwi_doTaskRestore__I)
                  00004d8c    00000024     app_pem3.oem3 (.text:ti_sysbios_gates_GateMutex_Object__delete__S)
                  00004db0    00000024     sysbios.aem3 : BIOS.obj (.text:ti_sysbios_knl_Clock_Module_startup__F)
                  00004dd4    00000024                  : BIOS.obj (.text:ti_sysbios_knl_Swi_Module_startup__F)
                  00004df8    00000024     ti.targets.arm.rtsarm.aem3 : System.oem3 (.text:xdc_runtime_System_vprintf__F)
                  00004e1c    00000022     app_pem3.oem3 (.text:xdc_runtime_SysMin_output__I)
                  00004e3e    00000002     --HOLE-- [fill = 0]
                  00004e40    00000020     app_pem3.oem3 (.text:ti_sysbios_gates_GateHwi_Object__delete__S)
                  00004e60    00000020     app_pem3.oem3 (.text:ti_sysbios_heaps_HeapMem_Object__delete__S)
                  00004e80    00000020     app_pem3.oem3 (.text:ti_sysbios_knl_Semaphore_Object__destruct__S)
                  00004ea0    00000020     sysbios.aem3 : BIOS.obj (.text:ti_sysbios_knl_Task_enter__I)
                  00004ec0    00000020     app_pem3.oem3 (.text:xdc_runtime_LoggerBuf_Object__delete__S)
                  00004ee0    00000020     ti.targets.arm.rtsarm.aem3 : LoggerBuf.oem3 (.text:xdc_runtime_LoggerBuf_reset__F)
                  00004f00    00000020                                : Registry.oem3 (.text:xdc_runtime_Registry_findById__F)
                  00004f20    00000020                                : SysMin.oem3 (.text:xdc_runtime_SysMin_Module_startup__F)
                  00004f40    0000001c     sysbios.aem3 : BIOS.obj (.text:ti_sysbios_BIOS_rtsLock__I)
                  00004f5c    0000001c     app_pem3.oem3 (.text:ti_sysbios_knl_Queue_Object__destruct__S)
                  00004f78    0000001c     ti.targets.arm.rtsarm.aem3 : Error.oem3 (.text:xdc_runtime_Error_check__F)
                  00004f94    0000001c                                : Memory.oem3 (.text:xdc_runtime_Memory_valloc__F)
                  00004fb0    0000001c                                : SysMin.oem3 (.text:xdc_runtime_SysMin_exit__F)
                  00004fcc    0000001a     app_pem3.oem3 (.text:ti_sysbios_family_arm_m3_Hwi_Handle__label__S)
                  00004fe6    0000001a     app_pem3.oem3 (.text:ti_sysbios_gates_GateHwi_Handle__label__S)
                  00005000    0000001a     app_pem3.oem3 (.text:ti_sysbios_gates_GateMutex_Handle__label__S)
                  0000501a    0000001a     app_pem3.oem3 (.text:ti_sysbios_heaps_HeapMem_Handle__label__S)
                  00005034    0000001a     app_pem3.oem3 (.text:ti_sysbios_knl_Swi_Handle__label__S)
                  0000504e    0000001a     app_pem3.oem3 (.text:ti_sysbios_knl_Task_Handle__label__S)
                  00005068    0000001a     app_pem3.oem3 (.text:xdc_runtime_LoggerBuf_Handle__label__S)
                  00005082    0000001a     app_pem3.oem3 (.text:xdc_runtime_System_aprintf__E)
                  0000509c    0000001a     app_pem3.oem3 (.text:xdc_runtime_System_printf__E)
                  000050b6    00000018     sysbios.aem3 : m3_Hwi_asm_switch.obj (.text:_ti_sysbios_family_arm_m3_Hwi_initStacks__E)
                  000050ce    00000018     app_pem3.oem3 (.text:free)
                  000050e6    00000002     --HOLE-- [fill = 0]
                  000050e8    00000018     rtsv7M3_T_le_eabi.lib : args_main.obj (.text)
                  00005100    00000018     app_pem3.oem3 (.text:ti_sysbios_family_arm_lm3_Timer_Module__startupDone__F)
                  00005118    00000018     app_pem3.oem3 (.text:ti_sysbios_family_arm_m3_Hwi_Module__startupDone__F)
                  00005130    00000018     sysbios.aem3 : BIOS.obj (.text:ti_sysbios_gates_GateMutex_leave__E)
                  00005148    00000018     app_pem3.oem3 (.text:ti_sysbios_hal_Timer_Module__startupDone__F)
                  00005160    00000018     ti.targets.arm.rtsarm.aem3 : Text.oem3 (.text:xdc_runtime_Text_ropeText__F)
                  00005178    00000014     driverlib-cm3.lib : timer.obj (.text:TimerDisable)
                  0000518c    00000014     rtsv7M3_T_le_eabi.lib : _lock.obj (.text)
                  000051a0    00000014                           : strlen.obj (.text)
                  000051b4    00000014     sysbios.aem3 : BIOS.obj (.text:ti_sysbios_family_arm_m3_Hwi_switchFromBootStack__E)
                  000051c8    00000014     app_pem3.oem3 (.text:ti_sysbios_heaps_HeapMem_Object__get__S)
                  000051dc    00000014     app_pem3.oem3 (.text:ti_sysbios_knl_Swi_Object__get__S)
                  000051f0    00000014     ti.targets.arm.rtsarm.aem3 : LoggerBuf.oem3 (.text:xdc_runtime_LoggerBuf_Instance_finalize__F)
                  00005204    00000014     app_pem3.oem3 (.text:xdc_runtime_LoggerBuf_Object__get__S)
                  00005218    00000014     ti.targets.arm.rtsarm.aem3 : LoggerBuf.oem3 (.text:xdc_runtime_LoggerBuf_write2__F)
                  0000522c    00000014                                : System.oem3 (.text:xdc_runtime_System_abort__F)
                  00005240    00000012     driverlib-cm3.lib : timer.obj (.text:TimerControlEvent)
                  00005252    00000012                       : timer.obj (.text:TimerLoadSet)
                  00005264    00000012     rtsv7M3_T_le_eabi.lib : copy_zero_init.obj (.text:decompress:ZI)
                  00005276    00000012                           : strcpy.obj (.text)
                  00005288    00000012     sysbios.aem3 : BIOS.obj (.text:ti_sysbios_hal_Hwi_Module_startup__F)
                  0000529a    00000012                  : BIOS.obj (.text:ti_sysbios_hal_Timer_Module_startup__F)
                  000052ac    00000012     ti.targets.arm.rtsarm.aem3 : LoggerBuf.oem3 (.text:xdc_runtime_LoggerBuf_write1__F)
                  000052be    00000012     app_pem3.oem3 (.text:xdc_runtime_Startup_exec__I)
                  000052d0    00000010     sysbios.aem3 : m3_TaskSupport_asm.obj (.text:_ti_sysbios_family_arm_m3_TaskSupport_glue)
                  000052e0    00000010                  : m3_TaskSupport_asm.obj (.text:_ti_sysbios_family_arm_m3_TaskSupport_swap__E)
                  000052f0    00000010                  : m3_Hwi_asm_switch.obj (.text:_ti_sysbios_family_xxx_Hwi_switchToIsrStack)
                  00005300    00000010                  : BIOS.obj (.text:ti_sysbios_BIOS_setThreadType__E)
                  00005310    00000010                  : BIOS.obj (.text:ti_sysbios_BIOS_start__E)
                  00005320    00000010                  : BIOS.obj (.text:ti_sysbios_family_arm_m3_Hwi_excHandler__I)
                  00005330    00000010                  : BIOS.obj (.text:ti_sysbios_gates_GateMutex_Instance_finalize__F)
                  00005340    00000010                  : BIOS.obj (.text:ti_sysbios_knl_Semaphore_Instance_finalize__F)
                  00005350    00000010                  : BIOS.obj (.text:ti_sysbios_knl_Swi_disable__E)
                  00005360    00000010     app_pem3.oem3 (.text:ti_sysbios_knl_Task_Object__get__S)
                  00005370    00000010     sysbios.aem3 : BIOS.obj (.text:ti_sysbios_knl_Task_disable__E)
                  00005380    00000010     ti.targets.arm.rtsarm.aem3 : Gate.oem3 (.text:xdc_runtime_Gate_leaveSystem__F)
                  00005390    00000010                                : LoggerBuf.oem3 (.text:xdc_runtime_LoggerBuf_write0__F)
                  000053a0    00000010                                : Memory.oem3 (.text:xdc_runtime_Memory_free__F)
                  000053b0    00000010                                : SysMin.oem3 (.text:xdc_runtime_SysMin_ready__F)
                  000053c0    00000010                                : System.oem3 (.text:xdc_runtime_System_vsnprintf__F)
                  000053d0    00000010     app_pem3.oem3 (.text:xdc_runtime_Text_visitRope__I)
                  000053e0    0000000e     driverlib-cm3.lib : timer.obj (.text:TimerEnable)
                  000053ee    0000000e     rtsv7M3_T_le_eabi.lib : copy_decompress_none.obj (.text:decompress:none)
                  000053fc    0000000e     sysbios.aem3 : BIOS.obj (.text:ti_sysbios_family_arm_m3_TaskSupport_checkStack__E)
                  0000540a    0000000e                  : BIOS.obj (.text:ti_sysbios_knl_Queue_empty__E)
                  00005418    0000000c     app_pem3.oem3 (.text:.bootCodeSection:ti_catalog_arm_cortexm3_lm3init_Boot_init)
                  00005424    0000000c     sysbios.aem3 : m3_Hwi_asm_switch.obj (.text:_ti_sysbios_family_xxx_Hwi_switchToTaskStack)
                  00005430    0000000c                  : BIOS.obj (.text:ti_sysbios_gates_GateHwi_enter__E)
                  0000543c    0000000c     app_pem3.oem3 (.text:ti_sysbios_knl_Queue_Object__get__S)
                  00005448    0000000c     ti.targets.arm.rtsarm.aem3 : Error.oem3 (.text:xdc_runtime_Error_init__F)
                  00005454    0000000c                                : Gate.oem3 (.text:xdc_runtime_Gate_enterSystem__F)
                  00005460    0000000c                                : Memory.oem3 (.text:xdc_runtime_Memory_calloc__F)
                  0000546c    0000000c                                : Memory.oem3 (.text:xdc_runtime_Memory_getMaxDefaultTypeAlign__F)
                  00005478    0000000c                                : System.oem3 (.text:xdc_runtime_System_exit__F)
                  00005484    0000000c                                : System.oem3 (.text:xdc_runtime_System_lastFxn__I)
                  00005490    0000000a     app_pem3.oem3 (.text:xdc_runtime_IHeap_alloc)
                  0000549a    0000000a     app_pem3.oem3 (.text:xdc_runtime_IHeap_free)
                  000054a4    0000000a     ti.targets.arm.rtsarm.aem3 : LoggerBuf.oem3 (.text:xdc_runtime_LoggerBuf_disable__F)
                  000054ae    0000000a                                : LoggerBuf.oem3 (.text:xdc_runtime_LoggerBuf_enable__F)
                  000054b8    00000008     driverlib-cm3.lib : comp.obj (.text:ComparatorConfigure)
                  000054c0    00000008                       : timer.obj (.text:TimerIntEnable)
                  000054c8    00000008     sysbios.aem3 : BIOS.obj (.text:ti_sysbios_family_arm_m3_Hwi_doSwiRestore__I)
                  000054d0    00000008                  : BIOS.obj (.text:ti_sysbios_family_arm_m3_Hwi_startup__E)
                  000054d8    00000008                  : BIOS.obj (.text:ti_sysbios_knl_Idle_loop__E)
                  000054e0    00000006     Boot.aem3 : Boot.oem3 (.text)
                  000054e6    00000006     ti.targets.arm.rtsarm.aem3 : xdc_noinit.oem3 (.text:__xdc__init)
                  000054ec    00000006     rtsv7M3_T_le_eabi.lib : copy_decompress_rle.obj (.text:decompress:rle24)
                  000054f2    00000006     sysbios.aem3 : BIOS.obj (.text:ti_sysbios_family_arm_lm3_TimestampProvider_Module_startup__F)
                  000054f8    00000006                  : BIOS.obj (.text:ti_sysbios_gates_GateHwi_leave__E)
                  000054fe    00000006                  : BIOS.obj (.text:ti_sysbios_heaps_HeapMem_isBlocking__E)
                  00005504    00000006                  : BIOS.obj (.text:ti_sysbios_knl_Queue_Instance_init__F)
                  0000550a    00000006     ti.targets.arm.rtsarm.aem3 : System.oem3 (.text:xdc_runtime_System_Module_startup__F)
                  00005510    00000004     driverlib-cm3.lib : comp.obj (.text:ComparatorRefSet)
                  00005514    00000004     app_pem3.oem3 (.text:ti_sysbios_BIOS_RtsGateProxy_enter__E)
                  00005518    00000004     app_pem3.oem3 (.text:ti_sysbios_BIOS_RtsGateProxy_leave__E)
                  0000551c    00000004     sysbios.aem3 : BIOS.obj (.text:ti_sysbios_family_arm_lm3_Timer_getPeriod__E)
                  00005520    00000004     app_pem3.oem3 (.text:ti_sysbios_family_arm_m3_TaskSupport_Module__startupDone__S)
                  00005524    00000004     sysbios.aem3 : BIOS.obj (.text:ti_sysbios_gates_GateHwi_query__F)
                  00005528    00000004                  : BIOS.obj (.text:ti_sysbios_gates_GateMutex_query__F)
                  0000552c    00000004     app_pem3.oem3 (.text:ti_sysbios_hal_Hwi_HwiProxy_Module__startupDone__S)
                  00005530    00000004     app_pem3.oem3 (.text:ti_sysbios_hal_Timer_TimerProxy_Module__startupDone__S)
                  00005534    00000004     app_pem3.oem3 (.text:ti_sysbios_hal_Timer_TimerProxy_getPeriod__E)
                  00005538    00000004     app_pem3.oem3 (.text:ti_sysbios_heaps_HeapMem_Module_GateProxy_enter__E)
                  0000553c    00000004     app_pem3.oem3 (.text:ti_sysbios_heaps_HeapMem_Module_GateProxy_leave__E)
                  00005540    00000004     app_pem3.oem3 (.text:ti_sysbios_knl_Task_SupportProxy_Module__startupDone__S)
                  00005544    00000004     sysbios.aem3 : BIOS.obj (.text:ti_sysbios_knl_Task_startup__E)
                  00005548    00000004     ti.targets.arm.rtsarm.aem3 : Error.oem3 (.text:xdc_runtime_Error_getSite__F)
                  0000554c    00000004     app_pem3.oem3 (.text:xdc_runtime_LoggerBuf_Module_GateProxy_enter__E)
                  00005550    00000004     app_pem3.oem3 (.text:xdc_runtime_LoggerBuf_Module_GateProxy_leave__E)
                  00005554    00000004     app_pem3.oem3 (.text:xdc_runtime_Memory_HeapProxy_alloc__E)
                  00005558    00000004     app_pem3.oem3 (.text:xdc_runtime_Memory_HeapProxy_free__E)
                  0000555c    00000004     app_pem3.oem3 (.text:xdc_runtime_Startup_reset__I)
                  00005560    00000004     app_pem3.oem3 (.text:xdc_runtime_System_Module_GateProxy_enter__E)
                  00005564    00000004     app_pem3.oem3 (.text:xdc_runtime_System_Module_GateProxy_leave__E)
                  00005568    00000004     ti.targets.arm.rtsarm.aem3 : System.oem3 (.text:xdc_runtime_System_aprintf_va__F)
                  0000556c    00000004                                : System.oem3 (.text:xdc_runtime_System_printf_va__F)
                  00005570    00000004     app_pem3.oem3 (.text:xdc_runtime_System_vsnprintf__E)

.const     0    00005574    00001ce9     
                  00005574    000015e8     app_pem3.oem3 (.const:xdc_runtime_Text_charTab__A)
                  00006b5c    000000b0     app_pem3.oem3 (.const:xdc_runtime_Text_nodeTab__A)
                  00006c0c    00000050     app_pem3.oem3 (.const:ti_sysbios_family_arm_m3_Hwi_priorities__A)
                  00006c5c    00000048     app_pem3.oem3 (.const:.string)
                  00006ca4    00000040     driverlib-cm3.lib : sysctl.obj (.const)
                  00006ce4    0000003c     app_pem3.oem3 (.const:xdc_runtime_LoggerBuf_Module__FXNS__C)
                  00006d20    0000002c     app_pem3.oem3 (.const:xdc_runtime_Startup_sfxnTab__A)
                  00006d4c    00000028     app_pem3.oem3 (.const:ti_sysbios_heaps_HeapMem_Module__FXNS__C)
                  00006d74    00000024     app_pem3.oem3 (.const:ti_sysbios_gates_GateHwi_Module__FXNS__C)
                  00006d98    00000024     app_pem3.oem3 (.const:ti_sysbios_gates_GateMutex_Module__FXNS__C)
                  00006dbc    00000024     app_pem3.oem3 (.const:ti_sysbios_heaps_HeapMem_Object__PARAMS__C)
                  00006de0    00000024     app_pem3.oem3 (.const:ti_sysbios_knl_Semaphore_Object__PARAMS__C)
                  00006e04    00000024     app_pem3.oem3 (.const:xdc_runtime_LoggerBuf_Object__PARAMS__C)
                  00006e28    00000020     app_pem3.oem3 (.const:ti_sysbios_gates_GateHwi_Object__DESC__C)
                  00006e48    00000020     app_pem3.oem3 (.const:ti_sysbios_gates_GateMutex_Object__DESC__C)
                  00006e68    00000020     app_pem3.oem3 (.const:ti_sysbios_heaps_HeapMem_Object__DESC__C)
                  00006e88    00000020     app_pem3.oem3 (.const:ti_sysbios_knl_Queue_Object__DESC__C)
                  00006ea8    00000020     app_pem3.oem3 (.const:ti_sysbios_knl_Semaphore_Object__DESC__C)
                  00006ec8    00000020     app_pem3.oem3 (.const:xdc_runtime_LoggerBuf_Object__DESC__C)
                  00006ee8    00000018     app_pem3.oem3 (.const:ti_sysbios_gates_GateHwi_Object__PARAMS__C)
                  00006f00    00000018     app_pem3.oem3 (.const:ti_sysbios_gates_GateMutex_Object__PARAMS__C)
                  00006f18    00000018     app_pem3.oem3 (.const:ti_sysbios_knl_Queue_Object__PARAMS__C)
                  00006f30    00000018     app_pem3.oem3 (.const:ti_sysbios_knl_Task_hooks__A)
                  00006f48    00000016     app_pem3.oem3 (.const:xdc_runtime_Startup_sfxnRts__A)
                  00006f5e    00000002     --HOLE-- [fill = 0]
                  00006f60    00000014     app_pem3.oem3 (.const:xdc_runtime_Startup_firstFxns__A)
                  00006f74    00000011     ti.targets.arm.rtsarm.aem3 : System.oem3 (.const)
                  00006f85    00000003     --HOLE-- [fill = 0]
                  00006f88    00000008     app_pem3.oem3 (.const:ti_sysbios_family_arm_m3_Hwi_excHookFuncs__A)
                  00006f90    00000008     app_pem3.oem3 (.const:ti_sysbios_knl_Idle_coreList__C)
                  00006f98    00000008     app_pem3.oem3 (.const:ti_sysbios_knl_Idle_funcList__C)
                  00006fa0    00000008     app_pem3.oem3 (.const:ti_sysbios_knl_Task_hooks__C)
                  00006fa8    00000008     app_pem3.oem3 (.const:xdc_runtime_Startup_firstFxns__C)
                  00006fb0    00000008     app_pem3.oem3 (.const:xdc_runtime_Startup_lastFxns__C)
                  00006fb8    00000004     app_pem3.oem3 (.const:ti_sysbios_BIOS_Module__diagsEnabled__C)
                  00006fbc    00000004     app_pem3.oem3 (.const:ti_sysbios_BIOS_Module__diagsIncluded__C)
                  00006fc0    00000004     app_pem3.oem3 (.const:ti_sysbios_BIOS_Module__diagsMask__C)
                  00006fc4    00000004     app_pem3.oem3 (.const:ti_sysbios_BIOS_installedErrorHook__C)
                  00006fc8    00000004     app_pem3.oem3 (.const:ti_sysbios_family_arm_lm3_Timer_WRALLOW__C)
                  00006fcc    00000004     app_pem3.oem3 (.const:ti_sysbios_family_arm_lm3_Timer_numTimerDevices__C)
                  00006fd0    00000004     app_pem3.oem3 (.const:ti_sysbios_family_arm_lm3_Timer_startupNeeded__C)
                  00006fd4    00000004     app_pem3.oem3 (.const:ti_sysbios_family_arm_lm3_TimestampProvider_Module__diagsEnabled__C)
                  00006fd8    00000004     app_pem3.oem3 (.const:ti_sysbios_family_arm_lm3_TimestampProvider_Module__diagsIncluded__C)
                  00006fdc    00000004     app_pem3.oem3 (.const:ti_sysbios_family_arm_lm3_TimestampProvider_Module__diagsMask__C)
                  00006fe0    00000004     app_pem3.oem3 (.const:ti_sysbios_family_arm_m3_Hwi_E_NMI__C)
                  00006fe4    00000004     app_pem3.oem3 (.const:ti_sysbios_family_arm_m3_Hwi_E_busFault__C)
                  00006fe8    00000004     app_pem3.oem3 (.const:ti_sysbios_family_arm_m3_Hwi_E_debugMon__C)
                  00006fec    00000004     app_pem3.oem3 (.const:ti_sysbios_family_arm_m3_Hwi_E_hardFault__C)
                  00006ff0    00000004     app_pem3.oem3 (.const:ti_sysbios_family_arm_m3_Hwi_E_memFault__C)
                  00006ff4    00000004     app_pem3.oem3 (.const:ti_sysbios_family_arm_m3_Hwi_E_noIsr__C)
                  00006ff8    00000004     app_pem3.oem3 (.const:ti_sysbios_family_arm_m3_Hwi_E_reserved__C)
                  00006ffc    00000004     app_pem3.oem3 (.const:ti_sysbios_family_arm_m3_Hwi_E_svCall__C)
                  00007000    00000004     app_pem3.oem3 (.const:ti_sysbios_family_arm_m3_Hwi_E_usageFault__C)
                  00007004    00000004     app_pem3.oem3 (.const:ti_sysbios_family_arm_m3_Hwi_LD_end__C)
                  00007008    00000004     app_pem3.oem3 (.const:ti_sysbios_family_arm_m3_Hwi_LM_begin__C)
                  0000700c    00000004     app_pem3.oem3 (.const:ti_sysbios_family_arm_m3_Hwi_Module__diagsEnabled__C)
                  00007010    00000004     app_pem3.oem3 (.const:ti_sysbios_family_arm_m3_Hwi_Module__diagsIncluded__C)
                  00007014    00000004     app_pem3.oem3 (.const:ti_sysbios_family_arm_m3_Hwi_Module__diagsMask__C)
                  00007018    00000004     app_pem3.oem3 (.const:ti_sysbios_family_arm_m3_Hwi_Module__loggerFxn1__C)
                  0000701c    00000004     app_pem3.oem3 (.const:ti_sysbios_family_arm_m3_Hwi_Module__loggerFxn8__C)
                  00007020    00000004     app_pem3.oem3 (.const:ti_sysbios_family_arm_m3_Hwi_Module__loggerObj__C)
                  00007024    00000004     app_pem3.oem3 (.const:ti_sysbios_family_arm_m3_Hwi_NUM_INTERRUPTS__C)
                  00007028    00000004     app_pem3.oem3 (.const:ti_sysbios_family_arm_m3_Hwi_ccr__C)
                  0000702c    00000004     app_pem3.oem3 (.const:ti_sysbios_family_arm_m3_Hwi_dispatchTable__C)
                  00007030    00000004     app_pem3.oem3 (.const:ti_sysbios_family_arm_m3_Hwi_excHandlerFunc__C)
                  00007034    00000004     app_pem3.oem3 (.const:ti_sysbios_family_arm_m3_Hwi_excHookFuncs__C)
                  00007038    00000004     app_pem3.oem3 (.const:ti_sysbios_family_arm_m3_Hwi_priGroup__C)
                  0000703c    00000004     app_pem3.oem3 (.const:ti_sysbios_family_arm_m3_Hwi_priorities__C)
                  00007040    00000004     app_pem3.oem3 (.const:ti_sysbios_gates_GateMutex_A_badContext__C)
                  00007044    00000004     app_pem3.oem3 (.const:ti_sysbios_gates_GateMutex_Instance_State_sem__O)
                  00007048    00000004     app_pem3.oem3 (.const:ti_sysbios_gates_GateMutex_Module__diagsEnabled__C)
                  0000704c    00000004     app_pem3.oem3 (.const:ti_sysbios_gates_GateMutex_Module__diagsIncluded__C)
                  00007050    00000004     app_pem3.oem3 (.const:ti_sysbios_gates_GateMutex_Module__diagsMask__C)
                  00007054    00000004     app_pem3.oem3 (.const:ti_sysbios_hal_Hwi_E_stackOverflow__C)
                  00007058    00000004     app_pem3.oem3 (.const:ti_sysbios_heaps_HeapMem_A_align__C)
                  0000705c    00000004     app_pem3.oem3 (.const:ti_sysbios_heaps_HeapMem_A_heapSize__C)
                  00007060    00000004     app_pem3.oem3 (.const:ti_sysbios_heaps_HeapMem_A_invalidFree__C)
                  00007064    00000004     app_pem3.oem3 (.const:ti_sysbios_heaps_HeapMem_A_zeroBlock__C)
                  00007068    00000004     app_pem3.oem3 (.const:ti_sysbios_heaps_HeapMem_E_memory__C)
                  0000706c    00000004     app_pem3.oem3 (.const:ti_sysbios_heaps_HeapMem_Module__diagsEnabled__C)
                  00007070    00000004     app_pem3.oem3 (.const:ti_sysbios_heaps_HeapMem_Module__diagsIncluded__C)
                  00007074    00000004     app_pem3.oem3 (.const:ti_sysbios_heaps_HeapMem_Module__diagsMask__C)
                  00007078    00000004     app_pem3.oem3 (.const:ti_sysbios_heaps_HeapMem_Module__gateObj__C)
                  0000707c    00000004     app_pem3.oem3 (.const:ti_sysbios_heaps_HeapMem_Object__count__C)
                  00007080    00000004     app_pem3.oem3 (.const:ti_sysbios_heaps_HeapMem_reqAlign__C)
                  00007084    00000004     app_pem3.oem3 (.const:ti_sysbios_knl_Clock_LM_begin__C)
                  00007088    00000004     app_pem3.oem3 (.const:ti_sysbios_knl_Clock_LM_tick__C)
                  0000708c    00000004     app_pem3.oem3 (.const:ti_sysbios_knl_Clock_LW_delayed__C)
                  00007090    00000004     app_pem3.oem3 (.const:ti_sysbios_knl_Clock_Module_State_clockQ__O)
                  00007094    00000004     app_pem3.oem3 (.const:ti_sysbios_knl_Clock_Module__diagsEnabled__C)
                  00007098    00000004     app_pem3.oem3 (.const:ti_sysbios_knl_Clock_Module__diagsIncluded__C)
                  0000709c    00000004     app_pem3.oem3 (.const:ti_sysbios_knl_Clock_Module__diagsMask__C)
                  000070a0    00000004     app_pem3.oem3 (.const:ti_sysbios_knl_Clock_Module__loggerFxn1__C)
                  000070a4    00000004     app_pem3.oem3 (.const:ti_sysbios_knl_Clock_Module__loggerFxn2__C)
                  000070a8    00000004     app_pem3.oem3 (.const:ti_sysbios_knl_Clock_Module__loggerObj__C)
                  000070ac    00000004     app_pem3.oem3 (.const:ti_sysbios_knl_Idle_coreList__A)
                  000070b0    00000004     app_pem3.oem3 (.const:ti_sysbios_knl_Idle_funcList__A)
                  000070b4    00000004     app_pem3.oem3 (.const:ti_sysbios_knl_Semaphore_A_badContext__C)
                  000070b8    00000004     app_pem3.oem3 (.const:ti_sysbios_knl_Semaphore_A_noEvents__C)
                  000070bc    00000004     app_pem3.oem3 (.const:ti_sysbios_knl_Semaphore_A_overflow__C)
                  000070c0    00000004     app_pem3.oem3 (.const:ti_sysbios_knl_Semaphore_A_pendTaskDisabled__C)
                  000070c4    00000004     app_pem3.oem3 (.const:ti_sysbios_knl_Semaphore_Instance_State_pendQ__O)
                  000070c8    00000004     app_pem3.oem3 (.const:ti_sysbios_knl_Semaphore_LM_pend__C)
                  000070cc    00000004     app_pem3.oem3 (.const:ti_sysbios_knl_Semaphore_LM_post__C)
                  000070d0    00000004     app_pem3.oem3 (.const:ti_sysbios_knl_Semaphore_Module__diagsEnabled__C)
                  000070d4    00000004     app_pem3.oem3 (.const:ti_sysbios_knl_Semaphore_Module__diagsIncluded__C)
                  000070d8    00000004     app_pem3.oem3 (.const:ti_sysbios_knl_Semaphore_Module__diagsMask__C)
                  000070dc    00000004     app_pem3.oem3 (.const:ti_sysbios_knl_Semaphore_Module__loggerFxn2__C)
                  000070e0    00000004     app_pem3.oem3 (.const:ti_sysbios_knl_Semaphore_Module__loggerFxn4__C)
                  000070e4    00000004     app_pem3.oem3 (.const:ti_sysbios_knl_Semaphore_Module__loggerObj__C)
                  000070e8    00000004     app_pem3.oem3 (.const:ti_sysbios_knl_Swi_LD_end__C)
                  000070ec    00000004     app_pem3.oem3 (.const:ti_sysbios_knl_Swi_LM_begin__C)
                  000070f0    00000004     app_pem3.oem3 (.const:ti_sysbios_knl_Swi_LM_post__C)
                  000070f4    00000004     app_pem3.oem3 (.const:ti_sysbios_knl_Swi_Module__diagsEnabled__C)
                  000070f8    00000004     app_pem3.oem3 (.const:ti_sysbios_knl_Swi_Module__diagsIncluded__C)
                  000070fc    00000004     app_pem3.oem3 (.const:ti_sysbios_knl_Swi_Module__diagsMask__C)
                  00007100    00000004     app_pem3.oem3 (.const:ti_sysbios_knl_Swi_Module__loggerFxn1__C)
                  00007104    00000004     app_pem3.oem3 (.const:ti_sysbios_knl_Swi_Module__loggerFxn4__C)
                  00007108    00000004     app_pem3.oem3 (.const:ti_sysbios_knl_Swi_Module__loggerObj__C)
                  0000710c    00000004     app_pem3.oem3 (.const:ti_sysbios_knl_Swi_Object__count__C)
                  00007110    00000004     app_pem3.oem3 (.const:ti_sysbios_knl_Task_E_spOutOfBounds__C)
                  00007114    00000004     app_pem3.oem3 (.const:ti_sysbios_knl_Task_E_stackOverflow__C)
                  00007118    00000004     app_pem3.oem3 (.const:ti_sysbios_knl_Task_LD_block__C)
                  0000711c    00000004     app_pem3.oem3 (.const:ti_sysbios_knl_Task_LD_exit__C)
                  00007120    00000004     app_pem3.oem3 (.const:ti_sysbios_knl_Task_LD_ready__C)
                  00007124    00000004     app_pem3.oem3 (.const:ti_sysbios_knl_Task_LM_switch__C)
                  00007128    00000004     app_pem3.oem3 (.const:ti_sysbios_knl_Task_Module_State_inactiveQ__O)
                  0000712c    00000004     app_pem3.oem3 (.const:ti_sysbios_knl_Task_Module__diagsEnabled__C)
                  00007130    00000004     app_pem3.oem3 (.const:ti_sysbios_knl_Task_Module__diagsIncluded__C)
                  00007134    00000004     app_pem3.oem3 (.const:ti_sysbios_knl_Task_Module__diagsMask__C)
                  00007138    00000004     app_pem3.oem3 (.const:ti_sysbios_knl_Task_Module__loggerFxn2__C)
                  0000713c    00000004     app_pem3.oem3 (.const:ti_sysbios_knl_Task_Module__loggerFxn4__C)
                  00007140    00000004     app_pem3.oem3 (.const:ti_sysbios_knl_Task_Module__loggerObj__C)
                  00007144    00000004     app_pem3.oem3 (.const:ti_sysbios_knl_Task_Object__count__C)
                  00007148    00000004     app_pem3.oem3 (.const:ti_sysbios_knl_Task_allBlockedFunc__C)
                  0000714c    00000004     app_pem3.oem3 (.const:ti_sysbios_knl_Task_numConstructedTasks__C)
                  00007150    00000004     app_pem3.oem3 (.const:xdc_runtime_Assert_E_assertFailed__C)
                  00007154    00000004     app_pem3.oem3 (.const:xdc_runtime_Core_A_initializedParams__C)
                  00007158    00000004     app_pem3.oem3 (.const:xdc_runtime_Core_Module__diagsEnabled__C)
                  0000715c    00000004     app_pem3.oem3 (.const:xdc_runtime_Core_Module__diagsIncluded__C)
                  00007160    00000004     app_pem3.oem3 (.const:xdc_runtime_Core_Module__diagsMask__C)
                  00007164    00000004     app_pem3.oem3 (.const:xdc_runtime_Error_E_memory__C)
                  00007168    00000004     app_pem3.oem3 (.const:xdc_runtime_Error_Module__diagsEnabled__C)
                  0000716c    00000004     app_pem3.oem3 (.const:xdc_runtime_Error_Module__diagsIncluded__C)
                  00007170    00000004     app_pem3.oem3 (.const:xdc_runtime_Error_Module__diagsMask__C)
                  00007174    00000004     app_pem3.oem3 (.const:xdc_runtime_Error_Module__loggerFxn8__C)
                  00007178    00000004     app_pem3.oem3 (.const:xdc_runtime_Error_Module__loggerObj__C)
                  0000717c    00000004     app_pem3.oem3 (.const:xdc_runtime_Error_raiseHook__C)
                  00007180    00000004     app_pem3.oem3 (.const:xdc_runtime_IFilterLogger_Interface__BASE__C)
                  00007184    00000004     app_pem3.oem3 (.const:xdc_runtime_IGateProvider_Interface__BASE__C)
                  00007188    00000004     app_pem3.oem3 (.const:xdc_runtime_IHeap_Interface__BASE__C)
                  0000718c    00000004     app_pem3.oem3 (.const:xdc_runtime_ILogger_Interface__BASE__C)
                  00007190    00000004     app_pem3.oem3 (.const:xdc_runtime_IModule_Interface__BASE__C)
                  00007194    00000004     app_pem3.oem3 (.const:xdc_runtime_Log_L_error__C)
                  00007198    00000004     app_pem3.oem3 (.const:xdc_runtime_LoggerBuf_E_badLevel__C)
                  0000719c    00000004     app_pem3.oem3 (.const:xdc_runtime_LoggerBuf_Module__gateObj__C)
                  000071a0    00000004     app_pem3.oem3 (.const:xdc_runtime_LoggerBuf_Object__count__C)
                  000071a4    00000004     app_pem3.oem3 (.const:xdc_runtime_LoggerBuf_statusLogger__C)
                  000071a8    00000004     app_pem3.oem3 (.const:xdc_runtime_Memory_defaultHeapInstance__C)
                  000071ac    00000004     app_pem3.oem3 (.const:xdc_runtime_Startup_execImpl__C)
                  000071b0    00000004     app_pem3.oem3 (.const:xdc_runtime_Startup_lastFxns__A)
                  000071b4    00000004     app_pem3.oem3 (.const:xdc_runtime_Startup_maxPasses__C)
                  000071b8    00000004     app_pem3.oem3 (.const:xdc_runtime_Startup_sfxnRts__C)
                  000071bc    00000004     app_pem3.oem3 (.const:xdc_runtime_Startup_sfxnTab__C)
                  000071c0    00000004     app_pem3.oem3 (.const:xdc_runtime_SysMin_bufSize__C)
                  000071c4    00000004     app_pem3.oem3 (.const:xdc_runtime_SysMin_outputFunc__C)
                  000071c8    00000004     app_pem3.oem3 (.const:xdc_runtime_System_Module__gateObj__C)
                  000071cc    00000004     app_pem3.oem3 (.const:xdc_runtime_System_extendFxn__C)
                  000071d0    00000004     app_pem3.oem3 (.const:xdc_runtime_System_maxAtexitHandlers__C)
                  000071d4    00000004     app_pem3.oem3 (.const:xdc_runtime_Text_charTab__C)
                  000071d8    00000004     app_pem3.oem3 (.const:xdc_runtime_Text_nameEmpty__C)
                  000071dc    00000004     app_pem3.oem3 (.const:xdc_runtime_Text_nameStatic__C)
                  000071e0    00000004     app_pem3.oem3 (.const:xdc_runtime_Text_nameUnknown__C)
                  000071e4    00000004     app_pem3.oem3 (.const:xdc_runtime_Text_nodeTab__C)
                  000071e8    00000004     app_pem3.oem3 (.const:xdc_runtime_Text_visitRopeFxn__C)
                  000071ec    00000002     app_pem3.oem3 (.const:ti_sysbios_BIOS_Module__id__C)
                  000071ee    00000002     --HOLE-- [fill = 0]
                  000071f0    00000002     app_pem3.oem3 (.const:ti_sysbios_family_arm_lm3_TimestampProvider_Module__id__C)
                  000071f2    00000002     --HOLE-- [fill = 0]
                  000071f4    00000002     app_pem3.oem3 (.const:ti_sysbios_family_arm_lm3_TimestampProvider_useClockTimer__C)
                  000071f6    00000002     --HOLE-- [fill = 0]
                  000071f8    00000002     app_pem3.oem3 (.const:ti_sysbios_family_arm_m3_Hwi_Module__id__C)
                  000071fa    00000002     --HOLE-- [fill = 0]
                  000071fc    00000002     app_pem3.oem3 (.const:ti_sysbios_family_arm_m3_Hwi_Module__loggerDefined__C)
                  000071fe    00000002     --HOLE-- [fill = 0]
                  00007200    00000002     app_pem3.oem3 (.const:ti_sysbios_gates_GateMutex_Module__id__C)
                  00007202    00000002     --HOLE-- [fill = 0]
                  00007204    00000002     app_pem3.oem3 (.const:ti_sysbios_hal_Hwi_Module__id__C)
                  00007206    00000002     --HOLE-- [fill = 0]
                  00007208    00000002     app_pem3.oem3 (.const:ti_sysbios_heaps_HeapMem_Module__id__C)
                  0000720a    00000002     --HOLE-- [fill = 0]
                  0000720c    00000002     app_pem3.oem3 (.const:ti_sysbios_knl_Clock_Module__id__C)
                  0000720e    00000002     --HOLE-- [fill = 0]
                  00007210    00000002     app_pem3.oem3 (.const:ti_sysbios_knl_Clock_Module__loggerDefined__C)
                  00007212    00000002     --HOLE-- [fill = 0]
                  00007214    00000002     app_pem3.oem3 (.const:ti_sysbios_knl_Semaphore_Module__id__C)
                  00007216    00000002     --HOLE-- [fill = 0]
                  00007218    00000002     app_pem3.oem3 (.const:ti_sysbios_knl_Semaphore_Module__loggerDefined__C)
                  0000721a    00000002     --HOLE-- [fill = 0]
                  0000721c    00000002     app_pem3.oem3 (.const:ti_sysbios_knl_Swi_Module__id__C)
                  0000721e    00000002     --HOLE-- [fill = 0]
                  00007220    00000002     app_pem3.oem3 (.const:ti_sysbios_knl_Swi_Module__loggerDefined__C)
                  00007222    00000002     --HOLE-- [fill = 0]
                  00007224    00000002     app_pem3.oem3 (.const:ti_sysbios_knl_Task_Module__id__C)
                  00007226    00000002     --HOLE-- [fill = 0]
                  00007228    00000002     app_pem3.oem3 (.const:ti_sysbios_knl_Task_Module__loggerDefined__C)
                  0000722a    00000002     --HOLE-- [fill = 0]
                  0000722c    00000002     app_pem3.oem3 (.const:ti_sysbios_knl_Task_initStackFlag__C)
                  0000722e    00000002     --HOLE-- [fill = 0]
                  00007230    00000002     app_pem3.oem3 (.const:xdc_runtime_Core_Module__id__C)
                  00007232    00000002     --HOLE-- [fill = 0]
                  00007234    00000002     app_pem3.oem3 (.const:xdc_runtime_Error_Module__loggerDefined__C)
                  00007236    00000002     --HOLE-- [fill = 0]
                  00007238    00000002     app_pem3.oem3 (.const:xdc_runtime_Error_maxDepth__C)
                  0000723a    00000002     --HOLE-- [fill = 0]
                  0000723c    00000002     app_pem3.oem3 (.const:xdc_runtime_LoggerBuf_Module__id__C)
                  0000723e    00000002     --HOLE-- [fill = 0]
                  00007240    00000002     app_pem3.oem3 (.const:xdc_runtime_LoggerBuf_filterByLevel__C)
                  00007242    00000002     --HOLE-- [fill = 0]
                  00007244    00000002     app_pem3.oem3 (.const:xdc_runtime_Memory_Module__id__C)
                  00007246    00000002     --HOLE-- [fill = 0]
                  00007248    00000002     app_pem3.oem3 (.const:xdc_runtime_SysMin_flushAtExit__C)
                  0000724a    00000002     --HOLE-- [fill = 0]
                  0000724c    00000002     app_pem3.oem3 (.const:xdc_runtime_Text_charCnt__C)
                  0000724e    00000002     --HOLE-- [fill = 0]
                  00007250    00000002     app_pem3.oem3 (.const:xdc_runtime_Text_isLoaded__C)
                  00007252    00000002     --HOLE-- [fill = 0]
                  00007254    00000002     app_pem3.oem3 (.const:xdc_runtime_Text_registryModsLastId__C)
                  00007256    00000002     --HOLE-- [fill = 0]
                  00007258    00000002     app_pem3.oem3 (.const:xdc_runtime_Text_unnamedModsLastId__C)
                  0000725a    00000002     --HOLE-- [fill = 0]
                  0000725c    00000001     app_pem3.oem3 (.const:xdc_runtime_Error_policy__C)

.cinit     0    00007260    000003b0     
                  00007260    00000378     (.cinit..data.load) [load image, compression = rle]
                  000075d8    0000000c     (__TI_handler_table)
                  000075e4    00000004     --HOLE-- [fill = 0]
                  000075e8    00000008     (.cinit..bss.load) [load image, compression = zero_init]
                  000075f0    00000008     (.cinit..vecs.load) [load image, compression = zero_init]
                  000075f8    00000018     (__TI_cinit_table)

.vecs      0    20000000    00000140     UNINITIALIZED
                  20000000    00000140     app_pem3.oem3 (.vecs)

.bss       0    20000140    0000115c     UNINITIALIZED
                  20000140    00000800     app_pem3.oem3 (.bss:taskStackSection)
                  20000940    00000400     app_pem3.oem3 (.bss:ti_sysbios_heaps_HeapMem_Instance_State_0_buf__A)
                  20000d40    00000200     app_pem3.oem3 (.bss:xdc_runtime_LoggerBuf_Instance_State_0_entryArr__A)
                  20000f40    00000200     app_pem3.oem3 (.bss:xdc_runtime_SysMin_Module_State_0_outbuf__A)
                  20001140    00000120     rtsv7M3_T_le_eabi.lib : trgmsg.obj (.bss:__CIOBUF_)
                  20001260    00000028     main.obj (.bss:g_samples)
                  20001288    00000008     main.obj (.bss)
                  20001290    00000008     rtsv7M3_T_le_eabi.lib : trgdrv.obj (.bss)
                  20001298    00000004     app_pem3.oem3 (.bss)

.stack     0    2000129c    00000800     UNINITIALIZED
                  2000129c    00000800     --HOLE--

.data      0    20001a9c    000005e0     
                  20001a9c    0000018c     app_pem3.oem3 (.data)
                  20001c28    00000140     app_pem3.oem3 (.data:ti_sysbios_family_arm_m3_Hwi_Module_State_0_dispatchTable__A)
                  20001d68    00000080     app_pem3.oem3 (.data:ti_sysbios_knl_Swi_Module_State_0_readyQ__A)
                  20001de8    00000080     app_pem3.oem3 (.data:ti_sysbios_knl_Task_Module_State_0_readyQ__A)
                  20001e68    00000054     app_pem3.oem3 (.data:ti_sysbios_family_arm_m3_Hwi_Module__state__V)
                  20001ebc    0000004c     app_pem3.oem3 (.data:ti_sysbios_knl_Task_Object__table__V)
                  20001f08    00000044     app_pem3.oem3 (.data:ti_sysbios_knl_Task_Module__state__V)
                  20001f4c    00000038     app_pem3.oem3 (.data:ti_sysbios_gates_GateMutex_Object__table__V)
                  20001f84    00000030     app_pem3.oem3 (.data:ti_sysbios_family_arm_lm3_Timer_Object__table__V)
                  20001fb4    00000030     app_pem3.oem3 (.data:ti_sysbios_family_arm_m3_Hwi_Object__table__V)
                  20001fe4    00000030     app_pem3.oem3 (.data:ti_sysbios_knl_Swi_Object__table__V)
                  20002014    00000028     app_pem3.oem3 (.data:ti_sysbios_knl_Clock_Module__state__V)
                  2000203c    00000024     app_pem3.oem3 (.data:xdc_runtime_LoggerBuf_Object__table__V)
                  20002060    00000008     rtsv7M3_T_le_eabi.lib : _lock.obj (.data)
                  20002068    00000008                           : exit.obj (.data)
                  20002070    00000004     main.obj (.data)
                  20002074    00000004     rtsv7M3_T_le_eabi.lib : dtor_list.obj (.data)
                  20002078    00000004                           : stkdepth_vars.obj (.data)


LINKER GENERATED COPY TABLES

__TI_cinit_table @ 000075f8 records: 3, size/record: 8, table size: 24
	.data: load addr=00007260, load size=00000378 bytes, run addr=20001a9c, run size=000005e0 bytes, compression=rle
	.bss: load addr=000075e8, load size=00000008 bytes, run addr=20000140, run size=0000115c bytes, compression=zero_init
	.vecs: load addr=000075f0, load size=00000008 bytes, run addr=20000000, run size=00000140 bytes, compression=zero_init


LINKER GENERATED HANDLER TABLE

__TI_handler_table @ 000075d8 records: 3, size/record: 4, table size: 12
	index: 0, handler: __TI_zero_init
	index: 1, handler: __TI_decompress_rle24
	index: 2, handler: __TI_decompress_none


GLOBAL SYMBOLS: SORTED ALPHABETICALLY BY Name 

address    name
--------   ----
00001305   AddDataSample
000045d5   C$$EXIT
00003e4f   C$$IO$$
0000129d   CaptureIsr
000054b9   ComparatorConfigure
00005511   ComparatorRefSet
00004afd   GPIODirModeSet
00002e2d   GPIOPadConfigSet
00001341   GetAverageSamples
00000b3b   HOSTclock
00000b01   HOSTclose
00000ac3   HOSTgetenv
00000a67   HOSTlseek
00000a17   HOSTopen
000009c9   HOSTread
00000969   HOSTrename
0000092d   HOSTtime
000008f3   HOSTunlink
000008a5   HOSTwrite
000012d1   InitSamples
00004ee1   LoggerBuf_instanceStartup
UNDEFED    SHT$$INIT_ARRAY$$Base
UNDEFED    SHT$$INIT_ARRAY$$Limit
000040bd   SysCtlPeripheralEnable
20001ebc   TSK_idle
00004cd9   TimerConfigure
00005241   TimerControlEvent
00005179   TimerDisable
000053e1   TimerEnable
000054c1   TimerIntEnable
00005253   TimerLoadSet
00000000   __ASM__
20001140   __CIOBUF_
0000006b   __ISA__
0000007d   __PLAT__
20001a9c   __STACK_END
00000800   __STACK_SIZE
2000149c   __STACK_TOP
000000a3   __TARG__
000075f8   __TI_CINIT_Base
00007610   __TI_CINIT_Limit
000075d8   __TI_Handler_Table_Base
000075e4   __TI_Handler_Table_Limit
00000001   __TI_args_main
000035d9   __TI_auto_init
000053ef   __TI_decompress_none
000054ed   __TI_decompress_rle24
00000000   __TI_static_base__
00005265   __TI_zero_init
000000c8   __TRDR__
00002bef   __aeabi_atexit
00003b8d   __aeabi_memclr
00003b8d   __aeabi_memclr4
00003b8d   __aeabi_memclr8
00003719   __aeabi_memcpy
00003719   __aeabi_memcpy4
00003719   __aeabi_memcpy8
00003b8f   __aeabi_memset
00003b8f   __aeabi_memset4
00003b8f   __aeabi_memset8
ffffffff   __binit__
ffffffff   __c_args__
00002bdd   __cxa_atexit
00002b99   __cxa_finalize
00002bd7   __cxa_ia64_exit
2000129c   __stack
000054e7   __xdc__init
20001c24   __xdc__init__addr
000050e9   _args_main
000043b5   _c_int00
20002068   _cleanup_ptr
2000206c   _dtors_ptr
20002060   _lock
0000519b   _nop
00005193   _register_lock
0000518d   _register_unlock
20002064   _unlock
000045d9   abort
00002be1   atexit
ffffffff   binit
000013e5   configureComparator
0000138d   configureTimerACapture
000043f9   copy_in
000045e1   exit
000050cf   free
20001288   g_filterIndex
20001260   g_samples
2000128c   g_size
0000127d   main
20002078   main_func_sp
00004b2b   malloc
00003719   memcpy
00003b95   memset
00001291   periodicScan
00003e53   readmsg
00005277   strcpy
000051a1   strlen
00005419   ti_catalog_arm_cortexm3_lm3init_Boot_init
00002189   ti_catalog_arm_cortexm3_lm3init_Boot_sysCtlClockSet
000054e1   ti_catalog_arm_cortexm3_lm3init_Boot_sysCtlDelay
00006fb8   ti_sysbios_BIOS_Module__diagsEnabled__C
00006fbc   ti_sysbios_BIOS_Module__diagsIncluded__C
00006fc0   ti_sysbios_BIOS_Module__diagsMask__C
000071ec   ti_sysbios_BIOS_Module__id__C
20001a9c   ti_sysbios_BIOS_Module__state__V
00005515   ti_sysbios_BIOS_RtsGateProxy_enter__E
00005519   ti_sysbios_BIOS_RtsGateProxy_leave__E
00005529   ti_sysbios_BIOS_RtsGateProxy_query__E
0000443d   ti_sysbios_BIOS_errorRaiseHook__I
00004a0d   ti_sysbios_BIOS_exitFunc__I
00006fc4   ti_sysbios_BIOS_installedErrorHook__C
000038eb   ti_sysbios_BIOS_nullFunc__I
00004cfd   ti_sysbios_BIOS_registerRTSLock__I
00004f41   ti_sysbios_BIOS_rtsLock__I
00003c05   ti_sysbios_BIOS_rtsUnlock__I
00005301   ti_sysbios_BIOS_setThreadType__E
00004d21   ti_sysbios_BIOS_startFunc__I
00005311   ti_sysbios_BIOS_start__E
20001ac4   ti_sysbios_family_arm_lm3_Timer_Module_State_0_device__A
20001adc   ti_sysbios_family_arm_lm3_Timer_Module_State_0_handles__A
20001abc   ti_sysbios_family_arm_lm3_Timer_Module__root__V
00005101   ti_sysbios_family_arm_lm3_Timer_Module__startupDone__F
00005101   ti_sysbios_family_arm_lm3_Timer_Module__startupDone__S
20001ae8   ti_sysbios_family_arm_lm3_Timer_Module__state__V
00003b11   ti_sysbios_family_arm_lm3_Timer_Module_startup__E
00003b11   ti_sysbios_family_arm_lm3_Timer_Module_startup__F
20001f84   ti_sysbios_family_arm_lm3_Timer_Object__table__V
00006fc8   ti_sysbios_family_arm_lm3_Timer_WRALLOW__C
00004481   ti_sysbios_family_arm_lm3_Timer_enableTimers__I
0000551d   ti_sysbios_family_arm_lm3_Timer_getPeriod__E
00003981   ti_sysbios_family_arm_lm3_Timer_initDevice__I
00004d45   ti_sysbios_family_arm_lm3_Timer_isrStub__E
00006fcc   ti_sysbios_family_arm_lm3_Timer_numTimerDevices__C
00006fd0   ti_sysbios_family_arm_lm3_Timer_startupNeeded__C
00002ef5   ti_sysbios_family_arm_lm3_Timer_startup__E
00006fd4   ti_sysbios_family_arm_lm3_TimestampProvider_Module__diagsEnabled__C
00006fd8   ti_sysbios_family_arm_lm3_TimestampProvider_Module__diagsIncluded__C
00006fdc   ti_sysbios_family_arm_lm3_TimestampProvider_Module__diagsMask__C
000071f0   ti_sysbios_family_arm_lm3_TimestampProvider_Module__id__C
20001af4   ti_sysbios_family_arm_lm3_TimestampProvider_Module__state__V
000054f3   ti_sysbios_family_arm_lm3_TimestampProvider_Module_startup__E
000054f3   ti_sysbios_family_arm_lm3_TimestampProvider_Module_startup__F
00003679   ti_sysbios_family_arm_lm3_TimestampProvider_get64__E
00003e85   ti_sysbios_family_arm_lm3_TimestampProvider_initTimerHandle__I
000071f4   ti_sysbios_family_arm_lm3_TimestampProvider_useClockTimer__C
00006fe0   ti_sysbios_family_arm_m3_Hwi_E_NMI__C
00006fe4   ti_sysbios_family_arm_m3_Hwi_E_busFault__C
00006fe8   ti_sysbios_family_arm_m3_Hwi_E_debugMon__C
00006fec   ti_sysbios_family_arm_m3_Hwi_E_hardFault__C
00006ff0   ti_sysbios_family_arm_m3_Hwi_E_memFault__C
00006ff4   ti_sysbios_family_arm_m3_Hwi_E_noIsr__C
00006ff8   ti_sysbios_family_arm_m3_Hwi_E_reserved__C
00006ffc   ti_sysbios_family_arm_m3_Hwi_E_svCall__C
00007000   ti_sysbios_family_arm_m3_Hwi_E_usageFault__C
00004fcd   ti_sysbios_family_arm_m3_Hwi_Handle__label__S
00007004   ti_sysbios_family_arm_m3_Hwi_LD_end__C
00007008   ti_sysbios_family_arm_m3_Hwi_LM_begin__C
20001c28   ti_sysbios_family_arm_m3_Hwi_Module_State_0_dispatchTable__A
20001b04   ti_sysbios_family_arm_m3_Hwi_Module_State_0_excActive__A
20001b08   ti_sysbios_family_arm_m3_Hwi_Module_State_0_excContext__A
20001b0c   ti_sysbios_family_arm_m3_Hwi_Module_State_0_excStack__A
0000700c   ti_sysbios_family_arm_m3_Hwi_Module__diagsEnabled__C
00007010   ti_sysbios_family_arm_m3_Hwi_Module__diagsIncluded__C
00007014   ti_sysbios_family_arm_m3_Hwi_Module__diagsMask__C
000071f8   ti_sysbios_family_arm_m3_Hwi_Module__id__C
000071fc   ti_sysbios_family_arm_m3_Hwi_Module__loggerDefined__C
00007018   ti_sysbios_family_arm_m3_Hwi_Module__loggerFxn1__C
0000701c   ti_sysbios_family_arm_m3_Hwi_Module__loggerFxn8__C
00007020   ti_sysbios_family_arm_m3_Hwi_Module__loggerObj__C
20001afc   ti_sysbios_family_arm_m3_Hwi_Module__root__V
00005119   ti_sysbios_family_arm_m3_Hwi_Module__startupDone__F
00005119   ti_sysbios_family_arm_m3_Hwi_Module__startupDone__S
20001e68   ti_sysbios_family_arm_m3_Hwi_Module__state__V
00003535   ti_sysbios_family_arm_m3_Hwi_Module_startup__E
00003535   ti_sysbios_family_arm_m3_Hwi_Module_startup__F
00007024   ti_sysbios_family_arm_m3_Hwi_NUM_INTERRUPTS__C
20001fb4   ti_sysbios_family_arm_m3_Hwi_Object__table__V
00007028   ti_sysbios_family_arm_m3_Hwi_ccr__C
000044c5   ti_sysbios_family_arm_m3_Hwi_disableInterrupt__E
00001f45   ti_sysbios_family_arm_m3_Hwi_dispatchC__I
0000702c   ti_sysbios_family_arm_m3_Hwi_dispatchTable__C
000024bd   ti_sysbios_family_arm_m3_Hwi_dispatch__I
000054c9   ti_sysbios_family_arm_m3_Hwi_doSwiRestore__I
00004d69   ti_sysbios_family_arm_m3_Hwi_doTaskRestore__I
00004509   ti_sysbios_family_arm_m3_Hwi_enableInterrupt__E
00001665   ti_sysbios_family_arm_m3_Hwi_excBusFault__I
00003289   ti_sysbios_family_arm_m3_Hwi_excDebugMon__I
00000141   ti_sysbios_family_arm_m3_Hwi_excDumpRegs__I
000025a1   ti_sysbios_family_arm_m3_Hwi_excHandlerAsm__I
00007030   ti_sysbios_family_arm_m3_Hwi_excHandlerFunc__C
00001479   ti_sysbios_family_arm_m3_Hwi_excHandlerMax__I
00005321   ti_sysbios_family_arm_m3_Hwi_excHandler__I
0000306d   ti_sysbios_family_arm_m3_Hwi_excHardFault__I
00006f88   ti_sysbios_family_arm_m3_Hwi_excHookFuncs__A
00007034   ti_sysbios_family_arm_m3_Hwi_excHookFuncs__C
00001921   ti_sysbios_family_arm_m3_Hwi_excMemFault__I
000048d5   ti_sysbios_family_arm_m3_Hwi_excNmi__I
00004785   ti_sysbios_family_arm_m3_Hwi_excNoIsr__I
0000424d   ti_sysbios_family_arm_m3_Hwi_excReserved__I
00004695   ti_sysbios_family_arm_m3_Hwi_excSvCall__I
000017cd   ti_sysbios_family_arm_m3_Hwi_excUsageFault__I
000047bd   ti_sysbios_family_arm_m3_Hwi_getStackInfo__E
00002c85   ti_sysbios_family_arm_m3_Hwi_initNVIC__E
000050b7   ti_sysbios_family_arm_m3_Hwi_initStacks__E
e000e000   ti_sysbios_family_arm_m3_Hwi_nvic
0000256f   ti_sysbios_family_arm_m3_Hwi_pendSV__I
00007038   ti_sysbios_family_arm_m3_Hwi_priGroup__C
00006c0c   ti_sysbios_family_arm_m3_Hwi_priorities__A
0000703c   ti_sysbios_family_arm_m3_Hwi_priorities__C
20000000   ti_sysbios_family_arm_m3_Hwi_ramVectors
00000000   ti_sysbios_family_arm_m3_Hwi_resetVectors
00002587   ti_sysbios_family_arm_m3_Hwi_return
000054d1   ti_sysbios_family_arm_m3_Hwi_startup__E
000051b5   ti_sysbios_family_arm_m3_Hwi_switchFromBootStack__E
00005521   ti_sysbios_family_arm_m3_TaskSupport_Module__startupDone__S
000041b5   ti_sysbios_family_arm_m3_TaskSupport_buildTaskStack
000053fd   ti_sysbios_family_arm_m3_TaskSupport_checkStack__E
000052d1   ti_sysbios_family_arm_m3_TaskSupport_glue
000047f5   ti_sysbios_family_arm_m3_TaskSupport_start__E
000052e1   ti_sysbios_family_arm_m3_TaskSupport_swap__E
000052f1   ti_sysbios_family_xxx_Hwi_switchToIsrStack
00005425   ti_sysbios_family_xxx_Hwi_switchToTaskStack
00004fe7   ti_sysbios_gates_GateHwi_Handle__label__S
00003e23   ti_sysbios_gates_GateHwi_Instance_init__F
00006d74   ti_sysbios_gates_GateHwi_Module__FXNS__C
20001b10   ti_sysbios_gates_GateHwi_Module__root__V
00006e28   ti_sysbios_gates_GateHwi_Object__DESC__C
00006ee8   ti_sysbios_gates_GateHwi_Object__PARAMS__C
00004909   ti_sysbios_gates_GateHwi_Object__create__S
00004e41   ti_sysbios_gates_GateHwi_Object__delete__S
20001b18   ti_sysbios_gates_GateHwi_Object__table__V
00005431   ti_sysbios_gates_GateHwi_enter__E
000054f9   ti_sysbios_gates_GateHwi_leave__E
00005525   ti_sysbios_gates_GateHwi_query__E
00005525   ti_sysbios_gates_GateHwi_query__F
00007040   ti_sysbios_gates_GateMutex_A_badContext__C
00005001   ti_sysbios_gates_GateMutex_Handle__label__S
00007044   ti_sysbios_gates_GateMutex_Instance_State_sem__O
00005331   ti_sysbios_gates_GateMutex_Instance_finalize__F
00004c61   ti_sysbios_gates_GateMutex_Instance_init__F
00006d98   ti_sysbios_gates_GateMutex_Module__FXNS__C
00007048   ti_sysbios_gates_GateMutex_Module__diagsEnabled__C
0000704c   ti_sysbios_gates_GateMutex_Module__diagsIncluded__C
00007050   ti_sysbios_gates_GateMutex_Module__diagsMask__C
00007200   ti_sysbios_gates_GateMutex_Module__id__C
20001b1c   ti_sysbios_gates_GateMutex_Module__root__V
00006e48   ti_sysbios_gates_GateMutex_Object__DESC__C
00006f00   ti_sysbios_gates_GateMutex_Object__PARAMS__C
0000493d   ti_sysbios_gates_GateMutex_Object__create__S
00004d8d   ti_sysbios_gates_GateMutex_Object__delete__S
20001f4c   ti_sysbios_gates_GateMutex_Object__table__V
00003121   ti_sysbios_gates_GateMutex_enter__E
00005131   ti_sysbios_gates_GateMutex_leave__E
00005529   ti_sysbios_gates_GateMutex_query__E
00005529   ti_sysbios_gates_GateMutex_query__F
00007054   ti_sysbios_hal_Hwi_E_stackOverflow__C
0000552d   ti_sysbios_hal_Hwi_HwiProxy_Module__startupDone__S
000044c5   ti_sysbios_hal_Hwi_HwiProxy_disableInterrupt__E
00004509   ti_sysbios_hal_Hwi_HwiProxy_enableInterrupt__E
000047bd   ti_sysbios_hal_Hwi_HwiProxy_getStackInfo__E
000054d1   ti_sysbios_hal_Hwi_HwiProxy_startup__E
000051b5   ti_sysbios_hal_Hwi_HwiProxy_switchFromBootStack__E
00007204   ti_sysbios_hal_Hwi_Module__id__C
20001b24   ti_sysbios_hal_Hwi_Module__root__V
00005289   ti_sysbios_hal_Hwi_Module_startup__E
00005289   ti_sysbios_hal_Hwi_Module_startup__F
20001b2c   ti_sysbios_hal_Hwi_Object__table__V
00004971   ti_sysbios_hal_Hwi_checkStack
000044c5   ti_sysbios_hal_Hwi_disableInterrupt__E
00004509   ti_sysbios_hal_Hwi_enableInterrupt__E
000047bd   ti_sysbios_hal_Hwi_getStackInfo__E
00004b59   ti_sysbios_hal_Hwi_initStack
000054d1   ti_sysbios_hal_Hwi_startup__E
000051b5   ti_sysbios_hal_Hwi_switchFromBootStack__E
20001b34   ti_sysbios_hal_Timer_Module__root__V
00005149   ti_sysbios_hal_Timer_Module__startupDone__F
00005149   ti_sysbios_hal_Timer_Module__startupDone__S
0000529b   ti_sysbios_hal_Timer_Module_startup__E
0000529b   ti_sysbios_hal_Timer_Module_startup__F
20001b3c   ti_sysbios_hal_Timer_Object__table__V
00005531   ti_sysbios_hal_Timer_TimerProxy_Module__startupDone__S
00005535   ti_sysbios_hal_Timer_TimerProxy_getPeriod__E
00002ef5   ti_sysbios_hal_Timer_TimerProxy_startup__E
00002ef5   ti_sysbios_hal_Timer_startup__E
00007058   ti_sysbios_heaps_HeapMem_A_align__C
0000705c   ti_sysbios_heaps_HeapMem_A_heapSize__C
00007060   ti_sysbios_heaps_HeapMem_A_invalidFree__C
00007064   ti_sysbios_heaps_HeapMem_A_zeroBlock__C
00007068   ti_sysbios_heaps_HeapMem_E_memory__C
0000501b   ti_sysbios_heaps_HeapMem_Handle__label__S
20000940   ti_sysbios_heaps_HeapMem_Instance_State_0_buf__A
00001ba1   ti_sysbios_heaps_HeapMem_Instance_init__F
00005539   ti_sysbios_heaps_HeapMem_Module_GateProxy_enter__E
0000553d   ti_sysbios_heaps_HeapMem_Module_GateProxy_leave__E
00005529   ti_sysbios_heaps_HeapMem_Module_GateProxy_query__E
00006d4c   ti_sysbios_heaps_HeapMem_Module__FXNS__C
0000706c   ti_sysbios_heaps_HeapMem_Module__diagsEnabled__C
00007070   ti_sysbios_heaps_HeapMem_Module__diagsIncluded__C
00007074   ti_sysbios_heaps_HeapMem_Module__diagsMask__C
00007078   ti_sysbios_heaps_HeapMem_Module__gateObj__C
00007208   ti_sysbios_heaps_HeapMem_Module__id__C
20001b44   ti_sysbios_heaps_HeapMem_Module__root__V
00006e68   ti_sysbios_heaps_HeapMem_Object__DESC__C
00006dbc   ti_sysbios_heaps_HeapMem_Object__PARAMS__C
0000707c   ti_sysbios_heaps_HeapMem_Object__count__C
000049a5   ti_sysbios_heaps_HeapMem_Object__create__S
00004e61   ti_sysbios_heaps_HeapMem_Object__delete__S
000051c9   ti_sysbios_heaps_HeapMem_Object__get__S
20001b4c   ti_sysbios_heaps_HeapMem_Object__table__V
00001049   ti_sysbios_heaps_HeapMem_alloc__E
00000e01   ti_sysbios_heaps_HeapMem_free__E
00004295   ti_sysbios_heaps_HeapMem_getStats__E
000046d1   ti_sysbios_heaps_HeapMem_init__I
000054ff   ti_sysbios_heaps_HeapMem_isBlocking__E
00007080   ti_sysbios_heaps_HeapMem_reqAlign__C
00007084   ti_sysbios_knl_Clock_LM_begin__C
00007088   ti_sysbios_knl_Clock_LM_tick__C
0000708c   ti_sysbios_knl_Clock_LW_delayed__C
00007090   ti_sysbios_knl_Clock_Module_State_clockQ__O
00007094   ti_sysbios_knl_Clock_Module__diagsEnabled__C
00007098   ti_sysbios_knl_Clock_Module__diagsIncluded__C
0000709c   ti_sysbios_knl_Clock_Module__diagsMask__C
0000720c   ti_sysbios_knl_Clock_Module__id__C
00007210   ti_sysbios_knl_Clock_Module__loggerDefined__C
000070a0   ti_sysbios_knl_Clock_Module__loggerFxn1__C
000070a4   ti_sysbios_knl_Clock_Module__loggerFxn2__C
000070a8   ti_sysbios_knl_Clock_Module__loggerObj__C
20001b64   ti_sysbios_knl_Clock_Module__root__V
20002014   ti_sysbios_knl_Clock_Module__state__V
00004db1   ti_sysbios_knl_Clock_Module_startup__E
00004db1   ti_sysbios_knl_Clock_Module_startup__F
20001b6c   ti_sysbios_knl_Clock_Object__table__V
00004b85   ti_sysbios_knl_Clock_doTick__I
00003ee5   ti_sysbios_knl_Clock_logTick__E
00002069   ti_sysbios_knl_Clock_workFunc__E
000070ac   ti_sysbios_knl_Idle_coreList__A
00006f90   ti_sysbios_knl_Idle_coreList__C
000070b0   ti_sysbios_knl_Idle_funcList__A
00006f98   ti_sysbios_knl_Idle_funcList__C
000054d9   ti_sysbios_knl_Idle_loop__E
00004a3d   ti_sysbios_knl_Idle_run__E
00005505   ti_sysbios_knl_Queue_Instance_init__F
20001b8c   ti_sysbios_knl_Queue_Module__root__V
00006e88   ti_sysbios_knl_Queue_Object__DESC__C
00006f18   ti_sysbios_knl_Queue_Object__PARAMS__C
000049d9   ti_sysbios_knl_Queue_Object__create__S
00004f5d   ti_sysbios_knl_Queue_Object__destruct__S
0000543d   ti_sysbios_knl_Queue_Object__get__S
0000540b   ti_sysbios_knl_Queue_empty__E
000070b4   ti_sysbios_knl_Semaphore_A_badContext__C
000070b8   ti_sysbios_knl_Semaphore_A_noEvents__C
000070bc   ti_sysbios_knl_Semaphore_A_overflow__C
000070c0   ti_sysbios_knl_Semaphore_A_pendTaskDisabled__C
000070c4   ti_sysbios_knl_Semaphore_Instance_State_pendQ__O
00005341   ti_sysbios_knl_Semaphore_Instance_finalize__F
000033e5   ti_sysbios_knl_Semaphore_Instance_init__F
000070c8   ti_sysbios_knl_Semaphore_LM_pend__C
000070cc   ti_sysbios_knl_Semaphore_LM_post__C
000070d0   ti_sysbios_knl_Semaphore_Module__diagsEnabled__C
000070d4   ti_sysbios_knl_Semaphore_Module__diagsIncluded__C
000070d8   ti_sysbios_knl_Semaphore_Module__diagsMask__C
00007214   ti_sysbios_knl_Semaphore_Module__id__C
00007218   ti_sysbios_knl_Semaphore_Module__loggerDefined__C
000070dc   ti_sysbios_knl_Semaphore_Module__loggerFxn2__C
000070e0   ti_sysbios_knl_Semaphore_Module__loggerFxn4__C
000070e4   ti_sysbios_knl_Semaphore_Module__loggerObj__C
20001b94   ti_sysbios_knl_Semaphore_Module__root__V
00006ea8   ti_sysbios_knl_Semaphore_Object__DESC__C
00006de0   ti_sysbios_knl_Semaphore_Object__PARAMS__C
0000482d   ti_sysbios_knl_Semaphore_Object__create__S
00004e81   ti_sysbios_knl_Semaphore_Object__destruct__S
00004615   ti_sysbios_knl_Semaphore_pendTimeout__I
00000b89   ti_sysbios_knl_Semaphore_pend__E
00001a61   ti_sysbios_knl_Semaphore_post__E
00005035   ti_sysbios_knl_Swi_Handle__label__S
000070e8   ti_sysbios_knl_Swi_LD_end__C
000070ec   ti_sysbios_knl_Swi_LM_begin__C
000070f0   ti_sysbios_knl_Swi_LM_post__C
20001d68   ti_sysbios_knl_Swi_Module_State_0_readyQ__A
000070f4   ti_sysbios_knl_Swi_Module__diagsEnabled__C
000070f8   ti_sysbios_knl_Swi_Module__diagsIncluded__C
000070fc   ti_sysbios_knl_Swi_Module__diagsMask__C
0000721c   ti_sysbios_knl_Swi_Module__id__C
00007220   ti_sysbios_knl_Swi_Module__loggerDefined__C
00007100   ti_sysbios_knl_Swi_Module__loggerFxn1__C
00007104   ti_sysbios_knl_Swi_Module__loggerFxn4__C
00007108   ti_sysbios_knl_Swi_Module__loggerObj__C
20001b9c   ti_sysbios_knl_Swi_Module__root__V
20001ba4   ti_sysbios_knl_Swi_Module__state__V
00004dd5   ti_sysbios_knl_Swi_Module_startup__E
00004dd5   ti_sysbios_knl_Swi_Module_startup__F
0000710c   ti_sysbios_knl_Swi_Object__count__C
000051dd   ti_sysbios_knl_Swi_Object__get__S
20001fe4   ti_sysbios_knl_Swi_Object__table__V
00005351   ti_sysbios_knl_Swi_disable__E
0000348d   ti_sysbios_knl_Swi_post__E
00004005   ti_sysbios_knl_Swi_restoreHwi__E
000022a5   ti_sysbios_knl_Swi_run__I
00003339   ti_sysbios_knl_Swi_schedule__I
0000470d   ti_sysbios_knl_Swi_startup__E
00007110   ti_sysbios_knl_Task_E_spOutOfBounds__C
00007114   ti_sysbios_knl_Task_E_stackOverflow__C
0000504f   ti_sysbios_knl_Task_Handle__label__S
20001298   ti_sysbios_knl_Task_Instance_State_0_hookEnv__A
20000140   ti_sysbios_knl_Task_Instance_State_0_stack__A
00007118   ti_sysbios_knl_Task_LD_block__C
0000711c   ti_sysbios_knl_Task_LD_exit__C
00007120   ti_sysbios_knl_Task_LD_ready__C
00007124   ti_sysbios_knl_Task_LM_switch__C
20001bc8   ti_sysbios_knl_Task_Module_State_0_idleTask__A
20001de8   ti_sysbios_knl_Task_Module_State_0_readyQ__A
00007128   ti_sysbios_knl_Task_Module_State_inactiveQ__O
0000712c   ti_sysbios_knl_Task_Module__diagsEnabled__C
00007130   ti_sysbios_knl_Task_Module__diagsIncluded__C
00007134   ti_sysbios_knl_Task_Module__diagsMask__C
00007224   ti_sysbios_knl_Task_Module__id__C
00007228   ti_sysbios_knl_Task_Module__loggerDefined__C
00007138   ti_sysbios_knl_Task_Module__loggerFxn2__C
0000713c   ti_sysbios_knl_Task_Module__loggerFxn4__C
00007140   ti_sysbios_knl_Task_Module__loggerObj__C
20001bc0   ti_sysbios_knl_Task_Module__root__V
20001f08   ti_sysbios_knl_Task_Module__state__V
00003a11   ti_sysbios_knl_Task_Module_startup__E
00003a11   ti_sysbios_knl_Task_Module_startup__F
00007144   ti_sysbios_knl_Task_Object__count__C
00005361   ti_sysbios_knl_Task_Object__get__S
20001ebc   ti_sysbios_knl_Task_Object__table__V
00005541   ti_sysbios_knl_Task_SupportProxy_Module__startupDone__S
000053fd   ti_sysbios_knl_Task_SupportProxy_checkStack__E
000047f5   ti_sysbios_knl_Task_SupportProxy_start__E
000052e1   ti_sysbios_knl_Task_SupportProxy_swap__E
00007148   ti_sysbios_knl_Task_allBlockedFunc__C
000042dd   ti_sysbios_knl_Task_allBlockedFunction__I
000037b5   ti_sysbios_knl_Task_blockI__E
000031d5   ti_sysbios_knl_Task_checkStacks__E
00005371   ti_sysbios_knl_Task_disable__E
00004ea1   ti_sysbios_knl_Task_enter__I
000023b5   ti_sysbios_knl_Task_exit__E
00006f30   ti_sysbios_knl_Task_hooks__A
00006fa0   ti_sysbios_knl_Task_hooks__C
0000722c   ti_sysbios_knl_Task_initStackFlag__C
0000714c   ti_sysbios_knl_Task_numConstructedTasks__C
000029b1   ti_sysbios_knl_Task_postInit__I
00004bb1   ti_sysbios_knl_Task_restore__E
000026c5   ti_sysbios_knl_Task_schedule__I
00002aa5   ti_sysbios_knl_Task_startCore__E
00005545   ti_sysbios_knl_Task_startup__E
000052e9   ti_sysbios_knl_Task_swapReturn
00002fb5   ti_sysbios_knl_Task_unblockI__E
00003e25   writemsg
00007150   xdc_runtime_Assert_E_assertFailed__C
00004325   xdc_runtime_Assert_raise__I
00007154   xdc_runtime_Core_A_initializedParams__C
00007158   xdc_runtime_Core_Module__diagsEnabled__C
0000715c   xdc_runtime_Core_Module__diagsIncluded__C
00007160   xdc_runtime_Core_Module__diagsMask__C
00007230   xdc_runtime_Core_Module__id__C
00004a6d   xdc_runtime_Core_assignLabel__I
0000436d   xdc_runtime_Core_assignParams__I
000025c1   xdc_runtime_Core_createObject__I
00003dbd   xdc_runtime_Core_deleteObject__I
00007164   xdc_runtime_Error_E_memory__C
00007168   xdc_runtime_Error_Module__diagsEnabled__C
0000716c   xdc_runtime_Error_Module__diagsIncluded__C
00007170   xdc_runtime_Error_Module__diagsMask__C
00007234   xdc_runtime_Error_Module__loggerDefined__C
00007174   xdc_runtime_Error_Module__loggerFxn8__C
00007178   xdc_runtime_Error_Module__loggerObj__C
20001bcc   xdc_runtime_Error_Module__state__V
00004f79   xdc_runtime_Error_check__E
00004f79   xdc_runtime_Error_check__F
[...]
00005101   ti_sysbios_family_arm_lm3_Timer_Module__startupDone__F
00005101   ti_sysbios_family_arm_lm3_Timer_Module__startupDone__S
00005119   ti_sysbios_family_arm_m3_Hwi_Module__startupDone__F
00005119   ti_sysbios_family_arm_m3_Hwi_Module__startupDone__S
00005131   ti_sysbios_gates_GateMutex_leave__E
00005149   ti_sysbios_hal_Timer_Module__startupDone__F
00005149   ti_sysbios_hal_Timer_Module__startupDone__S
00005161   xdc_runtime_Text_ropeText__E
00005161   xdc_runtime_Text_ropeText__F
00005179   TimerDisable
0000518d   _register_unlock
00005193   _register_lock
0000519b   _nop
000051a1   strlen
000051b5   ti_sysbios_family_arm_m3_Hwi_switchFromBootStack__E
000051b5   ti_sysbios_hal_Hwi_HwiProxy_switchFromBootStack__E
000051b5   ti_sysbios_hal_Hwi_switchFromBootStack__E
000051c9   ti_sysbios_heaps_HeapMem_Object__get__S
000051dd   ti_sysbios_knl_Swi_Object__get__S
000051f1   xdc_runtime_LoggerBuf_Instance_finalize__F
00005205   xdc_runtime_LoggerBuf_Object__get__S
00005219   xdc_runtime_LoggerBuf_write2__E
00005219   xdc_runtime_LoggerBuf_write2__F
0000522d   xdc_runtime_System_abort__E
0000522d   xdc_runtime_System_abort__F
00005241   TimerControlEvent
00005253   TimerLoadSet
00005265   __TI_zero_init
00005277   strcpy
00005289   ti_sysbios_hal_Hwi_Module_startup__E
00005289   ti_sysbios_hal_Hwi_Module_startup__F
0000529b   ti_sysbios_hal_Timer_Module_startup__E
0000529b   ti_sysbios_hal_Timer_Module_startup__F
000052ad   xdc_runtime_LoggerBuf_write1__E
000052ad   xdc_runtime_LoggerBuf_write1__F
000052bf   xdc_runtime_Startup_exec__I
000052d1   ti_sysbios_family_arm_m3_TaskSupport_glue
000052e1   ti_sysbios_family_arm_m3_TaskSupport_swap__E
000052e1   ti_sysbios_knl_Task_SupportProxy_swap__E
000052e9   ti_sysbios_knl_Task_swapReturn
000052f1   ti_sysbios_family_xxx_Hwi_switchToIsrStack
00005301   ti_sysbios_BIOS_setThreadType__E
00005311   ti_sysbios_BIOS_start__E
00005321   ti_sysbios_family_arm_m3_Hwi_excHandler__I
00005331   ti_sysbios_gates_GateMutex_Instance_finalize__F
00005341   ti_sysbios_knl_Semaphore_Instance_finalize__F
00005351   ti_sysbios_knl_Swi_disable__E
00005361   ti_sysbios_knl_Task_Object__get__S
00005371   ti_sysbios_knl_Task_disable__E
00005381   xdc_runtime_Gate_leaveSystem__E
00005381   xdc_runtime_Gate_leaveSystem__F
00005391   xdc_runtime_LoggerBuf_write0__E
00005391   xdc_runtime_LoggerBuf_write0__F
000053a1   xdc_runtime_Memory_free__E
000053a1   xdc_runtime_Memory_free__F
000053b1   xdc_runtime_SysMin_ready__E
000053b1   xdc_runtime_SysMin_ready__F
000053b1   xdc_runtime_System_SupportProxy_ready__E
000053c1   xdc_runtime_System_vsnprintf__F
000053d1   xdc_runtime_Text_visitRope__I
000053e1   TimerEnable
000053ef   __TI_decompress_none
000053fd   ti_sysbios_family_arm_m3_TaskSupport_checkStack__E
000053fd   ti_sysbios_knl_Task_SupportProxy_checkStack__E
0000540b   ti_sysbios_knl_Queue_empty__E
00005419   ti_catalog_arm_cortexm3_lm3init_Boot_init
00005425   ti_sysbios_family_xxx_Hwi_switchToTaskStack
00005431   ti_sysbios_gates_GateHwi_enter__E
0000543d   ti_sysbios_knl_Queue_Object__get__S
00005449   xdc_runtime_Error_init__E
00005449   xdc_runtime_Error_init__F
00005455   xdc_runtime_Gate_enterSystem__E
00005455   xdc_runtime_Gate_enterSystem__F
00005461   xdc_runtime_Memory_calloc__E
00005461   xdc_runtime_Memory_calloc__F
0000546d   xdc_runtime_Memory_getMaxDefaultTypeAlign__E
0000546d   xdc_runtime_Memory_getMaxDefaultTypeAlign__F
00005479   xdc_runtime_System_exit__E
00005479   xdc_runtime_System_exit__F
00005485   xdc_runtime_System_lastFxn__I
000054a5   xdc_runtime_LoggerBuf_disable__E
000054a5   xdc_runtime_LoggerBuf_disable__F
000054af   xdc_runtime_LoggerBuf_enable__E
000054af   xdc_runtime_LoggerBuf_enable__F
000054b9   ComparatorConfigure
000054c1   TimerIntEnable
000054c9   ti_sysbios_family_arm_m3_Hwi_doSwiRestore__I
000054d1   ti_sysbios_family_arm_m3_Hwi_startup__E
000054d1   ti_sysbios_hal_Hwi_HwiProxy_startup__E
000054d1   ti_sysbios_hal_Hwi_startup__E
000054d9   ti_sysbios_knl_Idle_loop__E
000054e1   ti_catalog_arm_cortexm3_lm3init_Boot_sysCtlDelay
000054e7   __xdc__init
000054ed   __TI_decompress_rle24
000054f3   ti_sysbios_family_arm_lm3_TimestampProvider_Module_startup__E
000054f3   ti_sysbios_family_arm_lm3_TimestampProvider_Module_startup__F
000054f9   ti_sysbios_gates_GateHwi_leave__E
000054ff   ti_sysbios_heaps_HeapMem_isBlocking__E
00005505   ti_sysbios_knl_Queue_Instance_init__F
0000550b   xdc_runtime_System_Module_startup__E
0000550b   xdc_runtime_System_Module_startup__F
00005511   ComparatorRefSet
00005515   ti_sysbios_BIOS_RtsGateProxy_enter__E
00005519   ti_sysbios_BIOS_RtsGateProxy_leave__E
0000551d   ti_sysbios_family_arm_lm3_Timer_getPeriod__E
00005521   ti_sysbios_family_arm_m3_TaskSupport_Module__startupDone__S
00005525   ti_sysbios_gates_GateHwi_query__E
00005525   ti_sysbios_gates_GateHwi_query__F
00005525   xdc_runtime_LoggerBuf_Module_GateProxy_query__E
00005525   xdc_runtime_Main_Module_GateProxy_query__E
00005525   xdc_runtime_System_Module_GateProxy_query__E
00005529   ti_sysbios_BIOS_RtsGateProxy_query__E
00005529   ti_sysbios_gates_GateMutex_query__E
00005529   ti_sysbios_gates_GateMutex_query__F
00005529   ti_sysbios_heaps_HeapMem_Module_GateProxy_query__E
0000552d   ti_sysbios_hal_Hwi_HwiProxy_Module__startupDone__S
00005531   ti_sysbios_hal_Timer_TimerProxy_Module__startupDone__S
00005535   ti_sysbios_hal_Timer_TimerProxy_getPeriod__E
00005539   ti_sysbios_heaps_HeapMem_Module_GateProxy_enter__E
0000553d   ti_sysbios_heaps_HeapMem_Module_GateProxy_leave__E
00005541   ti_sysbios_knl_Task_SupportProxy_Module__startupDone__S
00005545   ti_sysbios_knl_Task_startup__E
00005549   xdc_runtime_Error_getSite__E
00005549   xdc_runtime_Error_getSite__F
0000554d   xdc_runtime_LoggerBuf_Module_GateProxy_enter__E
00005551   xdc_runtime_LoggerBuf_Module_GateProxy_leave__E
00005555   xdc_runtime_Memory_HeapProxy_alloc__E
00005559   xdc_runtime_Memory_HeapProxy_free__E
0000555d   xdc_runtime_Startup_reset__I
00005561   xdc_runtime_System_Module_GateProxy_enter__E
00005565   xdc_runtime_System_Module_GateProxy_leave__E
00005569   xdc_runtime_System_aprintf_va__F
0000556d   xdc_runtime_System_printf_va__F
00005571   xdc_runtime_System_vsnprintf__E
00005574   xdc_runtime_Text_charTab__A
00006b5c   xdc_runtime_Text_nodeTab__A
00006c0c   ti_sysbios_family_arm_m3_Hwi_priorities__A
00006ce4   xdc_runtime_LoggerBuf_Module__FXNS__C
00006d20   xdc_runtime_Startup_sfxnTab__A
00006d4c   ti_sysbios_heaps_HeapMem_Module__FXNS__C
00006d74   ti_sysbios_gates_GateHwi_Module__FXNS__C
00006d98   ti_sysbios_gates_GateMutex_Module__FXNS__C
00006dbc   ti_sysbios_heaps_HeapMem_Object__PARAMS__C
00006de0   ti_sysbios_knl_Semaphore_Object__PARAMS__C
00006e04   xdc_runtime_LoggerBuf_Object__PARAMS__C
00006e28   ti_sysbios_gates_GateHwi_Object__DESC__C
00006e48   ti_sysbios_gates_GateMutex_Object__DESC__C
00006e68   ti_sysbios_heaps_HeapMem_Object__DESC__C
00006e88   ti_sysbios_knl_Queue_Object__DESC__C
00006ea8   ti_sysbios_knl_Semaphore_Object__DESC__C
00006ec8   xdc_runtime_LoggerBuf_Object__DESC__C
00006ee8   ti_sysbios_gates_GateHwi_Object__PARAMS__C
00006f00   ti_sysbios_gates_GateMutex_Object__PARAMS__C
00006f18   ti_sysbios_knl_Queue_Object__PARAMS__C
00006f30   ti_sysbios_knl_Task_hooks__A
00006f48   xdc_runtime_Startup_sfxnRts__A
00006f60   xdc_runtime_Startup_firstFxns__A
00006f88   ti_sysbios_family_arm_m3_Hwi_excHookFuncs__A
00006f90   ti_sysbios_knl_Idle_coreList__C
00006f98   ti_sysbios_knl_Idle_funcList__C
00006fa0   ti_sysbios_knl_Task_hooks__C
00006fa8   xdc_runtime_Startup_firstFxns__C
00006fb0   xdc_runtime_Startup_lastFxns__C
00006fb8   ti_sysbios_BIOS_Module__diagsEnabled__C
00006fbc   ti_sysbios_BIOS_Module__diagsIncluded__C
00006fc0   ti_sysbios_BIOS_Module__diagsMask__C
00006fc4   ti_sysbios_BIOS_installedErrorHook__C
00006fc8   ti_sysbios_family_arm_lm3_Timer_WRALLOW__C
00006fcc   ti_sysbios_family_arm_lm3_Timer_numTimerDevices__C
00006fd0   ti_sysbios_family_arm_lm3_Timer_startupNeeded__C
00006fd4   ti_sysbios_family_arm_lm3_TimestampProvider_Module__diagsEnabled__C
00006fd8   ti_sysbios_family_arm_lm3_TimestampProvider_Module__diagsIncluded__C
00006fdc   ti_sysbios_family_arm_lm3_TimestampProvider_Module__diagsMask__C
00006fe0   ti_sysbios_family_arm_m3_Hwi_E_NMI__C
00006fe4   ti_sysbios_family_arm_m3_Hwi_E_busFault__C
00006fe8   ti_sysbios_family_arm_m3_Hwi_E_debugMon__C
00006fec   ti_sysbios_family_arm_m3_Hwi_E_hardFault__C
00006ff0   ti_sysbios_family_arm_m3_Hwi_E_memFault__C
00006ff4   ti_sysbios_family_arm_m3_Hwi_E_noIsr__C
00006ff8   ti_sysbios_family_arm_m3_Hwi_E_reserved__C
00006ffc   ti_sysbios_family_arm_m3_Hwi_E_svCall__C
00007000   ti_sysbios_family_arm_m3_Hwi_E_usageFault__C
00007004   ti_sysbios_family_arm_m3_Hwi_LD_end__C
00007008   ti_sysbios_family_arm_m3_Hwi_LM_begin__C
0000700c   ti_sysbios_family_arm_m3_Hwi_Module__diagsEnabled__C
00007010   ti_sysbios_family_arm_m3_Hwi_Module__diagsIncluded__C
00007014   ti_sysbios_family_arm_m3_Hwi_Module__diagsMask__C
00007018   ti_sysbios_family_arm_m3_Hwi_Module__loggerFxn1__C
0000701c   ti_sysbios_family_arm_m3_Hwi_Module__loggerFxn8__C
00007020   ti_sysbios_family_arm_m3_Hwi_Module__loggerObj__C
00007024   ti_sysbios_family_arm_m3_Hwi_NUM_INTERRUPTS__C
00007028   ti_sysbios_family_arm_m3_Hwi_ccr__C
0000702c   ti_sysbios_family_arm_m3_Hwi_dispatchTable__C
00007030   ti_sysbios_family_arm_m3_Hwi_excHandlerFunc__C
00007034   ti_sysbios_family_arm_m3_Hwi_excHookFuncs__C
00007038   ti_sysbios_family_arm_m3_Hwi_priGroup__C
0000703c   ti_sysbios_family_arm_m3_Hwi_priorities__C
00007040   ti_sysbios_gates_GateMutex_A_badContext__C
00007044   ti_sysbios_gates_GateMutex_Instance_State_sem__O
00007048   ti_sysbios_gates_GateMutex_Module__diagsEnabled__C
0000704c   ti_sysbios_gates_GateMutex_Module__diagsIncluded__C
00007050   ti_sysbios_gates_GateMutex_Module__diagsMask__C
00007054   ti_sysbios_hal_Hwi_E_stackOverflow__C
00007058   ti_sysbios_heaps_HeapMem_A_align__C
0000705c   ti_sysbios_heaps_HeapMem_A_heapSize__C
00007060   ti_sysbios_heaps_HeapMem_A_invalidFree__C
00007064   ti_sysbios_heaps_HeapMem_A_zeroBlock__C
00007068   ti_sysbios_heaps_HeapMem_E_memory__C
0000706c   ti_sysbios_heaps_HeapMem_Module__diagsEnabled__C
00007070   ti_sysbios_heaps_HeapMem_Module__diagsIncluded__C
00007074   ti_sysbios_heaps_HeapMem_Module__diagsMask__C
00007078   ti_sysbios_heaps_HeapMem_Module__gateObj__C
0000707c   ti_sysbios_heaps_HeapMem_Object__count__C
00007080   ti_sysbios_heaps_HeapMem_reqAlign__C
00007084   ti_sysbios_knl_Clock_LM_begin__C
00007088   ti_sysbios_knl_Clock_LM_tick__C
0000708c   ti_sysbios_knl_Clock_LW_delayed__C
00007090   ti_sysbios_knl_Clock_Module_State_clockQ__O
00007094   ti_sysbios_knl_Clock_Module__diagsEnabled__C
00007098   ti_sysbios_knl_Clock_Module__diagsIncluded__C
0000709c   ti_sysbios_knl_Clock_Module__diagsMask__C
000070a0   ti_sysbios_knl_Clock_Module__loggerFxn1__C
000070a4   ti_sysbios_knl_Clock_Module__loggerFxn2__C
000070a8   ti_sysbios_knl_Clock_Module__loggerObj__C
000070ac   ti_sysbios_knl_Idle_coreList__A
000070b0   ti_sysbios_knl_Idle_funcList__A
000070b4   ti_sysbios_knl_Semaphore_A_badContext__C
000070b8   ti_sysbios_knl_Semaphore_A_noEvents__C
000070bc   ti_sysbios_knl_Semaphore_A_overflow__C
000070c0   ti_sysbios_knl_Semaphore_A_pendTaskDisabled__C
000070c4   ti_sysbios_knl_Semaphore_Instance_State_pendQ__O
000070c8   ti_sysbios_knl_Semaphore_LM_pend__C
000070cc   ti_sysbios_knl_Semaphore_LM_post__C
000070d0   ti_sysbios_knl_Semaphore_Module__diagsEnabled__C
000070d4   ti_sysbios_knl_Semaphore_Module__diagsIncluded__C
000070d8   ti_sysbios_knl_Semaphore_Module__diagsMask__C
000070dc   ti_sysbios_knl_Semaphore_Module__loggerFxn2__C
000070e0   ti_sysbios_knl_Semaphore_Module__loggerFxn4__C
000070e4   ti_sysbios_knl_Semaphore_Module__loggerObj__C
000070e8   ti_sysbios_knl_Swi_LD_end__C
000070ec   ti_sysbios_knl_Swi_LM_begin__C
000070f0   ti_sysbios_knl_Swi_LM_post__C
000070f4   ti_sysbios_knl_Swi_Module__diagsEnabled__C
000070f8   ti_sysbios_knl_Swi_Module__diagsIncluded__C
000070fc   ti_sysbios_knl_Swi_Module__diagsMask__C
00007100   ti_sysbios_knl_Swi_Module__loggerFxn1__C
00007104   ti_sysbios_knl_Swi_Module__loggerFxn4__C
00007108   ti_sysbios_knl_Swi_Module__loggerObj__C
0000710c   ti_sysbios_knl_Swi_Object__count__C
00007110   ti_sysbios_knl_Task_E_spOutOfBounds__C
00007114   ti_sysbios_knl_Task_E_stackOverflow__C
00007118   ti_sysbios_knl_Task_LD_block__C
0000711c   ti_sysbios_knl_Task_LD_exit__C
00007120   ti_sysbios_knl_Task_LD_ready__C
00007124   ti_sysbios_knl_Task_LM_switch__C
00007128   ti_sysbios_knl_Task_Module_State_inactiveQ__O
0000712c   ti_sysbios_knl_Task_Module__diagsEnabled__C
00007130   ti_sysbios_knl_Task_Module__diagsIncluded__C
00007134   ti_sysbios_knl_Task_Module__diagsMask__C
00007138   ti_sysbios_knl_Task_Module__loggerFxn2__C
0000713c   ti_sysbios_knl_Task_Module__loggerFxn4__C
00007140   ti_sysbios_knl_Task_Module__loggerObj__C
00007144   ti_sysbios_knl_Task_Object__count__C
00007148   ti_sysbios_knl_Task_allBlockedFunc__C
0000714c   ti_sysbios_knl_Task_numConstructedTasks__C
00007150   xdc_runtime_Assert_E_assertFailed__C
00007154   xdc_runtime_Core_A_initializedParams__C
00007158   xdc_runtime_Core_Module__diagsEnabled__C
0000715c   xdc_runtime_Core_Module__diagsIncluded__C
00007160   xdc_runtime_Core_Module__diagsMask__C
00007164   xdc_runtime_Error_E_memory__C
00007168   xdc_runtime_Error_Module__diagsEnabled__C
0000716c   xdc_runtime_Error_Module__diagsIncluded__C
00007170   xdc_runtime_Error_Module__diagsMask__C
00007174   xdc_runtime_Error_Module__loggerFxn8__C
00007178   xdc_runtime_Error_Module__loggerObj__C
0000717c   xdc_runtime_Error_raiseHook__C
00007180   xdc_runtime_IFilterLogger_Interface__BASE__C
00007184   xdc_runtime_IGateProvider_Interface__BASE__C
00007188   xdc_runtime_IHeap_Interface__BASE__C
0000718c   xdc_runtime_ILogger_Interface__BASE__C
00007190   xdc_runtime_IModule_Interface__BASE__C
00007194   xdc_runtime_Log_L_error__C
00007198   xdc_runtime_LoggerBuf_E_badLevel__C
0000719c   xdc_runtime_LoggerBuf_Module__gateObj__C
000071a0   xdc_runtime_LoggerBuf_Object__count__C
000071a4   xdc_runtime_LoggerBuf_statusLogger__C
000071a8   xdc_runtime_Memory_defaultHeapInstance__C
000071ac   xdc_runtime_Startup_execImpl__C
000071b0   xdc_runtime_Startup_lastFxns__A
000071b4   xdc_runtime_Startup_maxPasses__C
000071b8   xdc_runtime_Startup_sfxnRts__C
000071bc   xdc_runtime_Startup_sfxnTab__C
000071c0   xdc_runtime_SysMin_bufSize__C
000071c4   xdc_runtime_SysMin_outputFunc__C
000071c8   xdc_runtime_System_Module__gateObj__C
000071cc   xdc_runtime_System_extendFxn__C
000071d0   xdc_runtime_System_maxAtexitHandlers__C
000071d4   xdc_runtime_Text_charTab__C
000071d8   xdc_runtime_Text_nameEmpty__C
000071dc   xdc_runtime_Text_nameStatic__C
000071e0   xdc_runtime_Text_nameUnknown__C
000071e4   xdc_runtime_Text_nodeTab__C
000071e8   xdc_runtime_Text_visitRopeFxn__C
000071ec   ti_sysbios_BIOS_Module__id__C
000071f0   ti_sysbios_family_arm_lm3_TimestampProvider_Module__id__C
000071f4   ti_sysbios_family_arm_lm3_TimestampProvider_useClockTimer__C
000071f8   ti_sysbios_family_arm_m3_Hwi_Module__id__C
000071fc   ti_sysbios_family_arm_m3_Hwi_Module__loggerDefined__C
00007200   ti_sysbios_gates_GateMutex_Module__id__C
00007204   ti_sysbios_hal_Hwi_Module__id__C
00007208   ti_sysbios_heaps_HeapMem_Module__id__C
0000720c   ti_sysbios_knl_Clock_Module__id__C
00007210   ti_sysbios_knl_Clock_Module__loggerDefined__C
00007214   ti_sysbios_knl_Semaphore_Module__id__C
00007218   ti_sysbios_knl_Semaphore_Module__loggerDefined__C
0000721c   ti_sysbios_knl_Swi_Module__id__C
00007220   ti_sysbios_knl_Swi_Module__loggerDefined__C
00007224   ti_sysbios_knl_Task_Module__id__C
00007228   ti_sysbios_knl_Task_Module__loggerDefined__C
0000722c   ti_sysbios_knl_Task_initStackFlag__C
00007230   xdc_runtime_Core_Module__id__C
00007234   xdc_runtime_Error_Module__loggerDefined__C
00007238   xdc_runtime_Error_maxDepth__C
0000723c   xdc_runtime_LoggerBuf_Module__id__C
00007240   xdc_runtime_LoggerBuf_filterByLevel__C
00007244   xdc_runtime_Memory_Module__id__C
00007248   xdc_runtime_SysMin_flushAtExit__C
0000724c   xdc_runtime_Text_charCnt__C
00007250   xdc_runtime_Text_isLoaded__C
00007254   xdc_runtime_Text_registryModsLastId__C
00007258   xdc_runtime_Text_unnamedModsLastId__C
0000725c   xdc_runtime_Error_policy__C
000075d8   __TI_Handler_Table_Base
000075e4   __TI_Handler_Table_Limit
000075f8   __TI_CINIT_Base
00007610   __TI_CINIT_Limit
20000000   ti_sysbios_family_arm_m3_Hwi_ramVectors
20000140   ti_sysbios_knl_Task_Instance_State_0_stack__A
20000940   ti_sysbios_heaps_HeapMem_Instance_State_0_buf__A
20000d40   xdc_runtime_LoggerBuf_Instance_State_0_entryArr__A
20000f40   xdc_runtime_SysMin_Module_State_0_outbuf__A
20001140   __CIOBUF_
20001260   g_samples
20001288   g_filterIndex
2000128c   g_size
20001298   ti_sysbios_knl_Task_Instance_State_0_hookEnv__A
2000129c   __stack
2000149c   __STACK_TOP
20001a9c   __STACK_END
20001a9c   ti_sysbios_BIOS_Module__state__V
20001abc   ti_sysbios_family_arm_lm3_Timer_Module__root__V
20001ac4   ti_sysbios_family_arm_lm3_Timer_Module_State_0_device__A
20001adc   ti_sysbios_family_arm_lm3_Timer_Module_State_0_handles__A
20001ae8   ti_sysbios_family_arm_lm3_Timer_Module__state__V
20001af4   ti_sysbios_family_arm_lm3_TimestampProvider_Module__state__V
20001afc   ti_sysbios_family_arm_m3_Hwi_Module__root__V
20001b04   ti_sysbios_family_arm_m3_Hwi_Module_State_0_excActive__A
20001b08   ti_sysbios_family_arm_m3_Hwi_Module_State_0_excContext__A
20001b0c   ti_sysbios_family_arm_m3_Hwi_Module_State_0_excStack__A
20001b10   ti_sysbios_gates_GateHwi_Module__root__V
20001b18   ti_sysbios_gates_GateHwi_Object__table__V
20001b1c   ti_sysbios_gates_GateMutex_Module__root__V
20001b24   ti_sysbios_hal_Hwi_Module__root__V
20001b2c   ti_sysbios_hal_Hwi_Object__table__V
20001b34   ti_sysbios_hal_Timer_Module__root__V
20001b3c   ti_sysbios_hal_Timer_Object__table__V
20001b44   ti_sysbios_heaps_HeapMem_Module__root__V
20001b4c   ti_sysbios_heaps_HeapMem_Object__table__V
20001b64   ti_sysbios_knl_Clock_Module__root__V
20001b6c   ti_sysbios_knl_Clock_Object__table__V
20001b8c   ti_sysbios_knl_Queue_Module__root__V
20001b94   ti_sysbios_knl_Semaphore_Module__root__V
20001b9c   ti_sysbios_knl_Swi_Module__root__V
20001ba4   ti_sysbios_knl_Swi_Module__state__V
20001bc0   ti_sysbios_knl_Task_Module__root__V
20001bc8   ti_sysbios_knl_Task_Module_State_0_idleTask__A
20001bcc   xdc_runtime_Error_Module__state__V
20001bd0   xdc_runtime_LoggerBuf_Module__root__V
20001bd8   xdc_runtime_LoggerBuf_Module__state__V
20001be0   xdc_runtime_Memory_Module__state__V
20001be4   xdc_runtime_Registry_Module__state__V
20001bec   xdc_runtime_Startup_Module__state__V
20001bf4   xdc_runtime_SysMin_Module__state__V
20001c00   xdc_runtime_System_Module_State_0_atexitHandlers__A
20001c10   xdc_runtime_System_Module__state__V
20001c1c   xdc_runtime_Text_Module__state__V
20001c24   __xdc__init__addr
20001c28   ti_sysbios_family_arm_m3_Hwi_Module_State_0_dispatchTable__A
20001d68   ti_sysbios_knl_Swi_Module_State_0_readyQ__A
20001de8   ti_sysbios_knl_Task_Module_State_0_readyQ__A
20001e68   ti_sysbios_family_arm_m3_Hwi_Module__state__V
20001ebc   TSK_idle
20001ebc   ti_sysbios_knl_Task_Object__table__V
20001f08   ti_sysbios_knl_Task_Module__state__V
20001f4c   ti_sysbios_gates_GateMutex_Object__table__V
20001f84   ti_sysbios_family_arm_lm3_Timer_Object__table__V
20001fb4   ti_sysbios_family_arm_m3_Hwi_Object__table__V
20001fe4   ti_sysbios_knl_Swi_Object__table__V
20002014   ti_sysbios_knl_Clock_Module__state__V
2000203c   xdc_runtime_LoggerBuf_Object__table__V
20002060   _lock
20002064   _unlock
20002068   _cleanup_ptr
2000206c   _dtors_ptr
20002078   main_func_sp
e000e000   ti_sysbios_family_arm_m3_Hwi_nvic
ffffffff   __binit__
ffffffff   __c_args__
ffffffff   binit
UNDEFED    SHT$$INIT_ARRAY$$Base
UNDEFED    SHT$$INIT_ARRAY$$Limit

[657 symbols]
