******************************************************************************
                  TI ARM Linker PC v5.0.4                      
******************************************************************************
>> Linked Thu Apr 30 15:30:23 2015

OUTPUT FILE NAME:   <ECE3849d15_lab1_Cmrypkema_SdMichelini.out>
ENTRY POINT SYMBOL: "_c_int00"  address: 00009005


MEMORY CONFIGURATION

         name            origin    length      used     unused   attr    fill
----------------------  --------  ---------  --------  --------  ----  --------
  FLASH                 00000000   00040000  0000d1ef  00032e11  R  X
  SRAM                  20000000   00010000  0000fe0c  000001f4  RW X


SEGMENT ALLOCATION MAP

run origin  load origin   length   init length attrs members
----------  ----------- ---------- ----------- ----- -------
00000000    00000000    0000d1f8   0000d1f8    r-x
  00000000    00000000    00000140   00000140    r-- .resetVecs
  00000140    00000140    0000a526   0000a526    r-x .text
  0000a668    0000a668    00002589   00002589    r-- .const
  0000cbf8    0000cbf8    00000600   00000600    r-- .cinit
20000000    20000000    0000f3a0   00000000    rw-
  20000000    20000000    00000140   00000000    rw- .vecs
  20000140    20000140    0000d260   00000000    rw- .bss
  2000d3a0    2000d3a0    00002000   00000000    rw- .stack
2000f3a0    2000f3a0    00000a6c   00000a6c    rw-
  2000f3a0    2000f3a0    00000a6c   00000a6c    rw- .data


SECTION ALLOCATION MAP

 output                                  attributes/
section   page    origin      length       input sections
--------  ----  ----------  ----------   ----------------
.bootVecs 
*          0    00000000    00000008     DSECT
                  00000000    00000008     boot.aem3 : boot.oem3 (.bootVecs)

.resetVecs 
*          0    00000000    00000140     
                  00000000    00000140     app_pem3.oem3 (.resetVecs)

xdc.meta   0    00000000    000000e7     COPY SECTION
                  00000000    000000e7     app_pem3.oem3 (xdc.meta)

.init_array 
*          0    00000000    00000000     UNINITIALIZED

.text      0    00000140    0000a526     
                  00000140    00000f34     kiss_fft.obj (.text)
                  00001074    00000b1c     main.obj (.text)
                  00001b90    00000a18     ustdlib.obj (.text)
                  000025a8    00000684     frame_graphics.obj (.text)
                  00002c2c    00000510     rit128x96x4.obj (.text)
                  0000313c    00000424     sysbios.aem3 : BIOS.obj (.text:ti_sysbios_family_arm_m3_Hwi_excDumpRegs__I)
                  00003560    00000340     ti.targets.arm.rtsarm.aem3 : System.oem3 (.text:xdc_runtime_System_doPrint__I)
                  000038a0    00000304     rtsv7M3_T_le_eabi.lib : xlog.obj (.text)
                  00003ba4    000002e4                           : trgdrv.obj (.text)
                  00003e88    000002a0                           : xsin.obj (.text)
                  00004128    00000278     sysbios.aem3 : BIOS.obj (.text:ti_sysbios_knl_Semaphore_pend__E)
                  000043a0    00000248                  : BIOS.obj (.text:ti_sysbios_heaps_HeapMem_free__E)
                  000045e8    00000234                  : BIOS.obj (.text:ti_sysbios_heaps_HeapMem_alloc__E)
                  0000481c    000001ec                  : BIOS.obj (.text:ti_sysbios_family_arm_m3_Hwi_excHandlerMax__I)
                  00004a08    000001b6     rtsv7M3_T_le_eabi.lib : fd_add_t2.obj (.text)
                  00004bbe    00000002     sysbios.aem3 : BIOS.obj (.text:ti_sysbios_BIOS_nullFunc__I)
                  00004bc0    00000198     driverlib-cm3.lib : sysctl.obj (.text:SysCtlClockGet)
                  00004d58    00000190                       : can.obj (.text:CANMessageSet)
                  00004ee8    00000168     sysbios.aem3 : BIOS.obj (.text:ti_sysbios_family_arm_m3_Hwi_excBusFault__I)
                  00005050    00000154     rtsv7M3_T_le_eabi.lib : fmod.obj (.text)
                  000051a4    00000154     sysbios.aem3 : BIOS.obj (.text:ti_sysbios_family_arm_m3_Hwi_excUsageFault__I)
                  000052f8    0000014c     rtsv7M3_T_le_eabi.lib : sqrt.obj (.text)
                  00005444    00000148     driverlib-cm3.lib : can.obj (.text:CANMessageGet)
                  0000558c    00000140     sysbios.aem3 : BIOS.obj (.text:ti_sysbios_family_arm_m3_Hwi_excMemFault__I)
                  000056cc    00000140                  : BIOS.obj (.text:ti_sysbios_knl_Semaphore_post__E)
                  0000580c    0000013c                  : BIOS.obj (.text:ti_sysbios_heaps_HeapMem_Instance_init__F)
                  00005948    0000013c     ti.targets.arm.rtsarm.aem3 : Error.oem3 (.text:xdc_runtime_Error_raiseX__F)
                  00005a84    00000138     network.obj (.text)
                  00005bbc    00000136     rtsv7M3_T_le_eabi.lib : fd_div_t2.obj (.text)
                  00005cf2    00000002     sysbios.aem3 : BIOS.obj (.text:ti_sysbios_gates_GateHwi_Instance_init__F)
                  00005cf4    0000012c     ti.targets.arm.rtsarm.aem3 : LoggerBuf.oem3 (.text:xdc_runtime_LoggerBuf_write8__F)
                  00005e20    00000124     sysbios.aem3 : BIOS.obj (.text:ti_sysbios_family_arm_m3_Hwi_dispatchC__I)
                  00005f44    00000120                  : BIOS.obj (.text:ti_sysbios_knl_Clock_workFunc__E)
                  00006064    0000011c     Boot.aem3 : Boot.oem3 (.text:.bootCodeSection:ti_catalog_arm_cortexm3_lm3init_Boot_sysCtlClockSet)
                  00006180    00000110     sysbios.aem3 : BIOS.obj (.text:ti_sysbios_knl_Swi_run__I)
                  00006290    00000108                  : BIOS.obj (.text:ti_sysbios_knl_Task_exit__E)
                  00006398    00000104                  : m3_Hwi_asm.obj (.text:ti_sysbios_family_arm_m3_Hwi_dispatch__I)
                  0000649c    00000104     ti.targets.arm.rtsarm.aem3 : Core-mem.oem3 (.text:xdc_runtime_Core_createObject__I)
                  000065a0    00000100     rtsv7M3_T_le_eabi.lib : xdscale.obj (.text)
                  000066a0    000000fc                           : fd_mul_t2.obj (.text)
                  0000679c    000000fc     sysbios.aem3 : BIOS.obj (.text:ti_sysbios_knl_Task_schedule__I)
                  00006898    000000fa     rtsv7M3_T_le_eabi.lib : fs_add_t2.obj (.text)
                  00006992    00000002     --HOLE-- [fill = 0]
                  00006994    000000f8     ti.targets.arm.rtsarm.aem3 : Startup.oem3 (.text:xdc_runtime_Startup_startMods__I)
                  00006a8c    000000f8     app_pem3.oem3 (.text:xdc_runtime_System_printfExtend__I)
                  00006b84    000000f4     sysbios.aem3 : BIOS.obj (.text:ti_sysbios_knl_Task_postInit__I)
                  00006c78    000000f4                  : BIOS.obj (.text:ti_sysbios_knl_Task_startCore__E)
                  00006d6c    000000ec     rtsv7M3_T_le_eabi.lib : dtor_list.obj (.text)
                  00006e58    000000dc     sysbios.aem3 : BIOS.obj (.text:ti_sysbios_family_arm_m3_Hwi_initNVIC__E)
                  00006f34    000000cc     ti.targets.arm.rtsarm.aem3 : LoggerBuf.oem3 (.text:xdc_runtime_LoggerBuf_write4__F)
                  00007000    000000c8     driverlib-cm3.lib : gpio.obj (.text:GPIOPadConfigSet)
                  000070c8    000000c4     rtsv7M3_T_le_eabi.lib : xdint.obj (.text)
                  0000718c    000000c0                           : floor.obj (.text)
                  0000724c    000000c0     sysbios.aem3 : BIOS.obj (.text:ti_sysbios_family_arm_lm3_Timer_startup__E)
                  0000730c    000000be     rtsv7M3_T_le_eabi.lib : xdnorm.obj (.text)
                  000073ca    00000002     --HOLE-- [fill = 0]
                  000073cc    000000b8     sysbios.aem3 : BIOS.obj (.text:ti_sysbios_knl_Task_unblockI__E)
                  00007484    000000b4                  : BIOS.obj (.text:ti_sysbios_family_arm_m3_Hwi_excHardFault__I)
                  00007538    000000b4                  : BIOS.obj (.text:ti_sysbios_gates_GateMutex_enter__E)
                  000075ec    000000b4                  : BIOS.obj (.text:ti_sysbios_knl_Task_checkStacks__E)
                  000076a0    000000b0                  : BIOS.obj (.text:ti_sysbios_family_arm_m3_Hwi_excDebugMon__I)
                  00007750    000000ac                  : BIOS.obj (.text:ti_sysbios_knl_Swi_schedule__I)
                  000077fc    000000a8                  : BIOS.obj (.text:ti_sysbios_knl_Semaphore_Instance_init__F)
                  000078a4    000000a8                  : BIOS.obj (.text:ti_sysbios_knl_Swi_post__E)
                  0000794c    000000a4                  : BIOS.obj (.text:ti_sysbios_family_arm_m3_Hwi_Module_startup__F)
                  000079f0    000000a0     auto_init.aem3 : auto_init.oem3 (.text)
                  00007a90    000000a0     sysbios.aem3 : BIOS.obj (.text:ti_sysbios_family_arm_lm3_TimestampProvider_get64__E)
                  00007b30    0000009c     rtsv7M3_T_le_eabi.lib : memcpy_t2.obj (.text)
                  00007bcc    0000009c     sysbios.aem3 : BIOS.obj (.text:ti_sysbios_knl_Task_blockI__E)
                  00007c68    0000009a     ti.targets.arm.rtsarm.aem3 : Text.oem3 (.text:xdc_runtime_Text_putSite__F)
                  00007d02    00000002     --HOLE-- [fill = 0]
                  00007d04    00000094     buttons.obj (.text)
                  00007d98    00000094     sysbios.aem3 : BIOS.obj (.text:ti_sysbios_knl_Mailbox_post__E)
                  00007e2c    00000094     ti.targets.arm.rtsarm.aem3 : Text.oem3 (.text:xdc_runtime_Text_putMod__F)
                  00007ec0    00000092     rtsv7M3_T_le_eabi.lib : fs_div_t2.obj (.text)
                  00007f52    00000002     --HOLE-- [fill = 0]
                  00007f54    00000090     sysbios.aem3 : BIOS.obj (.text:ti_sysbios_family_arm_lm3_Timer_initDevice__I)
                  00007fe4    0000008c     driverlib-cm3.lib : can.obj (.text:CANBitRateSet)
                  00008070    00000088     sysbios.aem3 : BIOS.obj (.text:ti_sysbios_knl_Mailbox_Module_startup__F)
                  000080f8    00000084                  : BIOS.obj (.text:ti_sysbios_knl_Mailbox_pend__E)
                  0000817c    00000080                  : BIOS.obj (.text:ti_sysbios_knl_Task_Module_startup__F)
                  000081fc    00000080     ti.targets.arm.rtsarm.aem3 : LoggerBuf.oem3 (.text:xdc_runtime_LoggerBuf_setFilterLevel__F)
                  0000827c    0000007e     rtsv7M3_T_le_eabi.lib : fd_cmp_t2.obj (.text)
                  000082fa    00000002     --HOLE-- [fill = 0]
                  000082fc    0000007c     sysbios.aem3 : BIOS.obj (.text:ti_sysbios_family_arm_lm3_Timer_Module_startup__F)
                  00008378    0000007c                  : BIOS.obj (.text:ti_sysbios_family_arm_lm3_Timer_start__E)
                  000083f4    0000007a     driverlib-cm3.lib : can.obj (.text:CANInit)
                  0000846e    0000007a     rtsv7M3_T_le_eabi.lib : fs_mul_t2.obj (.text)
                  000084e8    00000078                           : memset_t2.obj (.text)
                  00008560    00000076     driverlib-cm3.lib : can.obj (.text:CANStatusGet)
                  000085d6    00000002     --HOLE-- [fill = 0]
                  000085d8    00000070     sysbios.aem3 : BIOS.obj (.text:ti_sysbios_BIOS_rtsUnlock__I)
                  00008648    00000070     ti.targets.arm.rtsarm.aem3 : Memory.oem3 (.text:xdc_runtime_Memory_alloc__F)
                  000086b8    0000006c     driverlib-cm3.lib : adc.obj (.text:ADCSequenceStepConfigure)
                  00008724    0000006c     ti.targets.arm.rtsarm.aem3 : Error.oem3 (.text:xdc_runtime_Error_print__F)
                  00008790    0000006c                                : LoggerBuf.oem3 (.text:xdc_runtime_LoggerBuf_getFilterLevel__F)
                  000087fc    00000066                                : Core-mem.oem3 (.text:xdc_runtime_Core_deleteObject__I)
                  00008862    00000002     --HOLE-- [fill = 0]
                  00008864    00000064     driverlib-cm3.lib : interrupt.obj (.text:IntDisable)
                  000088c8    00000064                       : interrupt.obj (.text:IntEnable)
                  0000892c    00000064     rtsv7M3_T_le_eabi.lib : round.obj (.text)
                  00008990    00000064                           : xdunscal.obj (.text)
                  000089f4    00000060                           : trgmsg.obj (.text)
                  00008a54    00000060     sysbios.aem3 : BIOS.obj (.text:ti_sysbios_knl_Clock_logTick__E)
                  00008ab4    00000060     app_pem3.oem3 (.text:xdc_runtime_LoggerBuf_Object__create__S)
                  00008b14    0000005e     rtsv7M3_T_le_eabi.lib : copy_decompress_rle.obj (.text)
                  00008b72    00000002     --HOLE-- [fill = 0]
                  00008b74    0000005c     sysbios.aem3 : BIOS.obj (.text:ti_sysbios_knl_Swi_restoreHwi__E)
                  00008bd0    0000005b     ti.targets.arm.rtsarm.aem3 : Text.oem3 (.text:xdc_runtime_Text_putLab__F)
                  00008c2b    00000001     --HOLE-- [fill = 0]
                  00008c2c    00000058     driverlib-cm3.lib : sysctl.obj (.text:SysCtlPeripheralEnable)
                  00008c84    00000050     ti.targets.arm.rtsarm.aem3 : Startup.oem3 (.text:xdc_runtime_Startup_exec__F)
                  00008cd4    00000050                                : System.oem3 (.text:xdc_runtime_System_formatNum__I)
                  00008d24    0000004c     driverlib-cm3.lib : can.obj (.text:CANRegRead)
                  00008d70    0000004c     sysbios.aem3 : m3_TaskSupport_asm.obj (.text:_ti_sysbios_family_arm_m3_TaskSupport_buildTaskStack)
                  00008dbc    0000004c     ti.targets.arm.rtsarm.aem3 : Text.oem3 (.text:xdc_runtime_Text_visitRope2__I)
                  00008e08    0000004a     rtsv7M3_T_le_eabi.lib : fd_tos_t2.obj (.text)
                  00008e52    00000048                           : fd_toi_t2.obj (.text)
                  00008e9a    00000002     --HOLE-- [fill = 0]
                  00008e9c    00000048     sysbios.aem3 : BIOS.obj (.text:ti_sysbios_family_arm_m3_Hwi_excReserved__I)
                  00008ee4    00000048                  : BIOS.obj (.text:ti_sysbios_heaps_HeapMem_getStats__E)
                  00008f2c    00000048                  : BIOS.obj (.text:ti_sysbios_knl_Task_allBlockedFunction__I)
                  00008f74    00000048     ti.targets.arm.rtsarm.aem3 : Assert.oem3 (.text:xdc_runtime_Assert_raise__I)
                  00008fbc    00000048                                : Core-params.oem3 (.text:xdc_runtime_Core_assignParams__I)
                  00009004    00000044     boot.aem3 : boot.oem3 (.text)
                  00009048    00000044     driverlib-cm3.lib : ssi.obj (.text:SSIConfigSetExpClk)
                  0000908c    00000044     rtsv7M3_T_le_eabi.lib : cpy_tbl.obj (.text)
                  000090d0    00000044                           : xdtest.obj (.text)
                  00009114    00000044     sysbios.aem3 : BIOS.obj (.text:ti_sysbios_BIOS_errorRaiseHook__I)
                  00009158    00000044                  : BIOS.obj (.text:ti_sysbios_family_arm_lm3_Timer_enableTimers__I)
                  0000919c    00000044                  : BIOS.obj (.text:ti_sysbios_family_arm_m3_Hwi_disableInterrupt__E)
                  000091e0    00000044                  : BIOS.obj (.text:ti_sysbios_family_arm_m3_Hwi_enableInterrupt__E)
                  00009224    00000044     ti.targets.arm.rtsarm.aem3 : LoggerBuf.oem3 (.text:xdc_runtime_LoggerBuf_filterOutEvent__I)
                  00009268    00000044                                : SysMin.oem3 (.text:xdc_runtime_SysMin_flush__F)
                  000092ac    00000042     driverlib-cm3.lib : can.obj (.text:CANIntClear)
                  000092ee    00000042     rtsv7M3_T_le_eabi.lib : u_divt2.obj (.text)
                  00009330    00000040                           : exit.obj (.text)
                  00009370    00000040                           : signal.obj (.text)
                  000093b0    00000040     sysbios.aem3 : BIOS.obj (.text:ti_sysbios_knl_Semaphore_pendTimeout__I)
                  000093f0    00000040     ti.targets.arm.rtsarm.aem3 : System.oem3 (.text:xdc_runtime_System_atexit__F)
                  00009430    0000003c     driverlib-cm3.lib : can.obj (.text:CANDataRegRead)
                  0000946c    0000003c     sysbios.aem3 : BIOS.obj (.text:ti_sysbios_family_arm_m3_Hwi_excSvCall__I)
                  000094a8    0000003c                  : BIOS.obj (.text:ti_sysbios_heaps_HeapMem_init__I)
                  000094e4    0000003c                  : BIOS.obj (.text:ti_sysbios_knl_Swi_startup__E)
                  00009520    0000003c     ti.targets.arm.rtsarm.aem3 : Text.oem3 (.text:xdc_runtime_Text_xprintf__I)
                  0000955c    00000038     rtsv7M3_T_le_eabi.lib : fs_tod_t2.obj (.text)
                  00009594    00000038                           : fs_toi_t2.obj (.text)
                  000095cc    00000038                           : i_tofs_t2.obj (.text)
                  00009604    00000038     sysbios.aem3 : BIOS.obj (.text:ti_sysbios_family_arm_m3_Hwi_excNoIsr__I)
                  0000963c    00000038                  : BIOS.obj (.text:ti_sysbios_family_arm_m3_Hwi_getStackInfo__E)
                  00009674    00000038                  : BIOS.obj (.text:ti_sysbios_family_arm_m3_TaskSupport_start__E)
                  000096ac    00000038     app_pem3.oem3 (.text:ti_sysbios_knl_Semaphore_Object__create__S)
                  000096e4    00000038     ti.targets.arm.rtsarm.aem3 : LoggerBuf.oem3 (.text:xdc_runtime_LoggerBuf_Instance_init__F)
                  0000971c    00000038                                : SysMin.oem3 (.text:xdc_runtime_SysMin_putch__F)
                  00009754    00000034     driverlib-cm3.lib : can.obj (.text:CANIntStatus)
                  00009788    00000034     sysbios.aem3 : BIOS.obj (.text:ti_sysbios_family_arm_m3_Hwi_excNmi__I)
                  000097bc    00000034     app_pem3.oem3 (.text:ti_sysbios_gates_GateHwi_Object__create__S)
                  000097f0    00000034     app_pem3.oem3 (.text:ti_sysbios_gates_GateMutex_Object__create__S)
                  00009824    00000034     sysbios.aem3 : BIOS.obj (.text:ti_sysbios_hal_Hwi_checkStack:ti_sysbios_hal_Hwi_checkStack)
                  00009858    00000034     app_pem3.oem3 (.text:ti_sysbios_heaps_HeapMem_Object__create__S)
                  0000988c    00000034     app_pem3.oem3 (.text:ti_sysbios_knl_Queue_Object__create__S)
                  000098c0    00000030     rtsv7M3_T_le_eabi.lib : feraiseexcept.obj (.text)
                  000098f0    00000030                           : xferaise.obj (.text)
                  00009920    00000030     app_pem3.oem3 (.text:ti_sysbios_BIOS_exitFunc__I)
                  00009950    00000030     sysbios.aem3 : BIOS.obj (.text:ti_sysbios_knl_Idle_run__E)
                  00009980    00000030     ti.targets.arm.rtsarm.aem3 : Core-label.oem3 (.text:xdc_runtime_Core_assignLabel__I)
                  000099b0    00000030                                : SysMin.oem3 (.text:xdc_runtime_SysMin_abort__F)
                  000099e0    0000002f                                : Text.oem3 (.text:xdc_runtime_Text_printVisFxn__I)
                  00009a0f    00000001     --HOLE-- [fill = 0]
                  00009a10    0000002e     driverlib-cm3.lib : gpio.obj (.text:GPIODirModeSet)
                  00009a3e    0000002e     app_pem3.oem3 (.text:malloc)
                  00009a6c    0000002e     rtsv7M3_T_le_eabi.lib : i_tofd_t2.obj (.text)
                  00009a9a    0000002e                           : raise.obj (.text)
                  00009ac8    0000002c     driverlib-cm3.lib : can.obj (.text:CANDataRegWrite)
                  00009af4    0000002c     sysbios.aem3 : BIOS.obj (.text:ti_sysbios_hal_Hwi_initStack:ti_sysbios_hal_Hwi_initStack)
                  00009b20    0000002c     app_pem3.oem3 (.text:ti_sysbios_knl_Clock_doTick__I)
                  00009b4c    0000002c     sysbios.aem3 : BIOS.obj (.text:ti_sysbios_knl_Task_restore__E)
                  00009b78    0000002c     ti.targets.arm.rtsarm.aem3 : System.oem3 (.text:xdc_runtime_System_rtsExit__I)
                  00009ba4    0000002c                                : Text.oem3 (.text:xdc_runtime_Text_cordText__F)
                  00009bd0    0000002a     driverlib-cm3.lib : adc.obj (.text:ADCSequenceConfigure)
                  00009bfa    0000002a     ti.targets.arm.rtsarm.aem3 : System.oem3 (.text:xdc_runtime_System_putchar__I)
                  00009c24    00000028     driverlib-cm3.lib : can.obj (.text:CANIntNumberGet)
                  00009c4c    00000028     sysbios.aem3 : BIOS.obj (.text:ti_sysbios_gates_GateMutex_Instance_init__F)
                  00009c74    00000028     ti.targets.arm.rtsarm.aem3 : LoggerBuf.oem3 (.text:xdc_runtime_LoggerBuf_Module_startup__F)
                  00009c9c    00000026                                : System.oem3 (.text:xdc_runtime_System_avprintf__F)
                  00009cc2    00000024     rtsv7M3_T_le_eabi.lib : u_tofs_t2.obj (.text)
                  00009ce6    00000002     --HOLE-- [fill = 0]
                  00009ce8    00000024     sysbios.aem3 : BIOS.obj (.text:ti_sysbios_BIOS_registerRTSLock__I)
                  00009d0c    00000024     app_pem3.oem3 (.text:ti_sysbios_BIOS_startFunc__I)
                  00009d30    00000024     sysbios.aem3 : BIOS.obj (.text:ti_sysbios_family_arm_lm3_Timer_isrStub__E)
                  00009d54    00000024                  : BIOS.obj (.text:ti_sysbios_family_arm_m3_Hwi_doTaskRestore__I)
                  00009d78    00000024     app_pem3.oem3 (.text:ti_sysbios_gates_GateMutex_Object__delete__S)
                  00009d9c    00000024     sysbios.aem3 : BIOS.obj (.text:ti_sysbios_knl_Clock_Module_startup__F)
                  00009dc0    00000024                  : BIOS.obj (.text:ti_sysbios_knl_Swi_Module_startup__F)
                  00009de4    00000024     ti.targets.arm.rtsarm.aem3 : System.oem3 (.text:xdc_runtime_System_vprintf__F)
                  00009e08    00000022     app_pem3.oem3 (.text:xdc_runtime_SysMin_output__I)
                  00009e2a    00000002     --HOLE-- [fill = 0]
                  00009e2c    00000020     driverlib-cm3.lib : sysctl.obj (.text:SysCtlADCSpeedSet)
                  00009e4c    00000020     app_pem3.oem3 (.text:ti_sysbios_gates_GateHwi_Object__delete__S)
                  00009e6c    00000020     app_pem3.oem3 (.text:ti_sysbios_heaps_HeapMem_Object__delete__S)
                  00009e8c    00000020     app_pem3.oem3 (.text:ti_sysbios_knl_Semaphore_Object__destruct__S)
                  00009eac    00000020     sysbios.aem3 : BIOS.obj (.text:ti_sysbios_knl_Task_enter__I)
                  00009ecc    00000020     app_pem3.oem3 (.text:xdc_runtime_LoggerBuf_Object__delete__S)
                  00009eec    00000020     ti.targets.arm.rtsarm.aem3 : LoggerBuf.oem3 (.text:xdc_runtime_LoggerBuf_reset__F)
                  00009f0c    00000020                                : Registry.oem3 (.text:xdc_runtime_Registry_findById__F)
                  00009f2c    00000020                                : SysMin.oem3 (.text:xdc_runtime_SysMin_Module_startup__F)
                  00009f4c    0000001c     driverlib-cm3.lib : can.obj (.text:CANRegWrite)
                  00009f68    0000001c     sysbios.aem3 : BIOS.obj (.text:ti_sysbios_BIOS_rtsLock__I)
                  00009f84    0000001c     app_pem3.oem3 (.text:ti_sysbios_knl_Queue_Object__destruct__S)
                  00009fa0    0000001c     ti.targets.arm.rtsarm.aem3 : Error.oem3 (.text:xdc_runtime_Error_check__F)
                  00009fbc    0000001c                                : Memory.oem3 (.text:xdc_runtime_Memory_valloc__F)
                  00009fd8    0000001c                                : SysMin.oem3 (.text:xdc_runtime_SysMin_exit__F)
                  00009ff4    0000001a     app_pem3.oem3 (.text:ti_sysbios_family_arm_m3_Hwi_Handle__label__S)
                  0000a00e    0000001a     app_pem3.oem3 (.text:ti_sysbios_gates_GateHwi_Handle__label__S)
                  0000a028    0000001a     app_pem3.oem3 (.text:ti_sysbios_gates_GateMutex_Handle__label__S)
                  0000a042    0000001a     app_pem3.oem3 (.text:ti_sysbios_heaps_HeapMem_Handle__label__S)
                  0000a05c    0000001a     app_pem3.oem3 (.text:ti_sysbios_knl_Swi_Handle__label__S)
                  0000a076    0000001a     app_pem3.oem3 (.text:ti_sysbios_knl_Task_Handle__label__S)
                  0000a090    0000001a     app_pem3.oem3 (.text:xdc_runtime_LoggerBuf_Handle__label__S)
                  0000a0aa    0000001a     app_pem3.oem3 (.text:xdc_runtime_System_aprintf__E)
                  0000a0c4    0000001a     app_pem3.oem3 (.text:xdc_runtime_System_printf__E)
                  0000a0de    00000018     sysbios.aem3 : m3_Hwi_asm_switch.obj (.text:_ti_sysbios_family_arm_m3_Hwi_initStacks__E)
                  0000a0f6    00000018     app_pem3.oem3 (.text:free)
                  0000a10e    00000002     --HOLE-- [fill = 0]
                  0000a110    00000018     rtsv7M3_T_le_eabi.lib : args_main.obj (.text)
                  0000a128    00000018     app_pem3.oem3 (.text:ti_sysbios_family_arm_lm3_Timer_Module__startupDone__F)
                  0000a140    00000018     app_pem3.oem3 (.text:ti_sysbios_family_arm_m3_Hwi_Module__startupDone__F)
                  0000a158    00000018     sysbios.aem3 : BIOS.obj (.text:ti_sysbios_gates_GateMutex_leave__E)
                  0000a170    00000018     app_pem3.oem3 (.text:ti_sysbios_hal_Timer_Module__startupDone__F)
                  0000a188    00000018     ti.targets.arm.rtsarm.aem3 : Text.oem3 (.text:xdc_runtime_Text_ropeText__F)
                  0000a1a0    00000016     driverlib-cm3.lib : can.obj (.text:CANIntEnable)
                  0000a1b6    00000014                       : can.obj (.text:CANEnable)
                  0000a1ca    00000002     --HOLE-- [fill = 0]
                  0000a1cc    00000014     rtsv7M3_T_le_eabi.lib : _lock.obj (.text)
                  0000a1e0    00000014                           : strlen.obj (.text)
                  0000a1f4    00000014     sysbios.aem3 : BIOS.obj (.text:ti_sysbios_family_arm_m3_Hwi_switchFromBootStack__E)
                  0000a208    00000014     app_pem3.oem3 (.text:ti_sysbios_heaps_HeapMem_Object__get__S)
                  0000a21c    00000014     app_pem3.oem3 (.text:ti_sysbios_knl_Mailbox_Object__get__S)
                  0000a230    00000014     app_pem3.oem3 (.text:ti_sysbios_knl_Swi_Object__get__S)
                  0000a244    00000014     ti.targets.arm.rtsarm.aem3 : LoggerBuf.oem3 (.text:xdc_runtime_LoggerBuf_Instance_finalize__F)
                  0000a258    00000014     app_pem3.oem3 (.text:xdc_runtime_LoggerBuf_Object__get__S)
                  0000a26c    00000014     ti.targets.arm.rtsarm.aem3 : LoggerBuf.oem3 (.text:xdc_runtime_LoggerBuf_write2__F)
                  0000a280    00000014                                : System.oem3 (.text:xdc_runtime_System_abort__F)
                  0000a294    00000012     driverlib-cm3.lib : gpio.obj (.text:GPIOPinTypeCAN)
                  0000a2a6    00000012                       : gpio.obj (.text:GPIOPinTypeGPIOInput)
                  0000a2b8    00000012                       : gpio.obj (.text:GPIOPinTypeGPIOOutput)
                  0000a2ca    00000012                       : gpio.obj (.text:GPIOPinTypeSSI)
                  0000a2dc    00000012                       : ssi.obj (.text:SSIDataGetNonBlocking)
                  0000a2ee    00000012     rtsv7M3_T_le_eabi.lib : copy_zero_init.obj (.text:decompress:ZI)
                  0000a300    00000012                           : strcpy.obj (.text)
                  0000a312    00000012     sysbios.aem3 : BIOS.obj (.text:ti_sysbios_hal_Hwi_Module_startup__F)
                  0000a324    00000012                  : BIOS.obj (.text:ti_sysbios_hal_Timer_Module_startup__F)
                  0000a336    00000012     ti.targets.arm.rtsarm.aem3 : LoggerBuf.oem3 (.text:xdc_runtime_LoggerBuf_write1__F)
                  0000a348    00000012     app_pem3.oem3 (.text:xdc_runtime_Startup_exec__I)
                  0000a35a    00000010     driverlib-cm3.lib : adc.obj (.text:ADCIntEnable)
                  0000a36a    00000010     sysbios.aem3 : m3_TaskSupport_asm.obj (.text:_ti_sysbios_family_arm_m3_TaskSupport_glue)
                  0000a37a    00000010                  : m3_TaskSupport_asm.obj (.text:_ti_sysbios_family_arm_m3_TaskSupport_swap__E)
                  0000a38a    00000010                  : m3_Hwi_asm_switch.obj (.text:_ti_sysbios_family_xxx_Hwi_switchToIsrStack)
                  0000a39a    00000002     --HOLE-- [fill = 0]
                  0000a39c    00000010                  : BIOS.obj (.text:ti_sysbios_BIOS_setThreadType__E)
                  0000a3ac    00000010                  : BIOS.obj (.text:ti_sysbios_BIOS_start__E)
                  0000a3bc    00000010                  : BIOS.obj (.text:ti_sysbios_family_arm_lm3_TimestampProvider_rolloverFunc__E)
                  0000a3cc    00000010                  : BIOS.obj (.text:ti_sysbios_family_arm_m3_Hwi_excHandler__I)
                  0000a3dc    00000010                  : BIOS.obj (.text:ti_sysbios_gates_GateMutex_Instance_finalize__F)
                  0000a3ec    00000010                  : BIOS.obj (.text:ti_sysbios_knl_Semaphore_Instance_finalize__F)
                  0000a3fc    00000010                  : BIOS.obj (.text:ti_sysbios_knl_Swi_disable__E)
                  0000a40c    00000010     app_pem3.oem3 (.text:ti_sysbios_knl_Task_Object__get__S)
                  0000a41c    00000010     sysbios.aem3 : BIOS.obj (.text:ti_sysbios_knl_Task_disable__E)
                  0000a42c    00000010     ti.targets.arm.rtsarm.aem3 : Gate.oem3 (.text:xdc_runtime_Gate_leaveSystem__F)
                  0000a43c    00000010                                : LoggerBuf.oem3 (.text:xdc_runtime_LoggerBuf_write0__F)
                  0000a44c    00000010                                : Memory.oem3 (.text:xdc_runtime_Memory_free__F)
                  0000a45c    00000010                                : SysMin.oem3 (.text:xdc_runtime_SysMin_ready__F)
                  0000a46c    00000010                                : System.oem3 (.text:xdc_runtime_System_vsnprintf__F)
                  0000a47c    00000010     app_pem3.oem3 (.text:xdc_runtime_Text_visitRope__I)
                  0000a48c    0000000e     driverlib-cm3.lib : adc.obj (.text:ADCSequenceDisable)
                  0000a49a    0000000e                       : adc.obj (.text:ADCSequenceEnable)
                  0000a4a8    0000000e     rtsv7M3_T_le_eabi.lib : copy_decompress_none.obj (.text:decompress:none)
                  0000a4b6    0000000e     sysbios.aem3 : BIOS.obj (.text:ti_sysbios_family_arm_m3_TaskSupport_checkStack__E)
                  0000a4c4    0000000e                  : BIOS.obj (.text:ti_sysbios_knl_Queue_empty__E)
                  0000a4d2    00000002     --HOLE-- [fill = 0]
                  0000a4d4    0000000c     app_pem3.oem3 (.text:.bootCodeSection:ti_catalog_arm_cortexm3_lm3init_Boot_init)
                  0000a4e0    0000000c     sysbios.aem3 : m3_Hwi_asm_switch.obj (.text:_ti_sysbios_family_xxx_Hwi_switchToTaskStack)
                  0000a4ec    0000000c                  : BIOS.obj (.text:ti_sysbios_family_arm_lm3_TimestampProvider_startTimer__E)
                  0000a4f8    0000000c                  : BIOS.obj (.text:ti_sysbios_gates_GateHwi_enter__E)
                  0000a504    0000000c     app_pem3.oem3 (.text:ti_sysbios_knl_Queue_Object__get__S)
                  0000a510    0000000c     ti.targets.arm.rtsarm.aem3 : Error.oem3 (.text:xdc_runtime_Error_init__F)
                  0000a51c    0000000c                                : Gate.oem3 (.text:xdc_runtime_Gate_enterSystem__F)
                  0000a528    0000000c                                : Memory.oem3 (.text:xdc_runtime_Memory_calloc__F)
                  0000a534    0000000c                                : Memory.oem3 (.text:xdc_runtime_Memory_getMaxDefaultTypeAlign__F)
                  0000a540    0000000c                                : System.oem3 (.text:xdc_runtime_System_exit__F)
                  0000a54c    0000000c                                : System.oem3 (.text:xdc_runtime_System_lastFxn__I)
                  0000a558    0000000a     driverlib-cm3.lib : ssi.obj (.text:SSIDataPut)
                  0000a562    0000000a                       : ssi.obj (.text:SSIDisable)
                  0000a56c    0000000a                       : ssi.obj (.text:SSIEnable)
                  0000a576    0000000a     app_pem3.oem3 (.text:xdc_runtime_IHeap_alloc)
                  0000a580    0000000a     app_pem3.oem3 (.text:xdc_runtime_IHeap_free)
                  0000a58a    0000000a     ti.targets.arm.rtsarm.aem3 : LoggerBuf.oem3 (.text:xdc_runtime_LoggerBuf_disable__F)
                  0000a594    0000000a                                : LoggerBuf.oem3 (.text:xdc_runtime_LoggerBuf_enable__F)
                  0000a59e    00000008     driverlib-cm3.lib : ssi.obj (.text:SSIBusy)
                  0000a5a6    00000008     sysbios.aem3 : BIOS.obj (.text:ti_sysbios_family_arm_m3_Hwi_doSwiRestore__I)
                  0000a5ae    00000008                  : BIOS.obj (.text:ti_sysbios_family_arm_m3_Hwi_startup__E)
                  0000a5b6    00000008                  : BIOS.obj (.text:ti_sysbios_knl_Idle_loop__E)
                  0000a5be    00000006     Boot.aem3 : Boot.oem3 (.text)
                  0000a5c4    00000006     driverlib-cm3.lib : gpio.obj (.text:GPIOPinWrite)
                  0000a5ca    00000006     ti.targets.arm.rtsarm.aem3 : xdc_noinit.oem3 (.text:__xdc__init)
                  0000a5d0    00000006     rtsv7M3_T_le_eabi.lib : copy_decompress_rle.obj (.text:decompress:rle24)
                  0000a5d6    00000006                           : cos.obj (.text)
                  0000a5dc    00000006                           : log10.obj (.text)
                  0000a5e2    00000006                           : sin.obj (.text)
                  0000a5e8    00000006     sysbios.aem3 : BIOS.obj (.text:ti_sysbios_family_arm_lm3_TimestampProvider_Module_startup__F)
                  0000a5ee    00000006                  : BIOS.obj (.text:ti_sysbios_gates_GateHwi_leave__E)
                  0000a5f4    00000006                  : BIOS.obj (.text:ti_sysbios_heaps_HeapMem_isBlocking__E)
                  0000a5fa    00000006                  : BIOS.obj (.text:ti_sysbios_knl_Queue_Instance_init__F)
                  0000a600    00000006     ti.targets.arm.rtsarm.aem3 : System.oem3 (.text:xdc_runtime_System_Module_startup__F)
                  0000a606    00000004     app_pem3.oem3 (.text:ti_sysbios_BIOS_RtsGateProxy_enter__E)
                  0000a60a    00000004     app_pem3.oem3 (.text:ti_sysbios_BIOS_RtsGateProxy_leave__E)
                  0000a60e    00000004     sysbios.aem3 : BIOS.obj (.text:ti_sysbios_family_arm_lm3_Timer_getPeriod__E)
                  0000a612    00000004     app_pem3.oem3 (.text:ti_sysbios_family_arm_m3_TaskSupport_Module__startupDone__S)
                  0000a616    00000004     sysbios.aem3 : BIOS.obj (.text:ti_sysbios_gates_GateHwi_query__F)
                  0000a61a    00000004                  : BIOS.obj (.text:ti_sysbios_gates_GateMutex_query__F)
                  0000a61e    00000004     app_pem3.oem3 (.text:ti_sysbios_hal_Hwi_HwiProxy_Module__startupDone__S)
                  0000a622    00000004     app_pem3.oem3 (.text:ti_sysbios_hal_Timer_TimerProxy_Module__startupDone__S)
                  0000a626    00000004     app_pem3.oem3 (.text:ti_sysbios_hal_Timer_TimerProxy_getPeriod__E)
                  0000a62a    00000004     app_pem3.oem3 (.text:ti_sysbios_heaps_HeapMem_Module_GateProxy_enter__E)
                  0000a62e    00000004     app_pem3.oem3 (.text:ti_sysbios_heaps_HeapMem_Module_GateProxy_leave__E)
                  0000a632    00000004     app_pem3.oem3 (.text:ti_sysbios_knl_Task_SupportProxy_Module__startupDone__S)
                  0000a636    00000004     sysbios.aem3 : BIOS.obj (.text:ti_sysbios_knl_Task_startup__E)
                  0000a63a    00000004     ti.targets.arm.rtsarm.aem3 : Error.oem3 (.text:xdc_runtime_Error_getSite__F)
                  0000a63e    00000004     app_pem3.oem3 (.text:xdc_runtime_LoggerBuf_Module_GateProxy_enter__E)
                  0000a642    00000004     app_pem3.oem3 (.text:xdc_runtime_LoggerBuf_Module_GateProxy_leave__E)
                  0000a646    00000004     app_pem3.oem3 (.text:xdc_runtime_Memory_HeapProxy_alloc__E)
                  0000a64a    00000004     app_pem3.oem3 (.text:xdc_runtime_Memory_HeapProxy_free__E)
                  0000a64e    00000004     app_pem3.oem3 (.text:xdc_runtime_Startup_reset__I)
                  0000a652    00000004     app_pem3.oem3 (.text:xdc_runtime_System_Module_GateProxy_enter__E)
                  0000a656    00000004     app_pem3.oem3 (.text:xdc_runtime_System_Module_GateProxy_leave__E)
                  0000a65a    00000004     ti.targets.arm.rtsarm.aem3 : System.oem3 (.text:xdc_runtime_System_aprintf_va__F)
                  0000a65e    00000004                                : System.oem3 (.text:xdc_runtime_System_printf_va__F)
                  0000a662    00000004     app_pem3.oem3 (.text:xdc_runtime_System_vsnprintf__E)

.const     0    0000a668    00002589     
                  0000a668    0000172b     app_pem3.oem3 (.const:xdc_runtime_Text_charTab__A)
                  0000bd93    00000001     --HOLE-- [fill = 0]
                  0000bd94    000001e0     rit128x96x4.obj (.const:g_pucFont)
                  0000bf74    000001db     frame_graphics.obj (.const:g_pucFont)
                  0000c14f    00000001     --HOLE-- [fill = 0]
                  0000c150    000000b8     app_pem3.oem3 (.const:xdc_runtime_Text_nodeTab__A)
                  0000c208    00000080     rtsv7M3_T_le_eabi.lib : xsin.obj (.const)
                  0000c288    00000070     driverlib-cm3.lib : interrupt.obj (.const)
                  0000c2f8    0000006c                       : sysctl.obj (.const:g_pulXtals)
                  0000c364    00000064     main.obj (.const:.string)
                  0000c3c8    00000050     app_pem3.oem3 (.const:ti_sysbios_family_arm_m3_Hwi_priorities__A)
                  0000c418    0000004f     rit128x96x4.obj (.const:.string:g_pucRIT128x96x4Init)
                  0000c467    00000001     --HOLE-- [fill = 0]
                  0000c468    00000048     app_pem3.oem3 (.const:.string)
                  0000c4b0    00000040     driverlib-cm3.lib : sysctl.obj (.const)
                  0000c4f0    00000040     frame_graphics.obj (.const)
                  0000c530    00000040     main.obj (.const)
                  0000c570    0000003c     app_pem3.oem3 (.const)
                  0000c5ac    0000003c     app_pem3.oem3 (.const:xdc_runtime_LoggerBuf_Module__FXNS__C)
                  0000c5e8    00000038     rtsv7M3_T_le_eabi.lib : xlog.obj (.const:p)
                  0000c620    00000030                           : xdint.obj (.const)
                  0000c650    00000030     app_pem3.oem3 (.const:xdc_runtime_Startup_sfxnTab__A)
                  0000c680    00000028     app_pem3.oem3 (.const:ti_sysbios_heaps_HeapMem_Module__FXNS__C)
                  0000c6a8    00000024     app_pem3.oem3 (.const:ti_sysbios_gates_GateHwi_Module__FXNS__C)
                  0000c6cc    00000024     app_pem3.oem3 (.const:ti_sysbios_gates_GateMutex_Module__FXNS__C)
                  0000c6f0    00000024     app_pem3.oem3 (.const:ti_sysbios_heaps_HeapMem_Object__PARAMS__C)
                  0000c714    00000024     app_pem3.oem3 (.const:ti_sysbios_knl_Semaphore_Object__PARAMS__C)
                  0000c738    00000024     app_pem3.oem3 (.const:xdc_runtime_LoggerBuf_Object__PARAMS__C)
                  0000c75c    00000020     driverlib-cm3.lib : can.obj (.const)
                  0000c77c    00000020     app_pem3.oem3 (.const:ti_sysbios_gates_GateHwi_Object__DESC__C)
                  0000c79c    00000020     app_pem3.oem3 (.const:ti_sysbios_gates_GateMutex_Object__DESC__C)
                  0000c7bc    00000020     app_pem3.oem3 (.const:ti_sysbios_heaps_HeapMem_Object__DESC__C)
                  0000c7dc    00000020     app_pem3.oem3 (.const:ti_sysbios_knl_Queue_Object__DESC__C)
                  0000c7fc    00000020     app_pem3.oem3 (.const:ti_sysbios_knl_Semaphore_Object__DESC__C)
                  0000c81c    00000020     app_pem3.oem3 (.const:xdc_runtime_LoggerBuf_Object__DESC__C)
                  0000c83c    0000001c     ustdlib.obj (.const)
                  0000c858    00000018     app_pem3.oem3 (.const:ti_sysbios_gates_GateHwi_Object__PARAMS__C)
                  0000c870    00000018     app_pem3.oem3 (.const:ti_sysbios_gates_GateMutex_Object__PARAMS__C)
                  0000c888    00000018     app_pem3.oem3 (.const:ti_sysbios_knl_Queue_Object__PARAMS__C)
                  0000c8a0    00000018     app_pem3.oem3 (.const:ti_sysbios_knl_Task_hooks__A)
                  0000c8b8    00000018     app_pem3.oem3 (.const:xdc_runtime_Startup_sfxnRts__A)
                  0000c8d0    00000012     ustdlib.obj (.const:.string)
                  0000c8e2    00000002     --HOLE-- [fill = 0]
                  0000c8e4    00000011     ti.targets.arm.rtsarm.aem3 : System.oem3 (.const)
                  0000c8f5    00000003     --HOLE-- [fill = 0]
                  0000c8f8    00000010     app_pem3.oem3 (.const:xdc_runtime_Startup_firstFxns__A)
                  0000c908    0000000c     rit128x96x4.obj (.const:.string)
                  0000c914    00000008     app_pem3.oem3 (.const:ti_sysbios_family_arm_m3_Hwi_excHookFuncs__A)
                  0000c91c    00000008     app_pem3.oem3 (.const:ti_sysbios_knl_Idle_coreList__C)
                  0000c924    00000008     app_pem3.oem3 (.const:ti_sysbios_knl_Idle_funcList__C)
                  0000c92c    00000008     app_pem3.oem3 (.const:ti_sysbios_knl_Task_hooks__C)
                  0000c934    00000008     app_pem3.oem3 (.const:xdc_runtime_Startup_firstFxns__C)
                  0000c93c    00000008     app_pem3.oem3 (.const:xdc_runtime_Startup_lastFxns__A)
                  0000c944    00000008     app_pem3.oem3 (.const:xdc_runtime_Startup_lastFxns__C)
                  0000c94c    00000004     app_pem3.oem3 (.const:ti_sysbios_BIOS_Module__diagsEnabled__C)
                  0000c950    00000004     app_pem3.oem3 (.const:ti_sysbios_BIOS_Module__diagsIncluded__C)
                  0000c954    00000004     app_pem3.oem3 (.const:ti_sysbios_BIOS_Module__diagsMask__C)
                  0000c958    00000004     app_pem3.oem3 (.const:ti_sysbios_BIOS_installedErrorHook__C)
                  0000c95c    00000004     app_pem3.oem3 (.const:ti_sysbios_family_arm_lm3_Timer_WRALLOW__C)
                  0000c960    00000004     app_pem3.oem3 (.const:ti_sysbios_family_arm_lm3_Timer_numTimerDevices__C)
                  0000c964    00000004     app_pem3.oem3 (.const:ti_sysbios_family_arm_lm3_Timer_startupNeeded__C)
                  0000c968    00000004     app_pem3.oem3 (.const:ti_sysbios_family_arm_m3_Hwi_E_NMI__C)
                  0000c96c    00000004     app_pem3.oem3 (.const:ti_sysbios_family_arm_m3_Hwi_E_busFault__C)
                  0000c970    00000004     app_pem3.oem3 (.const:ti_sysbios_family_arm_m3_Hwi_E_debugMon__C)
                  0000c974    00000004     app_pem3.oem3 (.const:ti_sysbios_family_arm_m3_Hwi_E_hardFault__C)
                  0000c978    00000004     app_pem3.oem3 (.const:ti_sysbios_family_arm_m3_Hwi_E_memFault__C)
                  0000c97c    00000004     app_pem3.oem3 (.const:ti_sysbios_family_arm_m3_Hwi_E_noIsr__C)
                  0000c980    00000004     app_pem3.oem3 (.const:ti_sysbios_family_arm_m3_Hwi_E_reserved__C)
                  0000c984    00000004     app_pem3.oem3 (.const:ti_sysbios_family_arm_m3_Hwi_E_svCall__C)
                  0000c988    00000004     app_pem3.oem3 (.const:ti_sysbios_family_arm_m3_Hwi_E_usageFault__C)
                  0000c98c    00000004     app_pem3.oem3 (.const:ti_sysbios_family_arm_m3_Hwi_LD_end__C)
                  0000c990    00000004     app_pem3.oem3 (.const:ti_sysbios_family_arm_m3_Hwi_LM_begin__C)
                  0000c994    00000004     app_pem3.oem3 (.const:ti_sysbios_family_arm_m3_Hwi_Module__diagsEnabled__C)
                  0000c998    00000004     app_pem3.oem3 (.const:ti_sysbios_family_arm_m3_Hwi_Module__diagsIncluded__C)
                  0000c99c    00000004     app_pem3.oem3 (.const:ti_sysbios_family_arm_m3_Hwi_Module__diagsMask__C)
                  0000c9a0    00000004     app_pem3.oem3 (.const:ti_sysbios_family_arm_m3_Hwi_Module__loggerFxn1__C)
                  0000c9a4    00000004     app_pem3.oem3 (.const:ti_sysbios_family_arm_m3_Hwi_Module__loggerFxn8__C)
                  0000c9a8    00000004     app_pem3.oem3 (.const:ti_sysbios_family_arm_m3_Hwi_Module__loggerObj__C)
                  0000c9ac    00000004     app_pem3.oem3 (.const:ti_sysbios_family_arm_m3_Hwi_NUM_INTERRUPTS__C)
                  0000c9b0    00000004     app_pem3.oem3 (.const:ti_sysbios_family_arm_m3_Hwi_ccr__C)
                  0000c9b4    00000004     app_pem3.oem3 (.const:ti_sysbios_family_arm_m3_Hwi_dispatchTable__C)
                  0000c9b8    00000004     app_pem3.oem3 (.const:ti_sysbios_family_arm_m3_Hwi_excHandlerFunc__C)
                  0000c9bc    00000004     app_pem3.oem3 (.const:ti_sysbios_family_arm_m3_Hwi_excHookFuncs__C)
                  0000c9c0    00000004     app_pem3.oem3 (.const:ti_sysbios_family_arm_m3_Hwi_priGroup__C)
                  0000c9c4    00000004     app_pem3.oem3 (.const:ti_sysbios_family_arm_m3_Hwi_priorities__C)
                  0000c9c8    00000004     app_pem3.oem3 (.const:ti_sysbios_gates_GateMutex_A_badContext__C)
                  0000c9cc    00000004     app_pem3.oem3 (.const:ti_sysbios_gates_GateMutex_Instance_State_sem__O)
                  0000c9d0    00000004     app_pem3.oem3 (.const:ti_sysbios_gates_GateMutex_Module__diagsEnabled__C)
                  0000c9d4    00000004     app_pem3.oem3 (.const:ti_sysbios_gates_GateMutex_Module__diagsIncluded__C)
                  0000c9d8    00000004     app_pem3.oem3 (.const:ti_sysbios_gates_GateMutex_Module__diagsMask__C)
                  0000c9dc    00000004     app_pem3.oem3 (.const:ti_sysbios_hal_Hwi_E_stackOverflow__C)
                  0000c9e0    00000004     app_pem3.oem3 (.const:ti_sysbios_heaps_HeapMem_A_align__C)
                  0000c9e4    00000004     app_pem3.oem3 (.const:ti_sysbios_heaps_HeapMem_A_heapSize__C)
                  0000c9e8    00000004     app_pem3.oem3 (.const:ti_sysbios_heaps_HeapMem_A_invalidFree__C)
                  0000c9ec    00000004     app_pem3.oem3 (.const:ti_sysbios_heaps_HeapMem_A_zeroBlock__C)
                  0000c9f0    00000004     app_pem3.oem3 (.const:ti_sysbios_heaps_HeapMem_E_memory__C)
                  0000c9f4    00000004     app_pem3.oem3 (.const:ti_sysbios_heaps_HeapMem_Module__diagsEnabled__C)
                  0000c9f8    00000004     app_pem3.oem3 (.const:ti_sysbios_heaps_HeapMem_Module__diagsIncluded__C)
                  0000c9fc    00000004     app_pem3.oem3 (.const:ti_sysbios_heaps_HeapMem_Module__diagsMask__C)
                  0000ca00    00000004     app_pem3.oem3 (.const:ti_sysbios_heaps_HeapMem_Module__gateObj__C)
                  0000ca04    00000004     app_pem3.oem3 (.const:ti_sysbios_heaps_HeapMem_Object__count__C)
                  0000ca08    00000004     app_pem3.oem3 (.const:ti_sysbios_heaps_HeapMem_reqAlign__C)
                  0000ca0c    00000004     app_pem3.oem3 (.const:ti_sysbios_knl_Clock_LM_begin__C)
                  0000ca10    00000004     app_pem3.oem3 (.const:ti_sysbios_knl_Clock_LM_tick__C)
                  0000ca14    00000004     app_pem3.oem3 (.const:ti_sysbios_knl_Clock_LW_delayed__C)
                  0000ca18    00000004     app_pem3.oem3 (.const:ti_sysbios_knl_Clock_Module_State_clockQ__O)
                  0000ca1c    00000004     app_pem3.oem3 (.const:ti_sysbios_knl_Clock_Module__diagsEnabled__C)
                  0000ca20    00000004     app_pem3.oem3 (.const:ti_sysbios_knl_Clock_Module__diagsIncluded__C)
                  0000ca24    00000004     app_pem3.oem3 (.const:ti_sysbios_knl_Clock_Module__diagsMask__C)
                  0000ca28    00000004     app_pem3.oem3 (.const:ti_sysbios_knl_Clock_Module__loggerFxn1__C)
                  0000ca2c    00000004     app_pem3.oem3 (.const:ti_sysbios_knl_Clock_Module__loggerFxn2__C)
                  0000ca30    00000004     app_pem3.oem3 (.const:ti_sysbios_knl_Clock_Module__loggerObj__C)
                  0000ca34    00000004     app_pem3.oem3 (.const:ti_sysbios_knl_Idle_coreList__A)
                  0000ca38    00000004     app_pem3.oem3 (.const:ti_sysbios_knl_Idle_funcList__A)
                  0000ca3c    00000004     app_pem3.oem3 (.const:ti_sysbios_knl_Mailbox_Instance_State_dataQue__O)
                  0000ca40    00000004     app_pem3.oem3 (.const:ti_sysbios_knl_Mailbox_Instance_State_dataSem__O)
                  0000ca44    00000004     app_pem3.oem3 (.const:ti_sysbios_knl_Mailbox_Instance_State_freeQue__O)
                  0000ca48    00000004     app_pem3.oem3 (.const:ti_sysbios_knl_Mailbox_Instance_State_freeSem__O)
                  0000ca4c    00000004     app_pem3.oem3 (.const:ti_sysbios_knl_Mailbox_Object__count__C)
                  0000ca50    00000004     app_pem3.oem3 (.const:ti_sysbios_knl_Semaphore_A_badContext__C)
                  0000ca54    00000004     app_pem3.oem3 (.const:ti_sysbios_knl_Semaphore_A_noEvents__C)
                  0000ca58    00000004     app_pem3.oem3 (.const:ti_sysbios_knl_Semaphore_A_overflow__C)
                  0000ca5c    00000004     app_pem3.oem3 (.const:ti_sysbios_knl_Semaphore_A_pendTaskDisabled__C)
                  0000ca60    00000004     app_pem3.oem3 (.const:ti_sysbios_knl_Semaphore_Instance_State_pendQ__O)
                  0000ca64    00000004     app_pem3.oem3 (.const:ti_sysbios_knl_Semaphore_LM_pend__C)
                  0000ca68    00000004     app_pem3.oem3 (.const:ti_sysbios_knl_Semaphore_LM_post__C)
                  0000ca6c    00000004     app_pem3.oem3 (.const:ti_sysbios_knl_Semaphore_Module__diagsEnabled__C)
                  0000ca70    00000004     app_pem3.oem3 (.const:ti_sysbios_knl_Semaphore_Module__diagsIncluded__C)
                  0000ca74    00000004     app_pem3.oem3 (.const:ti_sysbios_knl_Semaphore_Module__diagsMask__C)
                  0000ca78    00000004     app_pem3.oem3 (.const:ti_sysbios_knl_Semaphore_Module__loggerFxn2__C)
                  0000ca7c    00000004     app_pem3.oem3 (.const:ti_sysbios_knl_Semaphore_Module__loggerFxn4__C)
                  0000ca80    00000004     app_pem3.oem3 (.const:ti_sysbios_knl_Semaphore_Module__loggerObj__C)
                  0000ca84    00000004     app_pem3.oem3 (.const:ti_sysbios_knl_Swi_LD_end__C)
                  0000ca88    00000004     app_pem3.oem3 (.const:ti_sysbios_knl_Swi_LM_begin__C)
                  0000ca8c    00000004     app_pem3.oem3 (.const:ti_sysbios_knl_Swi_LM_post__C)
                  0000ca90    00000004     app_pem3.oem3 (.const:ti_sysbios_knl_Swi_Module__diagsEnabled__C)
                  0000ca94    00000004     app_pem3.oem3 (.const:ti_sysbios_knl_Swi_Module__diagsIncluded__C)
                  0000ca98    00000004     app_pem3.oem3 (.const:ti_sysbios_knl_Swi_Module__diagsMask__C)
                  0000ca9c    00000004     app_pem3.oem3 (.const:ti_sysbios_knl_Swi_Module__loggerFxn1__C)
                  0000caa0    00000004     app_pem3.oem3 (.const:ti_sysbios_knl_Swi_Module__loggerFxn4__C)
                  0000caa4    00000004     app_pem3.oem3 (.const:ti_sysbios_knl_Swi_Module__loggerObj__C)
                  0000caa8    00000004     app_pem3.oem3 (.const:ti_sysbios_knl_Swi_Object__count__C)
                  0000caac    00000004     app_pem3.oem3 (.const:ti_sysbios_knl_Task_E_spOutOfBounds__C)
                  0000cab0    00000004     app_pem3.oem3 (.const:ti_sysbios_knl_Task_E_stackOverflow__C)
                  0000cab4    00000004     app_pem3.oem3 (.const:ti_sysbios_knl_Task_LD_block__C)
                  0000cab8    00000004     app_pem3.oem3 (.const:ti_sysbios_knl_Task_LD_exit__C)
                  0000cabc    00000004     app_pem3.oem3 (.const:ti_sysbios_knl_Task_LD_ready__C)
                  0000cac0    00000004     app_pem3.oem3 (.const:ti_sysbios_knl_Task_LM_switch__C)
                  0000cac4    00000004     app_pem3.oem3 (.const:ti_sysbios_knl_Task_Module_State_inactiveQ__O)
                  0000cac8    00000004     app_pem3.oem3 (.const:ti_sysbios_knl_Task_Module__diagsEnabled__C)
                  0000cacc    00000004     app_pem3.oem3 (.const:ti_sysbios_knl_Task_Module__diagsIncluded__C)
                  0000cad0    00000004     app_pem3.oem3 (.const:ti_sysbios_knl_Task_Module__diagsMask__C)
                  0000cad4    00000004     app_pem3.oem3 (.const:ti_sysbios_knl_Task_Module__loggerFxn2__C)
                  0000cad8    00000004     app_pem3.oem3 (.const:ti_sysbios_knl_Task_Module__loggerFxn4__C)
                  0000cadc    00000004     app_pem3.oem3 (.const:ti_sysbios_knl_Task_Module__loggerObj__C)
                  0000cae0    00000004     app_pem3.oem3 (.const:ti_sysbios_knl_Task_Object__count__C)
                  0000cae4    00000004     app_pem3.oem3 (.const:ti_sysbios_knl_Task_allBlockedFunc__C)
                  0000cae8    00000004     app_pem3.oem3 (.const:ti_sysbios_knl_Task_numConstructedTasks__C)
                  0000caec    00000004     app_pem3.oem3 (.const:xdc_runtime_Assert_E_assertFailed__C)
                  0000caf0    00000004     app_pem3.oem3 (.const:xdc_runtime_Core_A_initializedParams__C)
                  0000caf4    00000004     app_pem3.oem3 (.const:xdc_runtime_Core_Module__diagsEnabled__C)
                  0000caf8    00000004     app_pem3.oem3 (.const:xdc_runtime_Core_Module__diagsIncluded__C)
                  0000cafc    00000004     app_pem3.oem3 (.const:xdc_runtime_Core_Module__diagsMask__C)
                  0000cb00    00000004     app_pem3.oem3 (.const:xdc_runtime_Error_E_memory__C)
                  0000cb04    00000004     app_pem3.oem3 (.const:xdc_runtime_Error_Module__diagsEnabled__C)
                  0000cb08    00000004     app_pem3.oem3 (.const:xdc_runtime_Error_Module__diagsIncluded__C)
                  0000cb0c    00000004     app_pem3.oem3 (.const:xdc_runtime_Error_Module__diagsMask__C)
                  0000cb10    00000004     app_pem3.oem3 (.const:xdc_runtime_Error_Module__loggerFxn8__C)
                  0000cb14    00000004     app_pem3.oem3 (.const:xdc_runtime_Error_Module__loggerObj__C)
                  0000cb18    00000004     app_pem3.oem3 (.const:xdc_runtime_Error_raiseHook__C)
                  0000cb1c    00000004     app_pem3.oem3 (.const:xdc_runtime_IFilterLogger_Interface__BASE__C)
                  0000cb20    00000004     app_pem3.oem3 (.const:xdc_runtime_IGateProvider_Interface__BASE__C)
                  0000cb24    00000004     app_pem3.oem3 (.const:xdc_runtime_IHeap_Interface__BASE__C)
                  0000cb28    00000004     app_pem3.oem3 (.const:xdc_runtime_ILogger_Interface__BASE__C)
                  0000cb2c    00000004     app_pem3.oem3 (.const:xdc_runtime_IModule_Interface__BASE__C)
                  0000cb30    00000004     app_pem3.oem3 (.const:xdc_runtime_Log_L_error__C)
                  0000cb34    00000004     app_pem3.oem3 (.const:xdc_runtime_LoggerBuf_E_badLevel__C)
                  0000cb38    00000004     app_pem3.oem3 (.const:xdc_runtime_LoggerBuf_Module__gateObj__C)
                  0000cb3c    00000004     app_pem3.oem3 (.const:xdc_runtime_LoggerBuf_Object__count__C)
                  0000cb40    00000004     app_pem3.oem3 (.const:xdc_runtime_LoggerBuf_statusLogger__C)
                  0000cb44    00000004     app_pem3.oem3 (.const:xdc_runtime_Memory_defaultHeapInstance__C)
                  0000cb48    00000004     app_pem3.oem3 (.const:xdc_runtime_Startup_execImpl__C)
                  0000cb4c    00000004     app_pem3.oem3 (.const:xdc_runtime_Startup_maxPasses__C)
                  0000cb50    00000004     app_pem3.oem3 (.const:xdc_runtime_Startup_sfxnRts__C)
                  0000cb54    00000004     app_pem3.oem3 (.const:xdc_runtime_Startup_sfxnTab__C)
                  0000cb58    00000004     app_pem3.oem3 (.const:xdc_runtime_SysMin_bufSize__C)
                  0000cb5c    00000004     app_pem3.oem3 (.const:xdc_runtime_SysMin_outputFunc__C)
                  0000cb60    00000004     app_pem3.oem3 (.const:xdc_runtime_System_Module__gateObj__C)
                  0000cb64    00000004     app_pem3.oem3 (.const:xdc_runtime_System_extendFxn__C)
                  0000cb68    00000004     app_pem3.oem3 (.const:xdc_runtime_System_maxAtexitHandlers__C)
                  0000cb6c    00000004     app_pem3.oem3 (.const:xdc_runtime_Text_charTab__C)
                  0000cb70    00000004     app_pem3.oem3 (.const:xdc_runtime_Text_nameEmpty__C)
                  0000cb74    00000004     app_pem3.oem3 (.const:xdc_runtime_Text_nameStatic__C)
                  0000cb78    00000004     app_pem3.oem3 (.const:xdc_runtime_Text_nameUnknown__C)
                  0000cb7c    00000004     app_pem3.oem3 (.const:xdc_runtime_Text_nodeTab__C)
                  0000cb80    00000004     app_pem3.oem3 (.const:xdc_runtime_Text_visitRopeFxn__C)
                  0000cb84    00000002     app_pem3.oem3 (.const:ti_sysbios_BIOS_Module__id__C)
                  0000cb86    00000002     --HOLE-- [fill = 0]
                  0000cb88    00000002     app_pem3.oem3 (.const:ti_sysbios_family_arm_lm3_TimestampProvider_useClockTimer__C)
                  0000cb8a    00000002     --HOLE-- [fill = 0]
                  0000cb8c    00000002     app_pem3.oem3 (.const:ti_sysbios_family_arm_m3_Hwi_Module__id__C)
                  0000cb8e    00000002     --HOLE-- [fill = 0]
                  0000cb90    00000002     app_pem3.oem3 (.const:ti_sysbios_family_arm_m3_Hwi_Module__loggerDefined__C)
                  0000cb92    00000002     --HOLE-- [fill = 0]
                  0000cb94    00000002     app_pem3.oem3 (.const:ti_sysbios_gates_GateMutex_Module__id__C)
                  0000cb96    00000002     --HOLE-- [fill = 0]
                  0000cb98    00000002     app_pem3.oem3 (.const:ti_sysbios_hal_Hwi_Module__id__C)
                  0000cb9a    00000002     --HOLE-- [fill = 0]
                  0000cb9c    00000002     app_pem3.oem3 (.const:ti_sysbios_heaps_HeapMem_Module__id__C)
                  0000cb9e    00000002     --HOLE-- [fill = 0]
                  0000cba0    00000002     app_pem3.oem3 (.const:ti_sysbios_knl_Clock_Module__id__C)
                  0000cba2    00000002     --HOLE-- [fill = 0]
                  0000cba4    00000002     app_pem3.oem3 (.const:ti_sysbios_knl_Clock_Module__loggerDefined__C)
                  0000cba6    00000002     --HOLE-- [fill = 0]
                  0000cba8    00000002     app_pem3.oem3 (.const:ti_sysbios_knl_Semaphore_Module__id__C)
                  0000cbaa    00000002     --HOLE-- [fill = 0]
                  0000cbac    00000002     app_pem3.oem3 (.const:ti_sysbios_knl_Semaphore_Module__loggerDefined__C)
                  0000cbae    00000002     --HOLE-- [fill = 0]
                  0000cbb0    00000002     app_pem3.oem3 (.const:ti_sysbios_knl_Swi_Module__id__C)
                  0000cbb2    00000002     --HOLE-- [fill = 0]
                  0000cbb4    00000002     app_pem3.oem3 (.const:ti_sysbios_knl_Swi_Module__loggerDefined__C)
                  0000cbb6    00000002     --HOLE-- [fill = 0]
                  0000cbb8    00000002     app_pem3.oem3 (.const:ti_sysbios_knl_Task_Module__id__C)
                  0000cbba    00000002     --HOLE-- [fill = 0]
                  0000cbbc    00000002     app_pem3.oem3 (.const:ti_sysbios_knl_Task_Module__loggerDefined__C)
                  0000cbbe    00000002     --HOLE-- [fill = 0]
                  0000cbc0    00000002     app_pem3.oem3 (.const:ti_sysbios_knl_Task_initStackFlag__C)
                  0000cbc2    00000002     --HOLE-- [fill = 0]
                  0000cbc4    00000002     app_pem3.oem3 (.const:xdc_runtime_Core_Module__id__C)
                  0000cbc6    00000002     --HOLE-- [fill = 0]
                  0000cbc8    00000002     app_pem3.oem3 (.const:xdc_runtime_Error_Module__loggerDefined__C)
                  0000cbca    00000002     --HOLE-- [fill = 0]
                  0000cbcc    00000002     app_pem3.oem3 (.const:xdc_runtime_Error_maxDepth__C)
                  0000cbce    00000002     --HOLE-- [fill = 0]
                  0000cbd0    00000002     app_pem3.oem3 (.const:xdc_runtime_LoggerBuf_Module__id__C)
                  0000cbd2    00000002     --HOLE-- [fill = 0]
                  0000cbd4    00000002     app_pem3.oem3 (.const:xdc_runtime_LoggerBuf_filterByLevel__C)
                  0000cbd6    00000002     --HOLE-- [fill = 0]
                  0000cbd8    00000002     app_pem3.oem3 (.const:xdc_runtime_Memory_Module__id__C)
                  0000cbda    00000002     --HOLE-- [fill = 0]
                  0000cbdc    00000002     app_pem3.oem3 (.const:xdc_runtime_SysMin_flushAtExit__C)
                  0000cbde    00000002     --HOLE-- [fill = 0]
                  0000cbe0    00000002     app_pem3.oem3 (.const:xdc_runtime_Text_charCnt__C)
                  0000cbe2    00000002     --HOLE-- [fill = 0]
                  0000cbe4    00000002     app_pem3.oem3 (.const:xdc_runtime_Text_isLoaded__C)
                  0000cbe6    00000002     --HOLE-- [fill = 0]
                  0000cbe8    00000002     app_pem3.oem3 (.const:xdc_runtime_Text_registryModsLastId__C)
                  0000cbea    00000002     --HOLE-- [fill = 0]
                  0000cbec    00000002     app_pem3.oem3 (.const:xdc_runtime_Text_unnamedModsLastId__C)
                  0000cbee    00000002     --HOLE-- [fill = 0]
                  0000cbf0    00000001     app_pem3.oem3 (.const:xdc_runtime_Error_policy__C)

.cinit     0    0000cbf8    00000600     
                  0000cbf8    000005cb     (.cinit..data.load) [load image, compression = rle]
                  0000d1c3    00000001     --HOLE-- [fill = 0]
                  0000d1c4    0000000c     (__TI_handler_table)
                  0000d1d0    00000008     (.cinit..bss.load) [load image, compression = zero_init]
                  0000d1d8    00000008     (.cinit..vecs.load) [load image, compression = zero_init]
                  0000d1e0    00000018     (__TI_cinit_table)

.vecs      0    20000000    00000140     UNINITIALIZED
                  20000000    00000140     app_pem3.oem3 (.vecs)

.bss       0    20000140    0000d260     UNINITIALIZED
                  20000140    00003000     app_pem3.oem3 (.bss:taskStackSection)
                  20003140    00002108     main.obj (.bss:kiss_fft_cfg_buffer)
                  20005248    00002000     main.obj (.bss:in)
                  20007248    00002000     main.obj (.bss:out)
                  20009248    00001800     frame_graphics.obj (.bss:g_pucFrame)
                  2000aa48    00001000     main.obj (.bss:g_pusADCBuffer)
                  2000ba48    00001000     app_pem3.oem3 (.bss:ti_sysbios_heaps_HeapMem_Instance_State_0_buf__A)
                  2000ca48    00000200     main.obj (.bss:g_spectrumBuffer)
                  2000cc48    00000200     app_pem3.oem3 (.bss:xdc_runtime_LoggerBuf_Instance_State_0_entryArr__A)
                  2000ce48    00000200     app_pem3.oem3 (.bss:xdc_runtime_SysMin_Module_State_0_outbuf__A)
                  2000d048    00000120     rtsv7M3_T_le_eabi.lib : trgmsg.obj (.bss:__CIOBUF_)
                  2000d168    00000100     main.obj (.bss:g_localBuffer)
                  2000d268    000000b0     app_pem3.oem3 (.bss:ti_sysbios_knl_Mailbox_Instance_State_0_allocBuf__A)
                  2000d318    00000030     network.obj (.bss)
                  2000d348    00000018     app_pem3.oem3 (.bss)
                  2000d360    00000018     buttons.obj (.bss)
                  2000d378    00000014     main.obj (.bss)
                  2000d38c    0000000c     rit128x96x4.obj (.bss)
                  2000d398    00000008     rtsv7M3_T_le_eabi.lib : trgdrv.obj (.bss)

.stack     0    2000d3a0    00002000     UNINITIALIZED
                  2000d3a0    00002000     --HOLE--

.data      0    2000f3a0    00000a6c     
                  2000f3a0    000001c8     app_pem3.oem3 (.data:ti_sysbios_knl_Task_Object__table__V)
                  2000f568    000001a0     app_pem3.oem3 (.data)
                  2000f708    00000140     app_pem3.oem3 (.data:ti_sysbios_family_arm_m3_Hwi_Module_State_0_dispatchTable__A)
                  2000f848    000000b0     rtsv7M3_T_le_eabi.lib : signal.obj (.data:sigtable)
                  2000f8f8    00000080                           : xvalues.obj (.data)
                  2000f978    00000080     app_pem3.oem3 (.data:ti_sysbios_knl_Swi_Module_State_0_readyQ__A)
                  2000f9f8    00000080     app_pem3.oem3 (.data:ti_sysbios_knl_Task_Module_State_0_readyQ__A)
                  2000fa78    00000078     app_pem3.oem3 (.data:ti_sysbios_knl_Semaphore_Object__table__V)
                  2000faf0    00000068     rtsv7M3_T_le_eabi.lib : xfvalues.obj (.data)
                  2000fb58    00000060     app_pem3.oem3 (.data:ti_sysbios_family_arm_lm3_Timer_Object__table__V)
                  2000fbb8    00000060     app_pem3.oem3 (.data:ti_sysbios_family_arm_m3_Hwi_Object__table__V)
                  2000fc18    00000054     app_pem3.oem3 (.data:ti_sysbios_family_arm_m3_Hwi_Module__state__V)
                  2000fc6c    00000050     app_pem3.oem3 (.data:ti_sysbios_knl_Mailbox_Object__table__V)
                  2000fcbc    00000044     app_pem3.oem3 (.data:ti_sysbios_knl_Task_Module__state__V)
                  2000fd00    00000038     app_pem3.oem3 (.data:ti_sysbios_gates_GateMutex_Object__table__V)
                  2000fd38    00000030     main.obj (.data)
                  2000fd68    00000030     app_pem3.oem3 (.data:ti_sysbios_knl_Swi_Object__table__V)
                  2000fd98    00000028     app_pem3.oem3 (.data:ti_sysbios_knl_Clock_Module__state__V)
                  2000fdc0    00000024     app_pem3.oem3 (.data:xdc_runtime_LoggerBuf_Object__table__V)
                  2000fde4    00000008     rtsv7M3_T_le_eabi.lib : _lock.obj (.data)
                  2000fdec    00000008                           : exit.obj (.data)
                  2000fdf4    00000008                           : feraiseexcept.obj (.data)
                  2000fdfc    00000004                           : dtor_list.obj (.data)
                  2000fe00    00000004                           : errno.obj (.data)
                  2000fe04    00000004                           : stkdepth_vars.obj (.data)
                  2000fe08    00000004     ustdlib.obj (.data)


LINKER GENERATED COPY TABLES

__TI_cinit_table @ 0000d1e0 records: 3, size/record: 8, table size: 24
	.data: load addr=0000cbf8, load size=000005cb bytes, run addr=2000f3a0, run size=00000a6c bytes, compression=rle
	.bss: load addr=0000d1d0, load size=00000008 bytes, run addr=20000140, run size=0000d260 bytes, compression=zero_init
	.vecs: load addr=0000d1d8, load size=00000008 bytes, run addr=20000000, run size=00000140 bytes, compression=zero_init


LINKER GENERATED HANDLER TABLE

__TI_handler_table @ 0000d1c4 records: 3, size/record: 4, table size: 12
	index: 0, handler: __TI_zero_init
	index: 1, handler: __TI_decompress_rle24
	index: 2, handler: __TI_decompress_none


GLOBAL SYMBOLS: SORTED ALPHABETICALLY BY Name 

address    name
--------   ----
000010df   ADCISR
0000a35b   ADCIntEnable
00009bd1   ADCSequenceConfigure
0000a48d   ADCSequenceDisable
0000a49b   ADCSequenceEnable
000086b9   ADCSequenceStepConfigure
00007d05   ButtonDebounce
00009331   C$$EXIT
00008a1f   C$$IO$$
00007fe5   CANBitRateSet
0000a1b7   CANEnable
000083f5   CANInit
000092ad   CANIntClear
0000a1a1   CANIntEnable
00009755   CANIntStatus
00005445   CANMessageGet
00004d59   CANMessageSet
00008561   CANStatusGet
00005a85   CAN_ISR
000027a5   DrawChar
0000296d   DrawCircle
00002a07   DrawFilledRectangle
0000268b   DrawLine
0000261b   DrawPoint
0000287d   DrawString
000025a9   FillFrame
00009a11   GPIODirModeSet
00007001   GPIOPadConfigSet
0000a295   GPIOPinTypeCAN
0000a2a7   GPIOPinTypeGPIOInput
0000a2b9   GPIOPinTypeGPIOOutput
0000a2cb   GPIOPinTypeSSI
0000a5c5   GPIOPinWrite
00003e3b   HOSTclock
00003e01   HOSTclose
00003dc3   HOSTgetenv
00003d67   HOSTlseek
00003d17   HOSTopen
00003cc9   HOSTread
00003c69   HOSTrename
00003c2d   HOSTtime
00003bf3   HOSTunlink
00003ba5   HOSTwrite
00008865   IntDisable
000088c9   IntEnable
00009eed   LoggerBuf_instanceStartup
00005ac9   NetworkInit
00005b03   NetworkMsgInit
00005b61   NetworkRxCallback
00005b49   NetworkTx
00002d39   RIT128x96x4Clear
00002fc7   RIT128x96x4Disable
0000310f   RIT128x96x4DisplayOff
000030db   RIT128x96x4DisplayOn
00002f6d   RIT128x96x4Enable
00002ed1   RIT128x96x4ImageDraw
00003035   RIT128x96x4Init
00002da1   RIT128x96x4StringDraw
UNDEFED    SHT$$INIT_ARRAY$$Base
UNDEFED    SHT$$INIT_ARRAY$$Limit
0000a59f   SSIBusy
00009049   SSIConfigSetExpClk
0000a2dd   SSIDataGetNonBlocking
0000a559   SSIDataPut
0000a563   SSIDisable
0000a56d   SSIEnable
00009e2d   SysCtlADCSpeedSet
00004bc1   SysCtlClockGet
00008c2d   SysCtlPeripheralEnable
2000f51c   TSK_idle
2000f8f8   _Denorm
000070c9   _Dint
0000730d   _Dnorm
000065a1   _Dscale
000090d1   _Dtest
00008991   _Dunscale
2000f908   _Eps
2000fe00   _Errno
2000faf0   _FDenorm
2000fb00   _FEps
2000fb10   _FInf
2000fb20   _FNan
2000fb40   _FRteps
2000fb30   _FSnan
2000fb50   _FXbig
2000fb54   _FZero
2000fdf4   _Fenv
000098f1   _Feraise
2000f918   _Hugeval
2000f928   _Inf
000038a1   _Log
2000f938   _Nan
2000f958   _Rteps
00003e89   _Sin
2000f948   _Snan
2000fdf8   _Tls_setup__Fenv
2000f968   _Xbig
2000f970   _Zero
00000000   __ASM__
2000d048   __CIOBUF_
00000062   __ISA__
00000074   __PLAT__
2000f3a0   __STACK_END
00002000   __STACK_SIZE
2000d5a0   __STACK_TOP
0000009a   __TARG__
0000d1e0   __TI_CINIT_Base
0000d1f8   __TI_CINIT_Limit
0000d1c4   __TI_Handler_Table_Base
0000d1d0   __TI_Handler_Table_Limit
00000001   __TI_args_main
000079f1   __TI_auto_init
0000a4a9   __TI_decompress_none
0000a5d1   __TI_decompress_rle24
00000000   __TI_static_base__
0000a2ef   __TI_zero_init
000000bf   __TRDR__
00006dc3   __aeabi_atexit
0000827d   __aeabi_cdcmpeq
0000827d   __aeabi_cdcmple
00008e09   __aeabi_d2f
00008e53   __aeabi_d2iz
00004a13   __aeabi_dadd
00005bbd   __aeabi_ddiv
000066a1   __aeabi_dmul
00004a09   __aeabi_dsub
0000955d   __aeabi_f2d
00009595   __aeabi_f2iz
0000689d   __aeabi_fadd
00007ec1   __aeabi_fdiv
0000846f   __aeabi_fmul
00006899   __aeabi_fsub
00009a6d   __aeabi_i2d
000095cd   __aeabi_i2f
000084e9   __aeabi_memclr
000084e9   __aeabi_memclr4
000084e9   __aeabi_memclr8
00007b31   __aeabi_memcpy
00007b31   __aeabi_memcpy4
00007b31   __aeabi_memcpy8
000084eb   __aeabi_memset
000084eb   __aeabi_memset4
000084eb   __aeabi_memset8
00009cc3   __aeabi_ui2f
000092ef   __aeabi_uidivmod
ffffffff   __binit__
ffffffff   __c_args__
00006db1   __cxa_atexit
00006d6d   __cxa_finalize
00006dab   __cxa_ia64_exit
2000d3a0   __stack
0000a5cb   __xdc__init
2000f704   __xdc__init__addr
0000a111   _args_main
00009005   _c_int00
2000fdec   _cleanup_ptr
2000fdf0   _dtors_ptr
2000fde4   _lock
0000a1db   _nop
0000a1d3   _register_lock
0000a1cd   _register_unlock
2000fde8   _unlock
00009335   abort
00006db5   atexit
ffffffff   binit
0000c590   buTask
2000fd38   buffer_size
00001229   buttonClock
0000c57c   buttonMailbox
0000c578   buttonScanSem
00001249   buttonTask
2000d378   cfg
0000c574   clock0
0000113b   configureAdc
000011f1   configureGpio
0000908d   copy_in
0000a5d7   cos
0000c598   disTask
0000c580   displaySem
00001785   displayTask
000016f5   drawFrequency
0000933d   exit
0000c5a4   fTask
000098c1   feraiseexcept
0000c5a0   fftSem
00001615   fftTask
0000718d   floor
00005051   fmod
0000a0f7   free
0000c550   g_decibalScale
0000c540   g_decibalStrings
2000d37e   g_editing
2000d330   g_frequency2
2000fd64   g_frequencyString
2000fd3c   g_iADCBufferIndex
2000d168   g_localBuffer
0000c560   g_ppcTimeScaleStr
0000c530   g_ppcVoltageScaleStr
0000bf74   g_pucFont
20009248   g_pucFrame
2000aa48   g_pusADCBuffer
2000d382   g_scaleDiv
2000ca48   g_spectrumBuffer
2000fd54   g_timerValues
2000d37c   g_triggerState
2000fd40   g_ulADCErrors
2000d360   g_ulButtons
2000d388   g_ulSystemClock
2000d380   g_voltageDiv
2000fd44   g_voltageDivArray
2000d384   g_waveState
00000fd7   kiss_fft
00000e57   kiss_fft_alloc
00000fed   kiss_fft_cleanup
00000fef   kiss_fft_next_fast_size
00000f6f   kiss_fft_stride
0000c58c   localBufSem
0000a5dd   log10
00001075   main
2000fe04   main_func_sp
00009a3f   malloc
00007b31   memcpy
000084f1   memset
00009a9b   raise
00008a23   readmsg
0000892d   round
0000c588   settingsSem
00009371   signal
0000a5e3   sin
000052f9   sqrt
0000a301   strcpy
0000a1e1   strlen
0000a4d5   ti_catalog_arm_cortexm3_lm3init_Boot_init
00006065   ti_catalog_arm_cortexm3_lm3init_Boot_sysCtlClockSet
0000a5bf   ti_catalog_arm_cortexm3_lm3init_Boot_sysCtlDelay
0000c94c   ti_sysbios_BIOS_Module__diagsEnabled__C
0000c950   ti_sysbios_BIOS_Module__diagsIncluded__C
0000c954   ti_sysbios_BIOS_Module__diagsMask__C
0000cb84   ti_sysbios_BIOS_Module__id__C
2000f568   ti_sysbios_BIOS_Module__state__V
0000a607   ti_sysbios_BIOS_RtsGateProxy_enter__E
0000a60b   ti_sysbios_BIOS_RtsGateProxy_leave__E
0000a61b   ti_sysbios_BIOS_RtsGateProxy_query__E
00009115   ti_sysbios_BIOS_errorRaiseHook__I
00009921   ti_sysbios_BIOS_exitFunc__I
0000c958   ti_sysbios_BIOS_installedErrorHook__C
00004bbf   ti_sysbios_BIOS_nullFunc__I
00009ce9   ti_sysbios_BIOS_registerRTSLock__I
00009f69   ti_sysbios_BIOS_rtsLock__I
000085d9   ti_sysbios_BIOS_rtsUnlock__I
0000a39d   ti_sysbios_BIOS_setThreadType__E
00009d0d   ti_sysbios_BIOS_startFunc__I
0000a3ad   ti_sysbios_BIOS_start__E
2000f590   ti_sysbios_family_arm_lm3_Timer_Module_State_0_device__A
2000f5b0   ti_sysbios_family_arm_lm3_Timer_Module_State_0_handles__A
2000f588   ti_sysbios_family_arm_lm3_Timer_Module__root__V
0000a129   ti_sysbios_family_arm_lm3_Timer_Module__startupDone__F
0000a129   ti_sysbios_family_arm_lm3_Timer_Module__startupDone__S
2000f5c0   ti_sysbios_family_arm_lm3_Timer_Module__state__V
000082fd   ti_sysbios_family_arm_lm3_Timer_Module_startup__E
000082fd   ti_sysbios_family_arm_lm3_Timer_Module_startup__F
2000fb58   ti_sysbios_family_arm_lm3_Timer_Object__table__V
0000c95c   ti_sysbios_family_arm_lm3_Timer_WRALLOW__C
00009159   ti_sysbios_family_arm_lm3_Timer_enableTimers__I
0000a60f   ti_sysbios_family_arm_lm3_Timer_getPeriod__E
00007f55   ti_sysbios_family_arm_lm3_Timer_initDevice__I
00009d31   ti_sysbios_family_arm_lm3_Timer_isrStub__E
0000c960   ti_sysbios_family_arm_lm3_Timer_numTimerDevices__C
00008379   ti_sysbios_family_arm_lm3_Timer_start__E
0000c964   ti_sysbios_family_arm_lm3_Timer_startupNeeded__C
0000724d   ti_sysbios_family_arm_lm3_Timer_startup__E
2000f5cc   ti_sysbios_family_arm_lm3_TimestampProvider_Module__state__V
0000a5e9   ti_sysbios_family_arm_lm3_TimestampProvider_Module_startup__E
0000a5e9   ti_sysbios_family_arm_lm3_TimestampProvider_Module_startup__F
00007a91   ti_sysbios_family_arm_lm3_TimestampProvider_get64__E
0000a3bd   ti_sysbios_family_arm_lm3_TimestampProvider_rolloverFunc__E
0000a4ed   ti_sysbios_family_arm_lm3_TimestampProvider_startTimer__E
0000cb88   ti_sysbios_family_arm_lm3_TimestampProvider_useClockTimer__C
0000c570   ti_sysbios_family_arm_m3_Hwi0
0000c5a8   ti_sysbios_family_arm_m3_Hwi1
0000c968   ti_sysbios_family_arm_m3_Hwi_E_NMI__C
0000c96c   ti_sysbios_family_arm_m3_Hwi_E_busFault__C
0000c970   ti_sysbios_family_arm_m3_Hwi_E_debugMon__C
0000c974   ti_sysbios_family_arm_m3_Hwi_E_hardFault__C
0000c978   ti_sysbios_family_arm_m3_Hwi_E_memFault__C
0000c97c   ti_sysbios_family_arm_m3_Hwi_E_noIsr__C
0000c980   ti_sysbios_family_arm_m3_Hwi_E_reserved__C
0000c984   ti_sysbios_family_arm_m3_Hwi_E_svCall__C
0000c988   ti_sysbios_family_arm_m3_Hwi_E_usageFault__C
00009ff5   ti_sysbios_family_arm_m3_Hwi_Handle__label__S
0000c98c   ti_sysbios_family_arm_m3_Hwi_LD_end__C
0000c990   ti_sysbios_family_arm_m3_Hwi_LM_begin__C
2000f708   ti_sysbios_family_arm_m3_Hwi_Module_State_0_dispatchTable__A
2000f5dc   ti_sysbios_family_arm_m3_Hwi_Module_State_0_excActive__A
2000f5e0   ti_sysbios_family_arm_m3_Hwi_Module_State_0_excContext__A
2000f5e4   ti_sysbios_family_arm_m3_Hwi_Module_State_0_excStack__A
0000c994   ti_sysbios_family_arm_m3_Hwi_Module__diagsEnabled__C
0000c998   ti_sysbios_family_arm_m3_Hwi_Module__diagsIncluded__C
0000c99c   ti_sysbios_family_arm_m3_Hwi_Module__diagsMask__C
0000cb8c   ti_sysbios_family_arm_m3_Hwi_Module__id__C
0000cb90   ti_sysbios_family_arm_m3_Hwi_Module__loggerDefined__C
0000c9a0   ti_sysbios_family_arm_m3_Hwi_Module__loggerFxn1__C
0000c9a4   ti_sysbios_family_arm_m3_Hwi_Module__loggerFxn8__C
0000c9a8   ti_sysbios_family_arm_m3_Hwi_Module__loggerObj__C
2000f5d4   ti_sysbios_family_arm_m3_Hwi_Module__root__V
0000a141   ti_sysbios_family_arm_m3_Hwi_Module__startupDone__F
0000a141   ti_sysbios_family_arm_m3_Hwi_Module__startupDone__S
2000fc18   ti_sysbios_family_arm_m3_Hwi_Module__state__V
0000794d   ti_sysbios_family_arm_m3_Hwi_Module_startup__E
0000794d   ti_sysbios_family_arm_m3_Hwi_Module_startup__F
0000c9ac   ti_sysbios_family_arm_m3_Hwi_NUM_INTERRUPTS__C
2000fbb8   ti_sysbios_family_arm_m3_Hwi_Object__table__V
0000c9b0   ti_sysbios_family_arm_m3_Hwi_ccr__C
0000919d   ti_sysbios_family_arm_m3_Hwi_disableInterrupt__E
00005e21   ti_sysbios_family_arm_m3_Hwi_dispatchC__I
0000c9b4   ti_sysbios_family_arm_m3_Hwi_dispatchTable__C
00006399   ti_sysbios_family_arm_m3_Hwi_dispatch__I
0000a5a7   ti_sysbios_family_arm_m3_Hwi_doSwiRestore__I
00009d55   ti_sysbios_family_arm_m3_Hwi_doTaskRestore__I
000091e1   ti_sysbios_family_arm_m3_Hwi_enableInterrupt__E
00004ee9   ti_sysbios_family_arm_m3_Hwi_excBusFault__I
000076a1   ti_sysbios_family_arm_m3_Hwi_excDebugMon__I
0000313d   ti_sysbios_family_arm_m3_Hwi_excDumpRegs__I
0000647d   ti_sysbios_family_arm_m3_Hwi_excHandlerAsm__I
0000c9b8   ti_sysbios_family_arm_m3_Hwi_excHandlerFunc__C
0000481d   ti_sysbios_family_arm_m3_Hwi_excHandlerMax__I
0000a3cd   ti_sysbios_family_arm_m3_Hwi_excHandler__I
00007485   ti_sysbios_family_arm_m3_Hwi_excHardFault__I
0000c914   ti_sysbios_family_arm_m3_Hwi_excHookFuncs__A
0000c9bc   ti_sysbios_family_arm_m3_Hwi_excHookFuncs__C
0000558d   ti_sysbios_family_arm_m3_Hwi_excMemFault__I
00009789   ti_sysbios_family_arm_m3_Hwi_excNmi__I
00009605   ti_sysbios_family_arm_m3_Hwi_excNoIsr__I
00008e9d   ti_sysbios_family_arm_m3_Hwi_excReserved__I
0000946d   ti_sysbios_family_arm_m3_Hwi_excSvCall__I
000051a5   ti_sysbios_family_arm_m3_Hwi_excUsageFault__I
0000963d   ti_sysbios_family_arm_m3_Hwi_getStackInfo__E
00006e59   ti_sysbios_family_arm_m3_Hwi_initNVIC__E
0000a0df   ti_sysbios_family_arm_m3_Hwi_initStacks__E
e000e000   ti_sysbios_family_arm_m3_Hwi_nvic
0000644b   ti_sysbios_family_arm_m3_Hwi_pendSV__I
0000c9c0   ti_sysbios_family_arm_m3_Hwi_priGroup__C
0000c3c8   ti_sysbios_family_arm_m3_Hwi_priorities__A
0000c9c4   ti_sysbios_family_arm_m3_Hwi_priorities__C
20000000   ti_sysbios_family_arm_m3_Hwi_ramVectors
00000000   ti_sysbios_family_arm_m3_Hwi_resetVectors
00006463   ti_sysbios_family_arm_m3_Hwi_return
0000a5af   ti_sysbios_family_arm_m3_Hwi_startup__E
0000a1f5   ti_sysbios_family_arm_m3_Hwi_switchFromBootStack__E
0000a613   ti_sysbios_family_arm_m3_TaskSupport_Module__startupDone__S
[...]
0000a42d   xdc_runtime_Gate_leaveSystem__E
0000a42d   xdc_runtime_Gate_leaveSystem__F
0000a43d   xdc_runtime_LoggerBuf_write0__E
0000a43d   xdc_runtime_LoggerBuf_write0__F
0000a44d   xdc_runtime_Memory_free__E
0000a44d   xdc_runtime_Memory_free__F
0000a45d   xdc_runtime_SysMin_ready__E
0000a45d   xdc_runtime_SysMin_ready__F
0000a45d   xdc_runtime_System_SupportProxy_ready__E
0000a46d   xdc_runtime_System_vsnprintf__F
0000a47d   xdc_runtime_Text_visitRope__I
0000a48d   ADCSequenceDisable
0000a49b   ADCSequenceEnable
0000a4a9   __TI_decompress_none
0000a4b7   ti_sysbios_family_arm_m3_TaskSupport_checkStack__E
0000a4b7   ti_sysbios_knl_Task_SupportProxy_checkStack__E
0000a4c5   ti_sysbios_knl_Queue_empty__E
0000a4d5   ti_catalog_arm_cortexm3_lm3init_Boot_init
0000a4e1   ti_sysbios_family_xxx_Hwi_switchToTaskStack
0000a4ed   ti_sysbios_family_arm_lm3_TimestampProvider_startTimer__E
0000a4f9   ti_sysbios_gates_GateHwi_enter__E
0000a505   ti_sysbios_knl_Queue_Object__get__S
0000a511   xdc_runtime_Error_init__E
0000a511   xdc_runtime_Error_init__F
0000a51d   xdc_runtime_Gate_enterSystem__E
0000a51d   xdc_runtime_Gate_enterSystem__F
0000a529   xdc_runtime_Memory_calloc__E
0000a529   xdc_runtime_Memory_calloc__F
0000a535   xdc_runtime_Memory_getMaxDefaultTypeAlign__E
0000a535   xdc_runtime_Memory_getMaxDefaultTypeAlign__F
0000a541   xdc_runtime_System_exit__E
0000a541   xdc_runtime_System_exit__F
0000a54d   xdc_runtime_System_lastFxn__I
0000a559   SSIDataPut
0000a563   SSIDisable
0000a56d   SSIEnable
0000a58b   xdc_runtime_LoggerBuf_disable__E
0000a58b   xdc_runtime_LoggerBuf_disable__F
0000a595   xdc_runtime_LoggerBuf_enable__E
0000a595   xdc_runtime_LoggerBuf_enable__F
0000a59f   SSIBusy
0000a5a7   ti_sysbios_family_arm_m3_Hwi_doSwiRestore__I
0000a5af   ti_sysbios_family_arm_m3_Hwi_startup__E
0000a5af   ti_sysbios_hal_Hwi_HwiProxy_startup__E
0000a5af   ti_sysbios_hal_Hwi_startup__E
0000a5b7   ti_sysbios_knl_Idle_loop__E
0000a5bf   ti_catalog_arm_cortexm3_lm3init_Boot_sysCtlDelay
0000a5c5   GPIOPinWrite
0000a5cb   __xdc__init
0000a5d1   __TI_decompress_rle24
0000a5d7   cos
0000a5dd   log10
0000a5e3   sin
0000a5e9   ti_sysbios_family_arm_lm3_TimestampProvider_Module_startup__E
0000a5e9   ti_sysbios_family_arm_lm3_TimestampProvider_Module_startup__F
0000a5ef   ti_sysbios_gates_GateHwi_leave__E
0000a5f5   ti_sysbios_heaps_HeapMem_isBlocking__E
0000a5fb   ti_sysbios_knl_Queue_Instance_init__F
0000a601   xdc_runtime_System_Module_startup__E
0000a601   xdc_runtime_System_Module_startup__F
0000a607   ti_sysbios_BIOS_RtsGateProxy_enter__E
0000a60b   ti_sysbios_BIOS_RtsGateProxy_leave__E
0000a60f   ti_sysbios_family_arm_lm3_Timer_getPeriod__E
0000a613   ti_sysbios_family_arm_m3_TaskSupport_Module__startupDone__S
0000a617   ti_sysbios_gates_GateHwi_query__E
0000a617   ti_sysbios_gates_GateHwi_query__F
0000a617   xdc_runtime_LoggerBuf_Module_GateProxy_query__E
0000a617   xdc_runtime_Main_Module_GateProxy_query__E
0000a617   xdc_runtime_System_Module_GateProxy_query__E
0000a61b   ti_sysbios_BIOS_RtsGateProxy_query__E
0000a61b   ti_sysbios_gates_GateMutex_query__E
0000a61b   ti_sysbios_gates_GateMutex_query__F
0000a61b   ti_sysbios_heaps_HeapMem_Module_GateProxy_query__E
0000a61f   ti_sysbios_hal_Hwi_HwiProxy_Module__startupDone__S
0000a623   ti_sysbios_hal_Timer_TimerProxy_Module__startupDone__S
0000a627   ti_sysbios_hal_Timer_TimerProxy_getPeriod__E
0000a62b   ti_sysbios_heaps_HeapMem_Module_GateProxy_enter__E
0000a62f   ti_sysbios_heaps_HeapMem_Module_GateProxy_leave__E
0000a633   ti_sysbios_knl_Task_SupportProxy_Module__startupDone__S
0000a637   ti_sysbios_knl_Task_startup__E
0000a63b   xdc_runtime_Error_getSite__E
0000a63b   xdc_runtime_Error_getSite__F
0000a63f   xdc_runtime_LoggerBuf_Module_GateProxy_enter__E
0000a643   xdc_runtime_LoggerBuf_Module_GateProxy_leave__E
0000a647   xdc_runtime_Memory_HeapProxy_alloc__E
0000a64b   xdc_runtime_Memory_HeapProxy_free__E
0000a64f   xdc_runtime_Startup_reset__I
0000a653   xdc_runtime_System_Module_GateProxy_enter__E
0000a657   xdc_runtime_System_Module_GateProxy_leave__E
0000a65b   xdc_runtime_System_aprintf_va__F
0000a65f   xdc_runtime_System_printf_va__F
0000a663   xdc_runtime_System_vsnprintf__E
0000a668   xdc_runtime_Text_charTab__A
0000bf74   g_pucFont
0000c150   xdc_runtime_Text_nodeTab__A
0000c3c8   ti_sysbios_family_arm_m3_Hwi_priorities__A
0000c530   g_ppcVoltageScaleStr
0000c540   g_decibalStrings
0000c550   g_decibalScale
0000c560   g_ppcTimeScaleStr
0000c570   ti_sysbios_family_arm_m3_Hwi0
0000c574   clock0
0000c578   buttonScanSem
0000c57c   buttonMailbox
0000c580   displaySem
0000c584   waveformSem
0000c588   settingsSem
0000c58c   localBufSem
0000c590   buTask
0000c594   waveTask
0000c598   disTask
0000c59c   uiTask
0000c5a0   fftSem
0000c5a4   fTask
0000c5a8   ti_sysbios_family_arm_m3_Hwi1
0000c5ac   xdc_runtime_LoggerBuf_Module__FXNS__C
0000c650   xdc_runtime_Startup_sfxnTab__A
0000c680   ti_sysbios_heaps_HeapMem_Module__FXNS__C
0000c6a8   ti_sysbios_gates_GateHwi_Module__FXNS__C
0000c6cc   ti_sysbios_gates_GateMutex_Module__FXNS__C
0000c6f0   ti_sysbios_heaps_HeapMem_Object__PARAMS__C
0000c714   ti_sysbios_knl_Semaphore_Object__PARAMS__C
0000c738   xdc_runtime_LoggerBuf_Object__PARAMS__C
0000c77c   ti_sysbios_gates_GateHwi_Object__DESC__C
0000c79c   ti_sysbios_gates_GateMutex_Object__DESC__C
0000c7bc   ti_sysbios_heaps_HeapMem_Object__DESC__C
0000c7dc   ti_sysbios_knl_Queue_Object__DESC__C
0000c7fc   ti_sysbios_knl_Semaphore_Object__DESC__C
0000c81c   xdc_runtime_LoggerBuf_Object__DESC__C
0000c858   ti_sysbios_gates_GateHwi_Object__PARAMS__C
0000c870   ti_sysbios_gates_GateMutex_Object__PARAMS__C
0000c888   ti_sysbios_knl_Queue_Object__PARAMS__C
0000c8a0   ti_sysbios_knl_Task_hooks__A
0000c8b8   xdc_runtime_Startup_sfxnRts__A
0000c8f8   xdc_runtime_Startup_firstFxns__A
0000c914   ti_sysbios_family_arm_m3_Hwi_excHookFuncs__A
0000c91c   ti_sysbios_knl_Idle_coreList__C
0000c924   ti_sysbios_knl_Idle_funcList__C
0000c92c   ti_sysbios_knl_Task_hooks__C
0000c934   xdc_runtime_Startup_firstFxns__C
0000c93c   xdc_runtime_Startup_lastFxns__A
0000c944   xdc_runtime_Startup_lastFxns__C
0000c94c   ti_sysbios_BIOS_Module__diagsEnabled__C
0000c950   ti_sysbios_BIOS_Module__diagsIncluded__C
0000c954   ti_sysbios_BIOS_Module__diagsMask__C
0000c958   ti_sysbios_BIOS_installedErrorHook__C
0000c95c   ti_sysbios_family_arm_lm3_Timer_WRALLOW__C
0000c960   ti_sysbios_family_arm_lm3_Timer_numTimerDevices__C
0000c964   ti_sysbios_family_arm_lm3_Timer_startupNeeded__C
0000c968   ti_sysbios_family_arm_m3_Hwi_E_NMI__C
0000c96c   ti_sysbios_family_arm_m3_Hwi_E_busFault__C
0000c970   ti_sysbios_family_arm_m3_Hwi_E_debugMon__C
0000c974   ti_sysbios_family_arm_m3_Hwi_E_hardFault__C
0000c978   ti_sysbios_family_arm_m3_Hwi_E_memFault__C
0000c97c   ti_sysbios_family_arm_m3_Hwi_E_noIsr__C
0000c980   ti_sysbios_family_arm_m3_Hwi_E_reserved__C
0000c984   ti_sysbios_family_arm_m3_Hwi_E_svCall__C
0000c988   ti_sysbios_family_arm_m3_Hwi_E_usageFault__C
0000c98c   ti_sysbios_family_arm_m3_Hwi_LD_end__C
0000c990   ti_sysbios_family_arm_m3_Hwi_LM_begin__C
0000c994   ti_sysbios_family_arm_m3_Hwi_Module__diagsEnabled__C
0000c998   ti_sysbios_family_arm_m3_Hwi_Module__diagsIncluded__C
0000c99c   ti_sysbios_family_arm_m3_Hwi_Module__diagsMask__C
0000c9a0   ti_sysbios_family_arm_m3_Hwi_Module__loggerFxn1__C
0000c9a4   ti_sysbios_family_arm_m3_Hwi_Module__loggerFxn8__C
0000c9a8   ti_sysbios_family_arm_m3_Hwi_Module__loggerObj__C
0000c9ac   ti_sysbios_family_arm_m3_Hwi_NUM_INTERRUPTS__C
0000c9b0   ti_sysbios_family_arm_m3_Hwi_ccr__C
0000c9b4   ti_sysbios_family_arm_m3_Hwi_dispatchTable__C
0000c9b8   ti_sysbios_family_arm_m3_Hwi_excHandlerFunc__C
0000c9bc   ti_sysbios_family_arm_m3_Hwi_excHookFuncs__C
0000c9c0   ti_sysbios_family_arm_m3_Hwi_priGroup__C
0000c9c4   ti_sysbios_family_arm_m3_Hwi_priorities__C
0000c9c8   ti_sysbios_gates_GateMutex_A_badContext__C
0000c9cc   ti_sysbios_gates_GateMutex_Instance_State_sem__O
0000c9d0   ti_sysbios_gates_GateMutex_Module__diagsEnabled__C
0000c9d4   ti_sysbios_gates_GateMutex_Module__diagsIncluded__C
0000c9d8   ti_sysbios_gates_GateMutex_Module__diagsMask__C
0000c9dc   ti_sysbios_hal_Hwi_E_stackOverflow__C
0000c9e0   ti_sysbios_heaps_HeapMem_A_align__C
0000c9e4   ti_sysbios_heaps_HeapMem_A_heapSize__C
0000c9e8   ti_sysbios_heaps_HeapMem_A_invalidFree__C
0000c9ec   ti_sysbios_heaps_HeapMem_A_zeroBlock__C
0000c9f0   ti_sysbios_heaps_HeapMem_E_memory__C
0000c9f4   ti_sysbios_heaps_HeapMem_Module__diagsEnabled__C
0000c9f8   ti_sysbios_heaps_HeapMem_Module__diagsIncluded__C
0000c9fc   ti_sysbios_heaps_HeapMem_Module__diagsMask__C
0000ca00   ti_sysbios_heaps_HeapMem_Module__gateObj__C
0000ca04   ti_sysbios_heaps_HeapMem_Object__count__C
0000ca08   ti_sysbios_heaps_HeapMem_reqAlign__C
0000ca0c   ti_sysbios_knl_Clock_LM_begin__C
0000ca10   ti_sysbios_knl_Clock_LM_tick__C
0000ca14   ti_sysbios_knl_Clock_LW_delayed__C
0000ca18   ti_sysbios_knl_Clock_Module_State_clockQ__O
0000ca1c   ti_sysbios_knl_Clock_Module__diagsEnabled__C
0000ca20   ti_sysbios_knl_Clock_Module__diagsIncluded__C
0000ca24   ti_sysbios_knl_Clock_Module__diagsMask__C
0000ca28   ti_sysbios_knl_Clock_Module__loggerFxn1__C
0000ca2c   ti_sysbios_knl_Clock_Module__loggerFxn2__C
0000ca30   ti_sysbios_knl_Clock_Module__loggerObj__C
0000ca34   ti_sysbios_knl_Idle_coreList__A
0000ca38   ti_sysbios_knl_Idle_funcList__A
0000ca3c   ti_sysbios_knl_Mailbox_Instance_State_dataQue__O
0000ca40   ti_sysbios_knl_Mailbox_Instance_State_dataSem__O
0000ca44   ti_sysbios_knl_Mailbox_Instance_State_freeQue__O
0000ca48   ti_sysbios_knl_Mailbox_Instance_State_freeSem__O
0000ca4c   ti_sysbios_knl_Mailbox_Object__count__C
0000ca50   ti_sysbios_knl_Semaphore_A_badContext__C
0000ca54   ti_sysbios_knl_Semaphore_A_noEvents__C
0000ca58   ti_sysbios_knl_Semaphore_A_overflow__C
0000ca5c   ti_sysbios_knl_Semaphore_A_pendTaskDisabled__C
0000ca60   ti_sysbios_knl_Semaphore_Instance_State_pendQ__O
0000ca64   ti_sysbios_knl_Semaphore_LM_pend__C
0000ca68   ti_sysbios_knl_Semaphore_LM_post__C
0000ca6c   ti_sysbios_knl_Semaphore_Module__diagsEnabled__C
0000ca70   ti_sysbios_knl_Semaphore_Module__diagsIncluded__C
0000ca74   ti_sysbios_knl_Semaphore_Module__diagsMask__C
0000ca78   ti_sysbios_knl_Semaphore_Module__loggerFxn2__C
0000ca7c   ti_sysbios_knl_Semaphore_Module__loggerFxn4__C
0000ca80   ti_sysbios_knl_Semaphore_Module__loggerObj__C
0000ca84   ti_sysbios_knl_Swi_LD_end__C
0000ca88   ti_sysbios_knl_Swi_LM_begin__C
0000ca8c   ti_sysbios_knl_Swi_LM_post__C
0000ca90   ti_sysbios_knl_Swi_Module__diagsEnabled__C
0000ca94   ti_sysbios_knl_Swi_Module__diagsIncluded__C
0000ca98   ti_sysbios_knl_Swi_Module__diagsMask__C
0000ca9c   ti_sysbios_knl_Swi_Module__loggerFxn1__C
0000caa0   ti_sysbios_knl_Swi_Module__loggerFxn4__C
0000caa4   ti_sysbios_knl_Swi_Module__loggerObj__C
0000caa8   ti_sysbios_knl_Swi_Object__count__C
0000caac   ti_sysbios_knl_Task_E_spOutOfBounds__C
0000cab0   ti_sysbios_knl_Task_E_stackOverflow__C
0000cab4   ti_sysbios_knl_Task_LD_block__C
0000cab8   ti_sysbios_knl_Task_LD_exit__C
0000cabc   ti_sysbios_knl_Task_LD_ready__C
0000cac0   ti_sysbios_knl_Task_LM_switch__C
0000cac4   ti_sysbios_knl_Task_Module_State_inactiveQ__O
0000cac8   ti_sysbios_knl_Task_Module__diagsEnabled__C
0000cacc   ti_sysbios_knl_Task_Module__diagsIncluded__C
0000cad0   ti_sysbios_knl_Task_Module__diagsMask__C
0000cad4   ti_sysbios_knl_Task_Module__loggerFxn2__C
0000cad8   ti_sysbios_knl_Task_Module__loggerFxn4__C
0000cadc   ti_sysbios_knl_Task_Module__loggerObj__C
0000cae0   ti_sysbios_knl_Task_Object__count__C
0000cae4   ti_sysbios_knl_Task_allBlockedFunc__C
0000cae8   ti_sysbios_knl_Task_numConstructedTasks__C
0000caec   xdc_runtime_Assert_E_assertFailed__C
0000caf0   xdc_runtime_Core_A_initializedParams__C
0000caf4   xdc_runtime_Core_Module__diagsEnabled__C
0000caf8   xdc_runtime_Core_Module__diagsIncluded__C
0000cafc   xdc_runtime_Core_Module__diagsMask__C
0000cb00   xdc_runtime_Error_E_memory__C
0000cb04   xdc_runtime_Error_Module__diagsEnabled__C
0000cb08   xdc_runtime_Error_Module__diagsIncluded__C
0000cb0c   xdc_runtime_Error_Module__diagsMask__C
0000cb10   xdc_runtime_Error_Module__loggerFxn8__C
0000cb14   xdc_runtime_Error_Module__loggerObj__C
0000cb18   xdc_runtime_Error_raiseHook__C
0000cb1c   xdc_runtime_IFilterLogger_Interface__BASE__C
0000cb20   xdc_runtime_IGateProvider_Interface__BASE__C
0000cb24   xdc_runtime_IHeap_Interface__BASE__C
0000cb28   xdc_runtime_ILogger_Interface__BASE__C
0000cb2c   xdc_runtime_IModule_Interface__BASE__C
0000cb30   xdc_runtime_Log_L_error__C
0000cb34   xdc_runtime_LoggerBuf_E_badLevel__C
0000cb38   xdc_runtime_LoggerBuf_Module__gateObj__C
0000cb3c   xdc_runtime_LoggerBuf_Object__count__C
0000cb40   xdc_runtime_LoggerBuf_statusLogger__C
0000cb44   xdc_runtime_Memory_defaultHeapInstance__C
0000cb48   xdc_runtime_Startup_execImpl__C
0000cb4c   xdc_runtime_Startup_maxPasses__C
0000cb50   xdc_runtime_Startup_sfxnRts__C
0000cb54   xdc_runtime_Startup_sfxnTab__C
0000cb58   xdc_runtime_SysMin_bufSize__C
0000cb5c   xdc_runtime_SysMin_outputFunc__C
0000cb60   xdc_runtime_System_Module__gateObj__C
0000cb64   xdc_runtime_System_extendFxn__C
0000cb68   xdc_runtime_System_maxAtexitHandlers__C
0000cb6c   xdc_runtime_Text_charTab__C
0000cb70   xdc_runtime_Text_nameEmpty__C
0000cb74   xdc_runtime_Text_nameStatic__C
0000cb78   xdc_runtime_Text_nameUnknown__C
0000cb7c   xdc_runtime_Text_nodeTab__C
0000cb80   xdc_runtime_Text_visitRopeFxn__C
0000cb84   ti_sysbios_BIOS_Module__id__C
0000cb88   ti_sysbios_family_arm_lm3_TimestampProvider_useClockTimer__C
0000cb8c   ti_sysbios_family_arm_m3_Hwi_Module__id__C
0000cb90   ti_sysbios_family_arm_m3_Hwi_Module__loggerDefined__C
0000cb94   ti_sysbios_gates_GateMutex_Module__id__C
0000cb98   ti_sysbios_hal_Hwi_Module__id__C
0000cb9c   ti_sysbios_heaps_HeapMem_Module__id__C
0000cba0   ti_sysbios_knl_Clock_Module__id__C
0000cba4   ti_sysbios_knl_Clock_Module__loggerDefined__C
0000cba8   ti_sysbios_knl_Semaphore_Module__id__C
0000cbac   ti_sysbios_knl_Semaphore_Module__loggerDefined__C
0000cbb0   ti_sysbios_knl_Swi_Module__id__C
0000cbb4   ti_sysbios_knl_Swi_Module__loggerDefined__C
0000cbb8   ti_sysbios_knl_Task_Module__id__C
0000cbbc   ti_sysbios_knl_Task_Module__loggerDefined__C
0000cbc0   ti_sysbios_knl_Task_initStackFlag__C
0000cbc4   xdc_runtime_Core_Module__id__C
0000cbc8   xdc_runtime_Error_Module__loggerDefined__C
0000cbcc   xdc_runtime_Error_maxDepth__C
0000cbd0   xdc_runtime_LoggerBuf_Module__id__C
0000cbd4   xdc_runtime_LoggerBuf_filterByLevel__C
0000cbd8   xdc_runtime_Memory_Module__id__C
0000cbdc   xdc_runtime_SysMin_flushAtExit__C
0000cbe0   xdc_runtime_Text_charCnt__C
0000cbe4   xdc_runtime_Text_isLoaded__C
0000cbe8   xdc_runtime_Text_registryModsLastId__C
0000cbec   xdc_runtime_Text_unnamedModsLastId__C
0000cbf0   xdc_runtime_Error_policy__C
0000d1c4   __TI_Handler_Table_Base
0000d1d0   __TI_Handler_Table_Limit
0000d1e0   __TI_CINIT_Base
0000d1f8   __TI_CINIT_Limit
20000000   ti_sysbios_family_arm_m3_Hwi_ramVectors
20000140   ti_sysbios_knl_Task_Instance_State_0_stack__A
20000940   ti_sysbios_knl_Task_Instance_State_1_stack__A
20001140   ti_sysbios_knl_Task_Instance_State_2_stack__A
20001940   ti_sysbios_knl_Task_Instance_State_3_stack__A
20002140   ti_sysbios_knl_Task_Instance_State_4_stack__A
20002940   ti_sysbios_knl_Task_Instance_State_5_stack__A
20009248   g_pucFrame
2000aa48   g_pusADCBuffer
2000ba48   ti_sysbios_heaps_HeapMem_Instance_State_0_buf__A
2000ca48   g_spectrumBuffer
2000cc48   xdc_runtime_LoggerBuf_Instance_State_0_entryArr__A
2000ce48   xdc_runtime_SysMin_Module_State_0_outbuf__A
2000d048   __CIOBUF_
2000d168   g_localBuffer
2000d268   ti_sysbios_knl_Mailbox_Instance_State_0_allocBuf__A
2000d330   g_frequency2
2000d348   ti_sysbios_knl_Task_Instance_State_0_hookEnv__A
2000d34c   ti_sysbios_knl_Task_Instance_State_1_hookEnv__A
2000d350   ti_sysbios_knl_Task_Instance_State_2_hookEnv__A
2000d354   ti_sysbios_knl_Task_Instance_State_3_hookEnv__A
2000d358   ti_sysbios_knl_Task_Instance_State_4_hookEnv__A
2000d35c   ti_sysbios_knl_Task_Instance_State_5_hookEnv__A
2000d360   g_ulButtons
2000d378   cfg
2000d37c   g_triggerState
2000d37e   g_editing
2000d380   g_voltageDiv
2000d382   g_scaleDiv
2000d384   g_waveState
2000d388   g_ulSystemClock
2000d3a0   __stack
2000d5a0   __STACK_TOP
2000f3a0   __STACK_END
2000f3a0   ti_sysbios_knl_Task_Object__table__V
2000f51c   TSK_idle
2000f568   ti_sysbios_BIOS_Module__state__V
2000f588   ti_sysbios_family_arm_lm3_Timer_Module__root__V
2000f590   ti_sysbios_family_arm_lm3_Timer_Module_State_0_device__A
2000f5b0   ti_sysbios_family_arm_lm3_Timer_Module_State_0_handles__A
2000f5c0   ti_sysbios_family_arm_lm3_Timer_Module__state__V
2000f5cc   ti_sysbios_family_arm_lm3_TimestampProvider_Module__state__V
2000f5d4   ti_sysbios_family_arm_m3_Hwi_Module__root__V
2000f5dc   ti_sysbios_family_arm_m3_Hwi_Module_State_0_excActive__A
2000f5e0   ti_sysbios_family_arm_m3_Hwi_Module_State_0_excContext__A
2000f5e4   ti_sysbios_family_arm_m3_Hwi_Module_State_0_excStack__A
2000f5e8   ti_sysbios_gates_GateHwi_Module__root__V
2000f5f0   ti_sysbios_gates_GateHwi_Object__table__V
2000f5f4   ti_sysbios_gates_GateMutex_Module__root__V
2000f5fc   ti_sysbios_hal_Hwi_Module__root__V
2000f604   ti_sysbios_hal_Timer_Module__root__V
2000f60c   ti_sysbios_hal_Timer_Object__table__V
2000f614   ti_sysbios_heaps_HeapMem_Module__root__V
2000f61c   ti_sysbios_heaps_HeapMem_Object__table__V
2000f634   ti_sysbios_knl_Clock_Module__root__V
2000f63c   ti_sysbios_knl_Clock_Object__table__V
2000f65c   ti_sysbios_knl_Event_Module__root__V
2000f664   ti_sysbios_knl_Mailbox_Module__root__V
2000f66c   ti_sysbios_knl_Queue_Module__root__V
2000f674   ti_sysbios_knl_Semaphore_Module__root__V
2000f67c   ti_sysbios_knl_Swi_Module__root__V
2000f684   ti_sysbios_knl_Swi_Module__state__V
2000f6a0   ti_sysbios_knl_Task_Module__root__V
2000f6a8   ti_sysbios_knl_Task_Module_State_0_idleTask__A
2000f6ac   xdc_runtime_Error_Module__state__V
2000f6b0   xdc_runtime_LoggerBuf_Module__root__V
2000f6b8   xdc_runtime_LoggerBuf_Module__state__V
2000f6c0   xdc_runtime_Memory_Module__state__V
2000f6c4   xdc_runtime_Registry_Module__state__V
2000f6cc   xdc_runtime_Startup_Module__state__V
2000f6d4   xdc_runtime_SysMin_Module__state__V
2000f6e0   xdc_runtime_System_Module_State_0_atexitHandlers__A
2000f6f0   xdc_runtime_System_Module__state__V
2000f6fc   xdc_runtime_Text_Module__state__V
2000f704   __xdc__init__addr
2000f708   ti_sysbios_family_arm_m3_Hwi_Module_State_0_dispatchTable__A
2000f8f8   _Denorm
2000f908   _Eps
2000f918   _Hugeval
2000f928   _Inf
2000f938   _Nan
2000f948   _Snan
2000f958   _Rteps
2000f968   _Xbig
2000f970   _Zero
2000f978   ti_sysbios_knl_Swi_Module_State_0_readyQ__A
2000f9f8   ti_sysbios_knl_Task_Module_State_0_readyQ__A
2000fa78   ti_sysbios_knl_Semaphore_Object__table__V
2000faf0   _FDenorm
2000fb00   _FEps
2000fb10   _FInf
2000fb20   _FNan
2000fb30   _FSnan
2000fb40   _FRteps
2000fb50   _FXbig
2000fb54   _FZero
2000fb58   ti_sysbios_family_arm_lm3_Timer_Object__table__V
2000fbb8   ti_sysbios_family_arm_m3_Hwi_Object__table__V
2000fc18   ti_sysbios_family_arm_m3_Hwi_Module__state__V
2000fc6c   ti_sysbios_knl_Mailbox_Object__table__V
2000fcbc   ti_sysbios_knl_Task_Module__state__V
2000fd00   ti_sysbios_gates_GateMutex_Object__table__V
2000fd38   buffer_size
2000fd3c   g_iADCBufferIndex
2000fd40   g_ulADCErrors
2000fd44   g_voltageDivArray
2000fd54   g_timerValues
2000fd64   g_frequencyString
2000fd68   ti_sysbios_knl_Swi_Object__table__V
2000fd98   ti_sysbios_knl_Clock_Module__state__V
2000fdc0   xdc_runtime_LoggerBuf_Object__table__V
2000fde4   _lock
2000fde8   _unlock
2000fdec   _cleanup_ptr
2000fdf0   _dtors_ptr
2000fdf4   _Fenv
2000fdf8   _Tls_setup__Fenv
2000fe00   _Errno
2000fe04   main_func_sp
e000e000   ti_sysbios_family_arm_m3_Hwi_nvic
ffffffff   __binit__
ffffffff   __c_args__
ffffffff   binit
UNDEFED    SHT$$INIT_ARRAY$$Base
UNDEFED    SHT$$INIT_ARRAY$$Limit

[836 symbols]
